Archive member included to satisfy reference by file (symbol)

../lights_bsp/\libhal_bsp.a(alt_load.o)
                              ../lights_bsp//obj/HAL/src/crt0.o (alt_load)
../lights_bsp/\libhal_bsp.a(alt_main.o)
                              ../lights_bsp//obj/HAL/src/crt0.o (alt_main)
../lights_bsp/\libhal_bsp.a(alt_sys_init.o)
                              ../lights_bsp/\libhal_bsp.a(alt_main.o) (alt_irq_init)
../lights_bsp/\libhal_bsp.a(altera_avalon_jtag_uart_fd.o)
                              ../lights_bsp/\libhal_bsp.a(alt_sys_init.o) (altera_avalon_jtag_uart_read_fd)
../lights_bsp/\libhal_bsp.a(altera_avalon_jtag_uart_read.o)
                              ../lights_bsp/\libhal_bsp.a(altera_avalon_jtag_uart_fd.o) (altera_avalon_jtag_uart_read)
../lights_bsp/\libhal_bsp.a(altera_avalon_jtag_uart_write.o)
                              ../lights_bsp/\libhal_bsp.a(altera_avalon_jtag_uart_fd.o) (altera_avalon_jtag_uart_write)
../lights_bsp/\libhal_bsp.a(alt_close.o)
                              ../lights_bsp/\libhal_bsp.a(alt_main.o) (close)
../lights_bsp/\libhal_bsp.a(alt_dcache_flush_all.o)
                              ../lights_bsp/\libhal_bsp.a(alt_load.o) (alt_dcache_flush_all)
../lights_bsp/\libhal_bsp.a(alt_dev.o)
                              ../lights_bsp/\libhal_bsp.a(alt_sys_init.o) (alt_dev_list)
../lights_bsp/\libhal_bsp.a(alt_dev_llist_insert.o)
                              ../lights_bsp/\libhal_bsp.a(alt_sys_init.o) (alt_dev_llist_insert)
../lights_bsp/\libhal_bsp.a(alt_errno.o)
                              ../lights_bsp/\libhal_bsp.a(alt_close.o) (alt_errno)
../lights_bsp/\libhal_bsp.a(alt_icache_flush_all.o)
                              ../lights_bsp/\libhal_bsp.a(alt_load.o) (alt_icache_flush_all)
../lights_bsp/\libhal_bsp.a(alt_io_redirect.o)
                              ../lights_bsp/\libhal_bsp.a(alt_main.o) (alt_io_redirect)
../lights_bsp/\libhal_bsp.a(alt_open.o)
                              ../lights_bsp/\libhal_bsp.a(alt_io_redirect.o) (open)
../lights_bsp/\libhal_bsp.a(alt_release_fd.o)
                              ../lights_bsp/\libhal_bsp.a(alt_close.o) (alt_release_fd)
../lights_bsp/\libhal_bsp.a(altera_nios2_qsys_irq.o)
                              ../lights_bsp/\libhal_bsp.a(alt_sys_init.o) (altera_nios2_qsys_irq_init)
../lights_bsp/\libhal_bsp.a(alt_find_dev.o)
                              ../lights_bsp/\libhal_bsp.a(alt_open.o) (alt_find_dev)
../lights_bsp/\libhal_bsp.a(alt_find_file.o)
                              ../lights_bsp/\libhal_bsp.a(alt_open.o) (alt_find_file)
../lights_bsp/\libhal_bsp.a(alt_get_fd.o)
                              ../lights_bsp/\libhal_bsp.a(alt_open.o) (alt_get_fd)
c:/intelfpga_lite/18.1/nios2eds/bin/gnu/h-x86_64-mingw32/bin/../lib/gcc/nios2-elf/5.3.0/../../../../../H-x86_64-mingw32/nios2-elf/lib/mno-hw-mul\libsmallc.a(lib_a-exit.o)
                              ../lights_bsp/\libhal_bsp.a(alt_main.o) (exit)
c:/intelfpga_lite/18.1/nios2eds/bin/gnu/h-x86_64-mingw32/bin/../lib/gcc/nios2-elf/5.3.0/../../../../../H-x86_64-mingw32/nios2-elf/lib/mno-hw-mul\libsmallc.a(lib_a-int_errno.o)
                              ../lights_bsp/\libhal_bsp.a(alt_close.o) (errno)
c:/intelfpga_lite/18.1/nios2eds/bin/gnu/h-x86_64-mingw32/bin/../lib/gcc/nios2-elf/5.3.0/../../../../../H-x86_64-mingw32/nios2-elf/lib/mno-hw-mul\libsmallc.a(lib_a-memcmp.o)
                              ../lights_bsp/\libhal_bsp.a(alt_find_dev.o) (memcmp)
c:/intelfpga_lite/18.1/nios2eds/bin/gnu/h-x86_64-mingw32/bin/../lib/gcc/nios2-elf/5.3.0/../../../../../H-x86_64-mingw32/nios2-elf/lib/mno-hw-mul\libsmallc.a(lib_a-strlen.o)
                              ../lights_bsp/\libhal_bsp.a(alt_find_dev.o) (strlen)
c:/intelfpga_lite/18.1/nios2eds/bin/gnu/h-x86_64-mingw32/bin/../lib/gcc/nios2-elf/5.3.0/../../../../../H-x86_64-mingw32/nios2-elf/lib/mno-hw-mul\libsmallc.a(lib_a-__call_atexit.o)
                              c:/intelfpga_lite/18.1/nios2eds/bin/gnu/h-x86_64-mingw32/bin/../lib/gcc/nios2-elf/5.3.0/../../../../../H-x86_64-mingw32/nios2-elf/lib/mno-hw-mul\libsmallc.a(lib_a-exit.o) (__call_exitprocs)
c:/intelfpga_lite/18.1/nios2eds/bin/gnu/h-x86_64-mingw32/bin/../lib/gcc/nios2-elf/5.3.0/../../../../../H-x86_64-mingw32/nios2-elf/lib/mno-hw-mul\libsmallc.a(lib_a-impure.o)
                              c:/intelfpga_lite/18.1/nios2eds/bin/gnu/h-x86_64-mingw32/bin/../lib/gcc/nios2-elf/5.3.0/../../../../../H-x86_64-mingw32/nios2-elf/lib/mno-hw-mul\libsmallc.a(lib_a-__call_atexit.o) (_global_impure_ptr)
c:/intelfpga_lite/18.1/nios2eds/bin/gnu/h-x86_64-mingw32/bin/../lib/gcc/nios2-elf/5.3.0/mno-hw-mul\libgcc.a(lib2-mul.o)
                              ../lights_bsp/\libhal_bsp.a(alt_close.o) (__mulsi3)
../lights_bsp/\libhal_bsp.a(alt_exit.o)
                              c:/intelfpga_lite/18.1/nios2eds/bin/gnu/h-x86_64-mingw32/bin/../lib/gcc/nios2-elf/5.3.0/../../../../../H-x86_64-mingw32/nios2-elf/lib/mno-hw-mul\libsmallc.a(lib_a-exit.o) (_exit)

Allocating common symbols
Common symbol       size              file

errno               0x4               c:/intelfpga_lite/18.1/nios2eds/bin/gnu/h-x86_64-mingw32/bin/../lib/gcc/nios2-elf/5.3.0/../../../../../H-x86_64-mingw32/nios2-elf/lib/mno-hw-mul\libsmallc.a(lib_a-int_errno.o)

Memory Configuration

Name             Origin             Length             Attributes
reset            0x0000000000008000 0x0000000000000020
onchip_memory2_0 0x0000000000008020 0x0000000000004fe0
*default*        0x0000000000000000 0xffffffffffffffff

Linker script and memory map

LOAD ../lights_bsp//obj/HAL/src/crt0.o
LOAD obj/default/hello_world.o
LOAD obj/default/lights.o
LOAD c:/intelfpga_lite/18.1/nios2eds/bin/gnu/h-x86_64-mingw32/bin/../lib/gcc/nios2-elf/5.3.0/../../../../../H-x86_64-mingw32/nios2-elf/lib/mno-hw-mul\libstdc++.a
LOAD c:/intelfpga_lite/18.1/nios2eds/bin/gnu/h-x86_64-mingw32/bin/../lib/gcc/nios2-elf/5.3.0/../../../../../H-x86_64-mingw32/nios2-elf/lib/mno-hw-mul\libm.a
LOAD c:/intelfpga_lite/18.1/nios2eds/bin/gnu/h-x86_64-mingw32/bin/../lib/gcc/nios2-elf/5.3.0/mno-hw-mul\libgcc.a
START GROUP
LOAD c:/intelfpga_lite/18.1/nios2eds/bin/gnu/h-x86_64-mingw32/bin/../lib/gcc/nios2-elf/5.3.0/../../../../../H-x86_64-mingw32/nios2-elf/lib/mno-hw-mul\libsmallc.a
LOAD c:/intelfpga_lite/18.1/nios2eds/bin/gnu/h-x86_64-mingw32/bin/../lib/gcc/nios2-elf/5.3.0/mno-hw-mul\libgcc.a
LOAD ../lights_bsp/\libhal_bsp.a
LOAD c:/intelfpga_lite/18.1/nios2eds/bin/gnu/h-x86_64-mingw32/bin/../lib/gcc/nios2-elf/5.3.0/../../../../../H-x86_64-mingw32/nios2-elf/lib/mno-hw-mul\libm.a
END GROUP
LOAD c:/intelfpga_lite/18.1/nios2eds/bin/gnu/h-x86_64-mingw32/bin/../lib/gcc/nios2-elf/5.3.0/mno-hw-mul\libgcc.a
                0x0000000000008000                __alt_mem_onchip_memory2_0 = 0x8000

.entry          0x0000000000008000       0x20
 *(.entry)
 .entry         0x0000000000008000       0x20 ../lights_bsp//obj/HAL/src/crt0.o
                0x0000000000008000                __reset

.exceptions     0x0000000000008020        0x0
                0x0000000000008020                PROVIDE (__ram_exceptions_start, ABSOLUTE (.))
                0x0000000000008020                . = ALIGN (0x20)
 *(.irq)
 *(.exceptions.entry.label)
 *(.exceptions.entry.user)
 *(.exceptions.entry.ecc_fatal)
 *(.exceptions.entry)
 *(.exceptions.irqtest.user)
 *(.exceptions.irqtest)
 *(.exceptions.irqhandler.user)
 *(.exceptions.irqhandler)
 *(.exceptions.irqreturn.user)
 *(.exceptions.irqreturn)
 *(.exceptions.notirq.label)
 *(.exceptions.notirq.user)
 *(.exceptions.notirq)
 *(.exceptions.soft.user)
 *(.exceptions.soft)
 *(.exceptions.unknown.user)
 *(.exceptions.unknown)
 *(.exceptions.exit.label)
 *(.exceptions.exit.user)
 *(.exceptions.exit)
 *(.exceptions)
                0x0000000000008020                PROVIDE (__ram_exceptions_end, ABSOLUTE (.))
                0x0000000000008020                PROVIDE (__flash_exceptions_start, LOADADDR (.exceptions))

.text           0x0000000000008020     0x1048
                [!provide]                        PROVIDE (stext, ABSOLUTE (.))
 *(.interp)
 *(.hash)
 *(.dynsym)
 *(.dynstr)
 *(.gnu.version)
 *(.gnu.version_d)
 *(.gnu.version_r)
 *(.rel.init)
 *(.rela.init)
 *(.rel.text .rel.text.* .rel.gnu.linkonce.t.*)
 *(.rela.text .rela.text.* .rela.gnu.linkonce.t.*)
 *(.rel.fini)
 *(.rela.fini)
 *(.rel.rodata .rel.rodata.* .rel.gnu.linkonce.r.*)
 *(.rela.rodata .rela.rodata.* .rela.gnu.linkonce.r.*)
 *(.rel.data .rel.data.* .rel.gnu.linkonce.d.*)
 *(.rela.data .rela.data.* .rela.gnu.linkonce.d.*)
 *(.rel.tdata .rel.tdata.* .rel.gnu.linkonce.td.*)
 *(.rela.tdata .rela.tdata.* .rela.gnu.linkonce.td.*)
 *(.rel.tbss .rel.tbss.* .rel.gnu.linkonce.tb.*)
 *(.rela.tbss .rela.tbss.* .rela.gnu.linkonce.tb.*)
 *(.rel.ctors)
 *(.rela.ctors)
 *(.rel.dtors)
 *(.rela.dtors)
 *(.rel.got)
 *(.rela.got)
 *(.rel.sdata .rel.sdata.* .rel.gnu.linkonce.s.*)
 *(.rela.sdata .rela.sdata.* .rela.gnu.linkonce.s.*)
 *(.rel.sbss .rel.sbss.* .rel.gnu.linkonce.sb.*)
 *(.rela.sbss .rela.sbss.* .rela.gnu.linkonce.sb.*)
 *(.rel.sdata2 .rel.sdata2.* .rel.gnu.linkonce.s2.*)
 *(.rela.sdata2 .rela.sdata2.* .rela.gnu.linkonce.s2.*)
 *(.rel.sbss2 .rel.sbss2.* .rel.gnu.linkonce.sb2.*)
 *(.rela.sbss2 .rela.sbss2.* .rela.gnu.linkonce.sb2.*)
 *(.rel.bss .rel.bss.* .rel.gnu.linkonce.b.*)
 *(.rela.bss .rela.bss.* .rela.gnu.linkonce.b.*)
 *(.rel.plt)
 *(.rela.plt)
 *(.rel.dyn)
 *(.init)
 *(.plt)
 *(.text .stub .text.* .gnu.linkonce.t.*)
 .text          0x0000000000008020       0x3c ../lights_bsp//obj/HAL/src/crt0.o
                0x0000000000008020                _start
 .text          0x000000000000805c        0x0 obj/default/hello_world.o
 .text          0x000000000000805c       0x34 obj/default/lights.o
                0x000000000000805c                main
 .text          0x0000000000008090       0xec ../lights_bsp/\libhal_bsp.a(alt_load.o)
                0x00000000000080f8                alt_load
 .text          0x000000000000817c       0x6c ../lights_bsp/\libhal_bsp.a(alt_main.o)
                0x000000000000817c                alt_main
 .text          0x00000000000081e8       0xa0 ../lights_bsp/\libhal_bsp.a(alt_sys_init.o)
                0x000000000000821c                alt_irq_init
                0x0000000000008254                alt_sys_init
 .text          0x0000000000008288       0xc0 ../lights_bsp/\libhal_bsp.a(altera_avalon_jtag_uart_fd.o)
                0x0000000000008288                altera_avalon_jtag_uart_read_fd
                0x00000000000082e8                altera_avalon_jtag_uart_write_fd
 .text          0x0000000000008348       0xec ../lights_bsp/\libhal_bsp.a(altera_avalon_jtag_uart_read.o)
                0x0000000000008348                altera_avalon_jtag_uart_read
 .text          0x0000000000008434       0x94 ../lights_bsp/\libhal_bsp.a(altera_avalon_jtag_uart_write.o)
                0x0000000000008434                altera_avalon_jtag_uart_write
 .text          0x00000000000084c8      0x114 ../lights_bsp/\libhal_bsp.a(alt_close.o)
                0x0000000000008504                close
 .text          0x00000000000085dc       0x20 ../lights_bsp/\libhal_bsp.a(alt_dcache_flush_all.o)
                0x00000000000085dc                alt_dcache_flush_all
 .text          0x00000000000085fc       0x2c ../lights_bsp/\libhal_bsp.a(alt_dev.o)
 .text          0x0000000000008628       0xe0 ../lights_bsp/\libhal_bsp.a(alt_dev_llist_insert.o)
                0x0000000000008664                alt_dev_llist_insert
 .text          0x0000000000008708        0x0 ../lights_bsp/\libhal_bsp.a(alt_errno.o)
 .text          0x0000000000008708       0x20 ../lights_bsp/\libhal_bsp.a(alt_icache_flush_all.o)
                0x0000000000008708                alt_icache_flush_all
 .text          0x0000000000008728      0x160 ../lights_bsp/\libhal_bsp.a(alt_io_redirect.o)
                0x000000000000880c                alt_io_redirect
 .text          0x0000000000008888      0x284 ../lights_bsp/\libhal_bsp.a(alt_open.o)
                0x00000000000089b0                open
 .text          0x0000000000008b0c       0x84 ../lights_bsp/\libhal_bsp.a(alt_release_fd.o)
                0x0000000000008b0c                alt_release_fd
 .text          0x0000000000008b90       0x24 ../lights_bsp/\libhal_bsp.a(altera_nios2_qsys_irq.o)
                0x0000000000008b90                altera_nios2_qsys_irq_init
 .text          0x0000000000008bb4       0x90 ../lights_bsp/\libhal_bsp.a(alt_find_dev.o)
                0x0000000000008bb4                alt_find_dev
 .text          0x0000000000008c44      0x108 ../lights_bsp/\libhal_bsp.a(alt_find_file.o)
                0x0000000000008c44                alt_find_file
 .text          0x0000000000008d4c       0xc4 ../lights_bsp/\libhal_bsp.a(alt_get_fd.o)
                0x0000000000008d4c                alt_get_fd
 .text          0x0000000000008e10        0x0 c:/intelfpga_lite/18.1/nios2eds/bin/gnu/h-x86_64-mingw32/bin/../lib/gcc/nios2-elf/5.3.0/../../../../../H-x86_64-mingw32/nios2-elf/lib/mno-hw-mul\libsmallc.a(lib_a-exit.o)
 .text.exit     0x0000000000008e10       0x20 c:/intelfpga_lite/18.1/nios2eds/bin/gnu/h-x86_64-mingw32/bin/../lib/gcc/nios2-elf/5.3.0/../../../../../H-x86_64-mingw32/nios2-elf/lib/mno-hw-mul\libsmallc.a(lib_a-exit.o)
                0x0000000000008e10                exit
 .text          0x0000000000008e30        0x0 c:/intelfpga_lite/18.1/nios2eds/bin/gnu/h-x86_64-mingw32/bin/../lib/gcc/nios2-elf/5.3.0/../../../../../H-x86_64-mingw32/nios2-elf/lib/mno-hw-mul\libsmallc.a(lib_a-int_errno.o)
 .text          0x0000000000008e30        0x0 c:/intelfpga_lite/18.1/nios2eds/bin/gnu/h-x86_64-mingw32/bin/../lib/gcc/nios2-elf/5.3.0/../../../../../H-x86_64-mingw32/nios2-elf/lib/mno-hw-mul\libsmallc.a(lib_a-memcmp.o)
 .text.memcmp   0x0000000000008e30       0x30 c:/intelfpga_lite/18.1/nios2eds/bin/gnu/h-x86_64-mingw32/bin/../lib/gcc/nios2-elf/5.3.0/../../../../../H-x86_64-mingw32/nios2-elf/lib/mno-hw-mul\libsmallc.a(lib_a-memcmp.o)
                0x0000000000008e30                memcmp
 .text          0x0000000000008e60        0x0 c:/intelfpga_lite/18.1/nios2eds/bin/gnu/h-x86_64-mingw32/bin/../lib/gcc/nios2-elf/5.3.0/../../../../../H-x86_64-mingw32/nios2-elf/lib/mno-hw-mul\libsmallc.a(lib_a-strlen.o)
 .text.strlen   0x0000000000008e60       0x1c c:/intelfpga_lite/18.1/nios2eds/bin/gnu/h-x86_64-mingw32/bin/../lib/gcc/nios2-elf/5.3.0/../../../../../H-x86_64-mingw32/nios2-elf/lib/mno-hw-mul\libsmallc.a(lib_a-strlen.o)
                0x0000000000008e60                strlen
 .text          0x0000000000008e7c        0x0 c:/intelfpga_lite/18.1/nios2eds/bin/gnu/h-x86_64-mingw32/bin/../lib/gcc/nios2-elf/5.3.0/../../../../../H-x86_64-mingw32/nios2-elf/lib/mno-hw-mul\libsmallc.a(lib_a-__call_atexit.o)
 .text.__call_exitprocs
                0x0000000000008e7c      0x190 c:/intelfpga_lite/18.1/nios2eds/bin/gnu/h-x86_64-mingw32/bin/../lib/gcc/nios2-elf/5.3.0/../../../../../H-x86_64-mingw32/nios2-elf/lib/mno-hw-mul\libsmallc.a(lib_a-__call_atexit.o)
                0x0000000000008e7c                __call_exitprocs
 .text          0x000000000000900c        0x0 c:/intelfpga_lite/18.1/nios2eds/bin/gnu/h-x86_64-mingw32/bin/../lib/gcc/nios2-elf/5.3.0/../../../../../H-x86_64-mingw32/nios2-elf/lib/mno-hw-mul\libsmallc.a(lib_a-impure.o)
 .text          0x000000000000900c       0x28 c:/intelfpga_lite/18.1/nios2eds/bin/gnu/h-x86_64-mingw32/bin/../lib/gcc/nios2-elf/5.3.0/mno-hw-mul\libgcc.a(lib2-mul.o)
                0x000000000000900c                __mulsi3
 .text          0x0000000000009034       0x34 ../lights_bsp/\libhal_bsp.a(alt_exit.o)
                0x0000000000009034                _exit
 *(.gnu.warning.*)
 *(.fini)
                [!provide]                        PROVIDE (__etext, ABSOLUTE (.))
                [!provide]                        PROVIDE (_etext, ABSOLUTE (.))
                [!provide]                        PROVIDE (etext, ABSOLUTE (.))
 *(.eh_frame_hdr)
                0x0000000000009068                . = ALIGN (0x4)
                [!provide]                        PROVIDE (__preinit_array_start, ABSOLUTE (.))
 *(.preinit_array)
                [!provide]                        PROVIDE (__preinit_array_end, ABSOLUTE (.))
                [!provide]                        PROVIDE (__init_array_start, ABSOLUTE (.))
 *(.init_array)
                [!provide]                        PROVIDE (__init_array_end, ABSOLUTE (.))
                [!provide]                        PROVIDE (__fini_array_start, ABSOLUTE (.))
 *(.fini_array)
                [!provide]                        PROVIDE (__fini_array_end, ABSOLUTE (.))
 *(.eh_frame)
 *(.gcc_except_table .gcc_except_table.*)
 *(.dynamic)
                [!provide]                        PROVIDE (__CTOR_LIST__, ABSOLUTE (.))
 *(.ctors)
 *(SORT(.ctors.*))
                [!provide]                        PROVIDE (__CTOR_END__, ABSOLUTE (.))
                [!provide]                        PROVIDE (__DTOR_LIST__, ABSOLUTE (.))
 *(.dtors)
 *(SORT(.dtors.*))
                [!provide]                        PROVIDE (__DTOR_END__, ABSOLUTE (.))
 *(.jcr)
                0x0000000000009068                . = ALIGN (0x4)

.rodata         0x0000000000009068       0x34
                0x0000000000009068                PROVIDE (__ram_rodata_start, ABSOLUTE (.))
                0x0000000000009068                . = ALIGN (0x4)
 *(.rodata .rodata.* .gnu.linkonce.r.*)
 .rodata        0x0000000000009068       0x11 ../lights_bsp/\libhal_bsp.a(alt_main.o)
 *fill*         0x0000000000009079        0x3 
 .rodata        0x000000000000907c       0x11 ../lights_bsp/\libhal_bsp.a(alt_sys_init.o)
 *fill*         0x000000000000908d        0x3 
 .rodata        0x0000000000009090        0xa ../lights_bsp/\libhal_bsp.a(alt_dev.o)
 *(.rodata1)
                0x000000000000909c                . = ALIGN (0x4)
 *fill*         0x000000000000909a        0x2 
                0x000000000000909c                PROVIDE (__ram_rodata_end, ABSOLUTE (.))
                0x0000000000009068                PROVIDE (__flash_rodata_start, LOADADDR (.rodata))

.rwdata         0x000000000000909c      0x2d4 load address 0x0000000000009370
                0x000000000000909c                PROVIDE (__ram_rwdata_start, ABSOLUTE (.))
                0x000000000000909c                . = ALIGN (0x4)
 *(.got.plt)
 *(.got)
 *(.data1)
 *(.data .data.* .gnu.linkonce.d.*)
 .data          0x000000000000909c        0x0 ../lights_bsp//obj/HAL/src/crt0.o
 .data          0x000000000000909c        0x0 obj/default/hello_world.o
 .data          0x000000000000909c        0x0 obj/default/lights.o
 .data          0x000000000000909c        0x0 ../lights_bsp/\libhal_bsp.a(alt_load.o)
 .data          0x000000000000909c        0x0 ../lights_bsp/\libhal_bsp.a(alt_main.o)
 .data          0x000000000000909c       0x2c ../lights_bsp/\libhal_bsp.a(alt_sys_init.o)
 .data          0x00000000000090c8        0x0 ../lights_bsp/\libhal_bsp.a(altera_avalon_jtag_uart_fd.o)
 .data          0x00000000000090c8        0x0 ../lights_bsp/\libhal_bsp.a(altera_avalon_jtag_uart_read.o)
 .data          0x00000000000090c8        0x0 ../lights_bsp/\libhal_bsp.a(altera_avalon_jtag_uart_write.o)
 .data          0x00000000000090c8        0x0 ../lights_bsp/\libhal_bsp.a(alt_close.o)
 .data          0x00000000000090c8        0x0 ../lights_bsp/\libhal_bsp.a(alt_dcache_flush_all.o)
 .data          0x00000000000090c8      0x1a8 ../lights_bsp/\libhal_bsp.a(alt_dev.o)
                0x00000000000090c8                alt_dev_null
                0x00000000000090f0                alt_fd_list
 .data          0x0000000000009270        0x0 ../lights_bsp/\libhal_bsp.a(alt_dev_llist_insert.o)
 .data          0x0000000000009270        0x0 ../lights_bsp/\libhal_bsp.a(alt_errno.o)
 .data          0x0000000000009270        0x0 ../lights_bsp/\libhal_bsp.a(alt_icache_flush_all.o)
 .data          0x0000000000009270        0x0 ../lights_bsp/\libhal_bsp.a(alt_io_redirect.o)
 .data          0x0000000000009270        0x0 ../lights_bsp/\libhal_bsp.a(alt_open.o)
 .data          0x0000000000009270        0x0 ../lights_bsp/\libhal_bsp.a(alt_release_fd.o)
 .data          0x0000000000009270        0x0 ../lights_bsp/\libhal_bsp.a(altera_nios2_qsys_irq.o)
 .data          0x0000000000009270        0x0 ../lights_bsp/\libhal_bsp.a(alt_find_dev.o)
 .data          0x0000000000009270        0x0 ../lights_bsp/\libhal_bsp.a(alt_find_file.o)
 .data          0x0000000000009270        0x0 ../lights_bsp/\libhal_bsp.a(alt_get_fd.o)
 .data          0x0000000000009270        0x0 c:/intelfpga_lite/18.1/nios2eds/bin/gnu/h-x86_64-mingw32/bin/../lib/gcc/nios2-elf/5.3.0/../../../../../H-x86_64-mingw32/nios2-elf/lib/mno-hw-mul\libsmallc.a(lib_a-exit.o)
 .data          0x0000000000009270        0x0 c:/intelfpga_lite/18.1/nios2eds/bin/gnu/h-x86_64-mingw32/bin/../lib/gcc/nios2-elf/5.3.0/../../../../../H-x86_64-mingw32/nios2-elf/lib/mno-hw-mul\libsmallc.a(lib_a-int_errno.o)
 .data          0x0000000000009270        0x0 c:/intelfpga_lite/18.1/nios2eds/bin/gnu/h-x86_64-mingw32/bin/../lib/gcc/nios2-elf/5.3.0/../../../../../H-x86_64-mingw32/nios2-elf/lib/mno-hw-mul\libsmallc.a(lib_a-memcmp.o)
 .data          0x0000000000009270        0x0 c:/intelfpga_lite/18.1/nios2eds/bin/gnu/h-x86_64-mingw32/bin/../lib/gcc/nios2-elf/5.3.0/../../../../../H-x86_64-mingw32/nios2-elf/lib/mno-hw-mul\libsmallc.a(lib_a-strlen.o)
 .data          0x0000000000009270        0x0 c:/intelfpga_lite/18.1/nios2eds/bin/gnu/h-x86_64-mingw32/bin/../lib/gcc/nios2-elf/5.3.0/../../../../../H-x86_64-mingw32/nios2-elf/lib/mno-hw-mul\libsmallc.a(lib_a-__call_atexit.o)
 .data          0x0000000000009270        0x0 c:/intelfpga_lite/18.1/nios2eds/bin/gnu/h-x86_64-mingw32/bin/../lib/gcc/nios2-elf/5.3.0/../../../../../H-x86_64-mingw32/nios2-elf/lib/mno-hw-mul\libsmallc.a(lib_a-impure.o)
 .data.impure_data
                0x0000000000009270       0xe0 c:/intelfpga_lite/18.1/nios2eds/bin/gnu/h-x86_64-mingw32/bin/../lib/gcc/nios2-elf/5.3.0/../../../../../H-x86_64-mingw32/nios2-elf/lib/mno-hw-mul\libsmallc.a(lib_a-impure.o)
 .data          0x0000000000009350        0x0 c:/intelfpga_lite/18.1/nios2eds/bin/gnu/h-x86_64-mingw32/bin/../lib/gcc/nios2-elf/5.3.0/mno-hw-mul\libgcc.a(lib2-mul.o)
 .data          0x0000000000009350        0x0 ../lights_bsp/\libhal_bsp.a(alt_exit.o)
                0x0000000000011350                _gp = ABSOLUTE ((. + 0x8000))
                [!provide]                        PROVIDE (gp, _gp)
 *(.rwdata .rwdata.*)
 *(.sdata .sdata.* .gnu.linkonce.s.*)
 .sdata         0x0000000000009350       0x14 ../lights_bsp/\libhal_bsp.a(alt_dev.o)
                0x0000000000009350                alt_fs_list
                0x0000000000009358                alt_dev_list
                0x0000000000009360                alt_max_fd
 .sdata         0x0000000000009364        0x4 ../lights_bsp/\libhal_bsp.a(alt_errno.o)
                0x0000000000009364                alt_errno
 .sdata._global_impure_ptr
                0x0000000000009368        0x4 c:/intelfpga_lite/18.1/nios2eds/bin/gnu/h-x86_64-mingw32/bin/../lib/gcc/nios2-elf/5.3.0/../../../../../H-x86_64-mingw32/nios2-elf/lib/mno-hw-mul\libsmallc.a(lib_a-impure.o)
                0x0000000000009368                _global_impure_ptr
 .sdata._impure_ptr
                0x000000000000936c        0x4 c:/intelfpga_lite/18.1/nios2eds/bin/gnu/h-x86_64-mingw32/bin/../lib/gcc/nios2-elf/5.3.0/../../../../../H-x86_64-mingw32/nios2-elf/lib/mno-hw-mul\libsmallc.a(lib_a-impure.o)
                0x000000000000936c                _impure_ptr
 *(.sdata2 .sdata2.* .gnu.linkonce.s2.*)
                0x0000000000009370                . = ALIGN (0x4)
                0x0000000000009370                _edata = ABSOLUTE (.)
                [!provide]                        PROVIDE (edata, ABSOLUTE (.))
                0x0000000000009370                PROVIDE (__ram_rwdata_end, ABSOLUTE (.))
                0x0000000000009370                PROVIDE (__flash_rwdata_start, LOADADDR (.rwdata))

.bss            0x0000000000009644       0x10
                0x0000000000009644                __bss_start = ABSOLUTE (.)
                [!provide]                        PROVIDE (__sbss_start, ABSOLUTE (.))
                [!provide]                        PROVIDE (___sbss_start, ABSOLUTE (.))
 *(.dynsbss)
 *(.sbss .sbss.* .gnu.linkonce.sb.*)
 .sbss          0x0000000000009644        0xc ../lights_bsp/\libhal_bsp.a(alt_main.o)
                0x0000000000009644                alt_argc
                0x0000000000009648                alt_argv
                0x000000000000964c                alt_envp
 .sbss          0x0000000000009650        0x4 c:/intelfpga_lite/18.1/nios2eds/bin/gnu/h-x86_64-mingw32/bin/../lib/gcc/nios2-elf/5.3.0/../../../../../H-x86_64-mingw32/nios2-elf/lib/mno-hw-mul\libsmallc.a(lib_a-int_errno.o)
                0x0000000000009650                errno
 *(.sbss2 .sbss2.* .gnu.linkonce.sb2.*)
 *(.scommon)
                [!provide]                        PROVIDE (__sbss_end, ABSOLUTE (.))
                [!provide]                        PROVIDE (___sbss_end, ABSOLUTE (.))
 *(.dynbss)
 *(.bss .bss.* .gnu.linkonce.b.*)
 .bss           0x0000000000009654        0x0 ../lights_bsp//obj/HAL/src/crt0.o
 .bss           0x0000000000009654        0x0 obj/default/hello_world.o
 .bss           0x0000000000009654        0x0 obj/default/lights.o
 .bss           0x0000000000009654        0x0 ../lights_bsp/\libhal_bsp.a(alt_load.o)
 .bss           0x0000000000009654        0x0 ../lights_bsp/\libhal_bsp.a(alt_main.o)
 .bss           0x0000000000009654        0x0 ../lights_bsp/\libhal_bsp.a(alt_sys_init.o)
 .bss           0x0000000000009654        0x0 ../lights_bsp/\libhal_bsp.a(altera_avalon_jtag_uart_fd.o)
 .bss           0x0000000000009654        0x0 ../lights_bsp/\libhal_bsp.a(altera_avalon_jtag_uart_read.o)
 .bss           0x0000000000009654        0x0 ../lights_bsp/\libhal_bsp.a(altera_avalon_jtag_uart_write.o)
 .bss           0x0000000000009654        0x0 ../lights_bsp/\libhal_bsp.a(alt_close.o)
 .bss           0x0000000000009654        0x0 ../lights_bsp/\libhal_bsp.a(alt_dcache_flush_all.o)
 .bss           0x0000000000009654        0x0 ../lights_bsp/\libhal_bsp.a(alt_dev.o)
 .bss           0x0000000000009654        0x0 ../lights_bsp/\libhal_bsp.a(alt_dev_llist_insert.o)
 .bss           0x0000000000009654        0x0 ../lights_bsp/\libhal_bsp.a(alt_errno.o)
 .bss           0x0000000000009654        0x0 ../lights_bsp/\libhal_bsp.a(alt_icache_flush_all.o)
 .bss           0x0000000000009654        0x0 ../lights_bsp/\libhal_bsp.a(alt_io_redirect.o)
 .bss           0x0000000000009654        0x0 ../lights_bsp/\libhal_bsp.a(alt_open.o)
 .bss           0x0000000000009654        0x0 ../lights_bsp/\libhal_bsp.a(alt_release_fd.o)
 .bss           0x0000000000009654        0x0 ../lights_bsp/\libhal_bsp.a(altera_nios2_qsys_irq.o)
 .bss           0x0000000000009654        0x0 ../lights_bsp/\libhal_bsp.a(alt_find_dev.o)
 .bss           0x0000000000009654        0x0 ../lights_bsp/\libhal_bsp.a(alt_find_file.o)
 .bss           0x0000000000009654        0x0 ../lights_bsp/\libhal_bsp.a(alt_get_fd.o)
 .bss           0x0000000000009654        0x0 c:/intelfpga_lite/18.1/nios2eds/bin/gnu/h-x86_64-mingw32/bin/../lib/gcc/nios2-elf/5.3.0/../../../../../H-x86_64-mingw32/nios2-elf/lib/mno-hw-mul\libsmallc.a(lib_a-exit.o)
 .bss           0x0000000000009654        0x0 c:/intelfpga_lite/18.1/nios2eds/bin/gnu/h-x86_64-mingw32/bin/../lib/gcc/nios2-elf/5.3.0/../../../../../H-x86_64-mingw32/nios2-elf/lib/mno-hw-mul\libsmallc.a(lib_a-int_errno.o)
 .bss           0x0000000000009654        0x0 c:/intelfpga_lite/18.1/nios2eds/bin/gnu/h-x86_64-mingw32/bin/../lib/gcc/nios2-elf/5.3.0/../../../../../H-x86_64-mingw32/nios2-elf/lib/mno-hw-mul\libsmallc.a(lib_a-memcmp.o)
 .bss           0x0000000000009654        0x0 c:/intelfpga_lite/18.1/nios2eds/bin/gnu/h-x86_64-mingw32/bin/../lib/gcc/nios2-elf/5.3.0/../../../../../H-x86_64-mingw32/nios2-elf/lib/mno-hw-mul\libsmallc.a(lib_a-strlen.o)
 .bss           0x0000000000009654        0x0 c:/intelfpga_lite/18.1/nios2eds/bin/gnu/h-x86_64-mingw32/bin/../lib/gcc/nios2-elf/5.3.0/../../../../../H-x86_64-mingw32/nios2-elf/lib/mno-hw-mul\libsmallc.a(lib_a-__call_atexit.o)
 .bss           0x0000000000009654        0x0 c:/intelfpga_lite/18.1/nios2eds/bin/gnu/h-x86_64-mingw32/bin/../lib/gcc/nios2-elf/5.3.0/../../../../../H-x86_64-mingw32/nios2-elf/lib/mno-hw-mul\libsmallc.a(lib_a-impure.o)
 .bss           0x0000000000009654        0x0 c:/intelfpga_lite/18.1/nios2eds/bin/gnu/h-x86_64-mingw32/bin/../lib/gcc/nios2-elf/5.3.0/mno-hw-mul\libgcc.a(lib2-mul.o)
 .bss           0x0000000000009654        0x0 ../lights_bsp/\libhal_bsp.a(alt_exit.o)
 *(COMMON)
                0x0000000000009654                . = ALIGN (0x4)
                0x0000000000009654                __bss_end = ABSOLUTE (.)

.onchip_memory2_0
                0x0000000000009654        0x0
                [!provide]                        PROVIDE (_alt_partition_onchip_memory2_0_start, ABSOLUTE (.))
 *(.onchip_memory2_0 .onchip_memory2_0. onchip_memory2_0.*)
                0x0000000000009654                . = ALIGN (0x4)
                [!provide]                        PROVIDE (_alt_partition_onchip_memory2_0_end, ABSOLUTE (.))
                0x0000000000009654                _end = ABSOLUTE (.)
                0x0000000000009654                end = ABSOLUTE (.)
                0x0000000000009654                __alt_stack_base = ABSOLUTE (.)
                [!provide]                        PROVIDE (_alt_partition_onchip_memory2_0_load_addr, LOADADDR (.onchip_memory2_0))

.stab
 *(.stab)

.stabstr
 *(.stabstr)

.stab.excl
 *(.stab.excl)

.stab.exclstr
 *(.stab.exclstr)

.stab.index
 *(.stab.index)

.stab.indexstr
 *(.stab.indexstr)

.comment        0x0000000000000000       0x23
 *(.comment)
 .comment       0x0000000000000000       0x23 obj/default/hello_world.o
                                         0x24 (size before relaxing)
 .comment       0x0000000000000023       0x24 obj/default/lights.o
 .comment       0x0000000000000023       0x24 ../lights_bsp/\libhal_bsp.a(alt_load.o)
 .comment       0x0000000000000023       0x24 ../lights_bsp/\libhal_bsp.a(alt_main.o)
 .comment       0x0000000000000023       0x24 ../lights_bsp/\libhal_bsp.a(alt_sys_init.o)
 .comment       0x0000000000000023       0x24 ../lights_bsp/\libhal_bsp.a(altera_avalon_jtag_uart_fd.o)
 .comment       0x0000000000000023       0x24 ../lights_bsp/\libhal_bsp.a(altera_avalon_jtag_uart_read.o)
 .comment       0x0000000000000023       0x24 ../lights_bsp/\libhal_bsp.a(altera_avalon_jtag_uart_write.o)
 .comment       0x0000000000000023       0x24 ../lights_bsp/\libhal_bsp.a(alt_close.o)
 .comment       0x0000000000000023       0x24 ../lights_bsp/\libhal_bsp.a(alt_dcache_flush_all.o)
 .comment       0x0000000000000023       0x24 ../lights_bsp/\libhal_bsp.a(alt_dev.o)
 .comment       0x0000000000000023       0x24 ../lights_bsp/\libhal_bsp.a(alt_dev_llist_insert.o)
 .comment       0x0000000000000023       0x24 ../lights_bsp/\libhal_bsp.a(alt_errno.o)
 .comment       0x0000000000000023       0x24 ../lights_bsp/\libhal_bsp.a(alt_icache_flush_all.o)
 .comment       0x0000000000000023       0x24 ../lights_bsp/\libhal_bsp.a(alt_io_redirect.o)
 .comment       0x0000000000000023       0x24 ../lights_bsp/\libhal_bsp.a(alt_open.o)
 .comment       0x0000000000000023       0x24 ../lights_bsp/\libhal_bsp.a(alt_release_fd.o)
 .comment       0x0000000000000023       0x24 ../lights_bsp/\libhal_bsp.a(altera_nios2_qsys_irq.o)
 .comment       0x0000000000000023       0x24 ../lights_bsp/\libhal_bsp.a(alt_find_dev.o)
 .comment       0x0000000000000023       0x24 ../lights_bsp/\libhal_bsp.a(alt_find_file.o)
 .comment       0x0000000000000023       0x24 ../lights_bsp/\libhal_bsp.a(alt_get_fd.o)
 .comment       0x0000000000000023       0x24 c:/intelfpga_lite/18.1/nios2eds/bin/gnu/h-x86_64-mingw32/bin/../lib/gcc/nios2-elf/5.3.0/../../../../../H-x86_64-mingw32/nios2-elf/lib/mno-hw-mul\libsmallc.a(lib_a-exit.o)
 .comment       0x0000000000000023       0x24 c:/intelfpga_lite/18.1/nios2eds/bin/gnu/h-x86_64-mingw32/bin/../lib/gcc/nios2-elf/5.3.0/../../../../../H-x86_64-mingw32/nios2-elf/lib/mno-hw-mul\libsmallc.a(lib_a-int_errno.o)
 .comment       0x0000000000000023       0x24 c:/intelfpga_lite/18.1/nios2eds/bin/gnu/h-x86_64-mingw32/bin/../lib/gcc/nios2-elf/5.3.0/../../../../../H-x86_64-mingw32/nios2-elf/lib/mno-hw-mul\libsmallc.a(lib_a-memcmp.o)
 .comment       0x0000000000000023       0x24 c:/intelfpga_lite/18.1/nios2eds/bin/gnu/h-x86_64-mingw32/bin/../lib/gcc/nios2-elf/5.3.0/../../../../../H-x86_64-mingw32/nios2-elf/lib/mno-hw-mul\libsmallc.a(lib_a-strlen.o)
 .comment       0x0000000000000023       0x24 c:/intelfpga_lite/18.1/nios2eds/bin/gnu/h-x86_64-mingw32/bin/../lib/gcc/nios2-elf/5.3.0/../../../../../H-x86_64-mingw32/nios2-elf/lib/mno-hw-mul\libsmallc.a(lib_a-__call_atexit.o)
 .comment       0x0000000000000023       0x24 c:/intelfpga_lite/18.1/nios2eds/bin/gnu/h-x86_64-mingw32/bin/../lib/gcc/nios2-elf/5.3.0/../../../../../H-x86_64-mingw32/nios2-elf/lib/mno-hw-mul\libsmallc.a(lib_a-impure.o)
 .comment       0x0000000000000023       0x24 c:/intelfpga_lite/18.1/nios2eds/bin/gnu/h-x86_64-mingw32/bin/../lib/gcc/nios2-elf/5.3.0/mno-hw-mul\libgcc.a(lib2-mul.o)
 .comment       0x0000000000000023       0x24 ../lights_bsp/\libhal_bsp.a(alt_exit.o)

.debug
 *(.debug)

.line
 *(.line)

.debug_srcinfo
 *(.debug_srcinfo)

.debug_sfnames
 *(.debug_sfnames)

.debug_aranges  0x0000000000000000      0x3a8
 *(.debug_aranges)
 .debug_aranges
                0x0000000000000000       0x28 ../lights_bsp//obj/HAL/src/crt0.o
 .debug_aranges
                0x0000000000000028       0x18 obj/default/hello_world.o
 .debug_aranges
                0x0000000000000040       0x20 obj/default/lights.o
 .debug_aranges
                0x0000000000000060       0x20 ../lights_bsp/\libhal_bsp.a(alt_load.o)
 .debug_aranges
                0x0000000000000080       0x20 ../lights_bsp/\libhal_bsp.a(alt_main.o)
 .debug_aranges
                0x00000000000000a0       0x20 ../lights_bsp/\libhal_bsp.a(alt_sys_init.o)
 .debug_aranges
                0x00000000000000c0       0x20 ../lights_bsp/\libhal_bsp.a(altera_avalon_jtag_uart_fd.o)
 .debug_aranges
                0x00000000000000e0       0x20 ../lights_bsp/\libhal_bsp.a(altera_avalon_jtag_uart_read.o)
 .debug_aranges
                0x0000000000000100       0x20 ../lights_bsp/\libhal_bsp.a(altera_avalon_jtag_uart_write.o)
 .debug_aranges
                0x0000000000000120       0x20 ../lights_bsp/\libhal_bsp.a(alt_close.o)
 .debug_aranges
                0x0000000000000140       0x20 ../lights_bsp/\libhal_bsp.a(alt_dcache_flush_all.o)
 .debug_aranges
                0x0000000000000160       0x20 ../lights_bsp/\libhal_bsp.a(alt_dev.o)
 .debug_aranges
                0x0000000000000180       0x20 ../lights_bsp/\libhal_bsp.a(alt_dev_llist_insert.o)
 .debug_aranges
                0x00000000000001a0       0x18 ../lights_bsp/\libhal_bsp.a(alt_errno.o)
 .debug_aranges
                0x00000000000001b8       0x20 ../lights_bsp/\libhal_bsp.a(alt_icache_flush_all.o)
 .debug_aranges
                0x00000000000001d8       0x20 ../lights_bsp/\libhal_bsp.a(alt_io_redirect.o)
 .debug_aranges
                0x00000000000001f8       0x20 ../lights_bsp/\libhal_bsp.a(alt_open.o)
 .debug_aranges
                0x0000000000000218       0x20 ../lights_bsp/\libhal_bsp.a(alt_release_fd.o)
 .debug_aranges
                0x0000000000000238       0x20 ../lights_bsp/\libhal_bsp.a(altera_nios2_qsys_irq.o)
 .debug_aranges
                0x0000000000000258       0x20 ../lights_bsp/\libhal_bsp.a(alt_find_dev.o)
 .debug_aranges
                0x0000000000000278       0x20 ../lights_bsp/\libhal_bsp.a(alt_find_file.o)
 .debug_aranges
                0x0000000000000298       0x20 ../lights_bsp/\libhal_bsp.a(alt_get_fd.o)
 .debug_aranges
                0x00000000000002b8       0x20 c:/intelfpga_lite/18.1/nios2eds/bin/gnu/h-x86_64-mingw32/bin/../lib/gcc/nios2-elf/5.3.0/../../../../../H-x86_64-mingw32/nios2-elf/lib/mno-hw-mul\libsmallc.a(lib_a-exit.o)
 .debug_aranges
                0x00000000000002d8       0x18 c:/intelfpga_lite/18.1/nios2eds/bin/gnu/h-x86_64-mingw32/bin/../lib/gcc/nios2-elf/5.3.0/../../../../../H-x86_64-mingw32/nios2-elf/lib/mno-hw-mul\libsmallc.a(lib_a-int_errno.o)
 .debug_aranges
                0x00000000000002f0       0x20 c:/intelfpga_lite/18.1/nios2eds/bin/gnu/h-x86_64-mingw32/bin/../lib/gcc/nios2-elf/5.3.0/../../../../../H-x86_64-mingw32/nios2-elf/lib/mno-hw-mul\libsmallc.a(lib_a-memcmp.o)
 .debug_aranges
                0x0000000000000310       0x20 c:/intelfpga_lite/18.1/nios2eds/bin/gnu/h-x86_64-mingw32/bin/../lib/gcc/nios2-elf/5.3.0/../../../../../H-x86_64-mingw32/nios2-elf/lib/mno-hw-mul\libsmallc.a(lib_a-strlen.o)
 .debug_aranges
                0x0000000000000330       0x20 c:/intelfpga_lite/18.1/nios2eds/bin/gnu/h-x86_64-mingw32/bin/../lib/gcc/nios2-elf/5.3.0/../../../../../H-x86_64-mingw32/nios2-elf/lib/mno-hw-mul\libsmallc.a(lib_a-__call_atexit.o)
 .debug_aranges
                0x0000000000000350       0x18 c:/intelfpga_lite/18.1/nios2eds/bin/gnu/h-x86_64-mingw32/bin/../lib/gcc/nios2-elf/5.3.0/../../../../../H-x86_64-mingw32/nios2-elf/lib/mno-hw-mul\libsmallc.a(lib_a-impure.o)
 .debug_aranges
                0x0000000000000368       0x20 c:/intelfpga_lite/18.1/nios2eds/bin/gnu/h-x86_64-mingw32/bin/../lib/gcc/nios2-elf/5.3.0/mno-hw-mul\libgcc.a(lib2-mul.o)
 .debug_aranges
                0x0000000000000388       0x20 ../lights_bsp/\libhal_bsp.a(alt_exit.o)

.debug_pubnames
 *(.debug_pubnames)

.debug_info     0x0000000000000000     0x3f5b
 *(.debug_info .gnu.linkonce.wi.*)
 .debug_info    0x0000000000000000       0x72 ../lights_bsp//obj/HAL/src/crt0.o
 .debug_info    0x0000000000000072       0x79 obj/default/hello_world.o
 .debug_info    0x00000000000000eb       0xa2 obj/default/lights.o
 .debug_info    0x000000000000018d      0x145 ../lights_bsp/\libhal_bsp.a(alt_load.o)
 .debug_info    0x00000000000002d2      0x131 ../lights_bsp/\libhal_bsp.a(alt_main.o)
 .debug_info    0x0000000000000403      0x3c9 ../lights_bsp/\libhal_bsp.a(alt_sys_init.o)
 .debug_info    0x00000000000007cc      0x3a7 ../lights_bsp/\libhal_bsp.a(altera_avalon_jtag_uart_fd.o)
 .debug_info    0x0000000000000b73      0x1b2 ../lights_bsp/\libhal_bsp.a(altera_avalon_jtag_uart_read.o)
 .debug_info    0x0000000000000d25      0x195 ../lights_bsp/\libhal_bsp.a(altera_avalon_jtag_uart_write.o)
 .debug_info    0x0000000000000eba      0x321 ../lights_bsp/\libhal_bsp.a(alt_close.o)
 .debug_info    0x00000000000011db       0x92 ../lights_bsp/\libhal_bsp.a(alt_dcache_flush_all.o)
 .debug_info    0x000000000000126d      0x49c ../lights_bsp/\libhal_bsp.a(alt_dev.o)
 .debug_info    0x0000000000001709      0x1a9 ../lights_bsp/\libhal_bsp.a(alt_dev_llist_insert.o)
 .debug_info    0x00000000000018b2       0xa6 ../lights_bsp/\libhal_bsp.a(alt_errno.o)
 .debug_info    0x0000000000001958       0x92 ../lights_bsp/\libhal_bsp.a(alt_icache_flush_all.o)
 .debug_info    0x00000000000019ea      0x4a5 ../lights_bsp/\libhal_bsp.a(alt_io_redirect.o)
 .debug_info    0x0000000000001e8f      0x3bb ../lights_bsp/\libhal_bsp.a(alt_open.o)
 .debug_info    0x000000000000224a      0x2b0 ../lights_bsp/\libhal_bsp.a(alt_release_fd.o)
 .debug_info    0x00000000000024fa       0x92 ../lights_bsp/\libhal_bsp.a(altera_nios2_qsys_irq.o)
 .debug_info    0x000000000000258c      0x2e9 ../lights_bsp/\libhal_bsp.a(alt_find_dev.o)
 .debug_info    0x0000000000002875      0x2e6 ../lights_bsp/\libhal_bsp.a(alt_find_file.o)
 .debug_info    0x0000000000002b5b      0x310 ../lights_bsp/\libhal_bsp.a(alt_get_fd.o)
 .debug_info    0x0000000000002e6b       0xe5 c:/intelfpga_lite/18.1/nios2eds/bin/gnu/h-x86_64-mingw32/bin/../lib/gcc/nios2-elf/5.3.0/../../../../../H-x86_64-mingw32/nios2-elf/lib/mno-hw-mul\libsmallc.a(lib_a-exit.o)
 .debug_info    0x0000000000002f50       0x8a c:/intelfpga_lite/18.1/nios2eds/bin/gnu/h-x86_64-mingw32/bin/../lib/gcc/nios2-elf/5.3.0/../../../../../H-x86_64-mingw32/nios2-elf/lib/mno-hw-mul\libsmallc.a(lib_a-int_errno.o)
 .debug_info    0x0000000000002fda       0xf4 c:/intelfpga_lite/18.1/nios2eds/bin/gnu/h-x86_64-mingw32/bin/../lib/gcc/nios2-elf/5.3.0/../../../../../H-x86_64-mingw32/nios2-elf/lib/mno-hw-mul\libsmallc.a(lib_a-memcmp.o)
 .debug_info    0x00000000000030ce       0xc9 c:/intelfpga_lite/18.1/nios2eds/bin/gnu/h-x86_64-mingw32/bin/../lib/gcc/nios2-elf/5.3.0/../../../../../H-x86_64-mingw32/nios2-elf/lib/mno-hw-mul\libsmallc.a(lib_a-strlen.o)
 .debug_info    0x0000000000003197      0x67b c:/intelfpga_lite/18.1/nios2eds/bin/gnu/h-x86_64-mingw32/bin/../lib/gcc/nios2-elf/5.3.0/../../../../../H-x86_64-mingw32/nios2-elf/lib/mno-hw-mul\libsmallc.a(lib_a-__call_atexit.o)
 .debug_info    0x0000000000003812      0x5a9 c:/intelfpga_lite/18.1/nios2eds/bin/gnu/h-x86_64-mingw32/bin/../lib/gcc/nios2-elf/5.3.0/../../../../../H-x86_64-mingw32/nios2-elf/lib/mno-hw-mul\libsmallc.a(lib_a-impure.o)
 .debug_info    0x0000000000003dbb       0xb4 c:/intelfpga_lite/18.1/nios2eds/bin/gnu/h-x86_64-mingw32/bin/../lib/gcc/nios2-elf/5.3.0/mno-hw-mul\libgcc.a(lib2-mul.o)
 .debug_info    0x0000000000003e6f       0xec ../lights_bsp/\libhal_bsp.a(alt_exit.o)

.debug_abbrev   0x0000000000000000     0x165d
 *(.debug_abbrev)
 .debug_abbrev  0x0000000000000000       0x12 ../lights_bsp//obj/HAL/src/crt0.o
 .debug_abbrev  0x0000000000000012       0x26 obj/default/hello_world.o
 .debug_abbrev  0x0000000000000038       0x69 obj/default/lights.o
 .debug_abbrev  0x00000000000000a1       0x9f ../lights_bsp/\libhal_bsp.a(alt_load.o)
 .debug_abbrev  0x0000000000000140       0xba ../lights_bsp/\libhal_bsp.a(alt_main.o)
 .debug_abbrev  0x00000000000001fa      0x157 ../lights_bsp/\libhal_bsp.a(alt_sys_init.o)
 .debug_abbrev  0x0000000000000351       0xf7 ../lights_bsp/\libhal_bsp.a(altera_avalon_jtag_uart_fd.o)
 .debug_abbrev  0x0000000000000448       0xd5 ../lights_bsp/\libhal_bsp.a(altera_avalon_jtag_uart_read.o)
 .debug_abbrev  0x000000000000051d       0xd5 ../lights_bsp/\libhal_bsp.a(altera_avalon_jtag_uart_write.o)
 .debug_abbrev  0x00000000000005f2      0x11f ../lights_bsp/\libhal_bsp.a(alt_close.o)
 .debug_abbrev  0x0000000000000711       0x42 ../lights_bsp/\libhal_bsp.a(alt_dcache_flush_all.o)
 .debug_abbrev  0x0000000000000753       0xd9 ../lights_bsp/\libhal_bsp.a(alt_dev.o)
 .debug_abbrev  0x000000000000082c      0x114 ../lights_bsp/\libhal_bsp.a(alt_dev_llist_insert.o)
 .debug_abbrev  0x0000000000000940       0x5a ../lights_bsp/\libhal_bsp.a(alt_errno.o)
 .debug_abbrev  0x000000000000099a       0x42 ../lights_bsp/\libhal_bsp.a(alt_icache_flush_all.o)
 .debug_abbrev  0x00000000000009dc      0x114 ../lights_bsp/\libhal_bsp.a(alt_io_redirect.o)
 .debug_abbrev  0x0000000000000af0      0x148 ../lights_bsp/\libhal_bsp.a(alt_open.o)
 .debug_abbrev  0x0000000000000c38       0xde ../lights_bsp/\libhal_bsp.a(alt_release_fd.o)
 .debug_abbrev  0x0000000000000d16       0x42 ../lights_bsp/\libhal_bsp.a(altera_nios2_qsys_irq.o)
 .debug_abbrev  0x0000000000000d58       0xf0 ../lights_bsp/\libhal_bsp.a(alt_find_dev.o)
 .debug_abbrev  0x0000000000000e48       0xf0 ../lights_bsp/\libhal_bsp.a(alt_find_file.o)
 .debug_abbrev  0x0000000000000f38      0x10d ../lights_bsp/\libhal_bsp.a(alt_get_fd.o)
 .debug_abbrev  0x0000000000001045       0x8b c:/intelfpga_lite/18.1/nios2eds/bin/gnu/h-x86_64-mingw32/bin/../lib/gcc/nios2-elf/5.3.0/../../../../../H-x86_64-mingw32/nios2-elf/lib/mno-hw-mul\libsmallc.a(lib_a-exit.o)
 .debug_abbrev  0x00000000000010d0       0x37 c:/intelfpga_lite/18.1/nios2eds/bin/gnu/h-x86_64-mingw32/bin/../lib/gcc/nios2-elf/5.3.0/../../../../../H-x86_64-mingw32/nios2-elf/lib/mno-hw-mul\libsmallc.a(lib_a-int_errno.o)
 .debug_abbrev  0x0000000000001107       0x7f c:/intelfpga_lite/18.1/nios2eds/bin/gnu/h-x86_64-mingw32/bin/../lib/gcc/nios2-elf/5.3.0/../../../../../H-x86_64-mingw32/nios2-elf/lib/mno-hw-mul\libsmallc.a(lib_a-memcmp.o)
 .debug_abbrev  0x0000000000001186       0x7f c:/intelfpga_lite/18.1/nios2eds/bin/gnu/h-x86_64-mingw32/bin/../lib/gcc/nios2-elf/5.3.0/../../../../../H-x86_64-mingw32/nios2-elf/lib/mno-hw-mul\libsmallc.a(lib_a-strlen.o)
 .debug_abbrev  0x0000000000001205      0x1f6 c:/intelfpga_lite/18.1/nios2eds/bin/gnu/h-x86_64-mingw32/bin/../lib/gcc/nios2-elf/5.3.0/../../../../../H-x86_64-mingw32/nios2-elf/lib/mno-hw-mul\libsmallc.a(lib_a-__call_atexit.o)
 .debug_abbrev  0x00000000000013fb      0x14a c:/intelfpga_lite/18.1/nios2eds/bin/gnu/h-x86_64-mingw32/bin/../lib/gcc/nios2-elf/5.3.0/../../../../../H-x86_64-mingw32/nios2-elf/lib/mno-hw-mul\libsmallc.a(lib_a-impure.o)
 .debug_abbrev  0x0000000000001545       0x6f c:/intelfpga_lite/18.1/nios2eds/bin/gnu/h-x86_64-mingw32/bin/../lib/gcc/nios2-elf/5.3.0/mno-hw-mul\libgcc.a(lib2-mul.o)
 .debug_abbrev  0x00000000000015b4       0xa9 ../lights_bsp/\libhal_bsp.a(alt_exit.o)

.debug_line     0x0000000000000000     0x190e
 *(.debug_line)
 .debug_line    0x0000000000000000       0x66 ../lights_bsp//obj/HAL/src/crt0.o
 .debug_line    0x0000000000000066       0x1d obj/default/hello_world.o
 .debug_line    0x0000000000000083       0x6e obj/default/lights.o
 .debug_line    0x00000000000000f1       0x8e ../lights_bsp/\libhal_bsp.a(alt_load.o)
 .debug_line    0x000000000000017f       0x9e ../lights_bsp/\libhal_bsp.a(alt_main.o)
 .debug_line    0x000000000000021d      0x126 ../lights_bsp/\libhal_bsp.a(alt_sys_init.o)
 .debug_line    0x0000000000000343      0x112 ../lights_bsp/\libhal_bsp.a(altera_avalon_jtag_uart_fd.o)
 .debug_line    0x0000000000000455       0xfd ../lights_bsp/\libhal_bsp.a(altera_avalon_jtag_uart_read.o)
 .debug_line    0x0000000000000552       0xf4 ../lights_bsp/\libhal_bsp.a(altera_avalon_jtag_uart_write.o)
 .debug_line    0x0000000000000646      0x165 ../lights_bsp/\libhal_bsp.a(alt_close.o)
 .debug_line    0x00000000000007ab       0x51 ../lights_bsp/\libhal_bsp.a(alt_dcache_flush_all.o)
 .debug_line    0x00000000000007fc       0xf8 ../lights_bsp/\libhal_bsp.a(alt_dev.o)
 .debug_line    0x00000000000008f4       0xcf ../lights_bsp/\libhal_bsp.a(alt_dev_llist_insert.o)
 .debug_line    0x00000000000009c3       0x51 ../lights_bsp/\libhal_bsp.a(alt_errno.o)
 .debug_line    0x0000000000000a14       0x4f ../lights_bsp/\libhal_bsp.a(alt_icache_flush_all.o)
 .debug_line    0x0000000000000a63      0x135 ../lights_bsp/\libhal_bsp.a(alt_io_redirect.o)
 .debug_line    0x0000000000000b98      0x12b ../lights_bsp/\libhal_bsp.a(alt_open.o)
 .debug_line    0x0000000000000cc3       0xb0 ../lights_bsp/\libhal_bsp.a(alt_release_fd.o)
 .debug_line    0x0000000000000d73       0x51 ../lights_bsp/\libhal_bsp.a(altera_nios2_qsys_irq.o)
 .debug_line    0x0000000000000dc4       0xb5 ../lights_bsp/\libhal_bsp.a(alt_find_dev.o)
 .debug_line    0x0000000000000e79       0xd1 ../lights_bsp/\libhal_bsp.a(alt_find_file.o)
 .debug_line    0x0000000000000f4a       0xd7 ../lights_bsp/\libhal_bsp.a(alt_get_fd.o)
 .debug_line    0x0000000000001021      0x159 c:/intelfpga_lite/18.1/nios2eds/bin/gnu/h-x86_64-mingw32/bin/../lib/gcc/nios2-elf/5.3.0/../../../../../H-x86_64-mingw32/nios2-elf/lib/mno-hw-mul\libsmallc.a(lib_a-exit.o)
 .debug_line    0x000000000000117a       0x5f c:/intelfpga_lite/18.1/nios2eds/bin/gnu/h-x86_64-mingw32/bin/../lib/gcc/nios2-elf/5.3.0/../../../../../H-x86_64-mingw32/nios2-elf/lib/mno-hw-mul\libsmallc.a(lib_a-int_errno.o)
 .debug_line    0x00000000000011d9      0x160 c:/intelfpga_lite/18.1/nios2eds/bin/gnu/h-x86_64-mingw32/bin/../lib/gcc/nios2-elf/5.3.0/../../../../../H-x86_64-mingw32/nios2-elf/lib/mno-hw-mul\libsmallc.a(lib_a-memcmp.o)
 .debug_line    0x0000000000001339      0x15c c:/intelfpga_lite/18.1/nios2eds/bin/gnu/h-x86_64-mingw32/bin/../lib/gcc/nios2-elf/5.3.0/../../../../../H-x86_64-mingw32/nios2-elf/lib/mno-hw-mul\libsmallc.a(lib_a-strlen.o)
 .debug_line    0x0000000000001495      0x232 c:/intelfpga_lite/18.1/nios2eds/bin/gnu/h-x86_64-mingw32/bin/../lib/gcc/nios2-elf/5.3.0/../../../../../H-x86_64-mingw32/nios2-elf/lib/mno-hw-mul\libsmallc.a(lib_a-__call_atexit.o)
 .debug_line    0x00000000000016c7      0x156 c:/intelfpga_lite/18.1/nios2eds/bin/gnu/h-x86_64-mingw32/bin/../lib/gcc/nios2-elf/5.3.0/../../../../../H-x86_64-mingw32/nios2-elf/lib/mno-hw-mul\libsmallc.a(lib_a-impure.o)
 .debug_line    0x000000000000181d       0x80 c:/intelfpga_lite/18.1/nios2eds/bin/gnu/h-x86_64-mingw32/bin/../lib/gcc/nios2-elf/5.3.0/mno-hw-mul\libgcc.a(lib2-mul.o)
 .debug_line    0x000000000000189d       0x71 ../lights_bsp/\libhal_bsp.a(alt_exit.o)

.debug_frame    0x0000000000000000      0x674
 *(.debug_frame)
 .debug_frame   0x0000000000000000       0x2c obj/default/lights.o
 .debug_frame   0x000000000000002c       0x5c ../lights_bsp/\libhal_bsp.a(alt_load.o)
 .debug_frame   0x0000000000000088       0x2c ../lights_bsp/\libhal_bsp.a(alt_main.o)
 .debug_frame   0x00000000000000b4       0x88 ../lights_bsp/\libhal_bsp.a(alt_sys_init.o)
 .debug_frame   0x000000000000013c       0x60 ../lights_bsp/\libhal_bsp.a(altera_avalon_jtag_uart_fd.o)
 .debug_frame   0x000000000000019c       0x34 ../lights_bsp/\libhal_bsp.a(altera_avalon_jtag_uart_read.o)
 .debug_frame   0x00000000000001d0       0x34 ../lights_bsp/\libhal_bsp.a(altera_avalon_jtag_uart_write.o)
 .debug_frame   0x0000000000000204       0x60 ../lights_bsp/\libhal_bsp.a(alt_close.o)
 .debug_frame   0x0000000000000264       0x34 ../lights_bsp/\libhal_bsp.a(alt_dcache_flush_all.o)
 .debug_frame   0x0000000000000298       0x34 ../lights_bsp/\libhal_bsp.a(alt_dev.o)
 .debug_frame   0x00000000000002cc       0x60 ../lights_bsp/\libhal_bsp.a(alt_dev_llist_insert.o)
 .debug_frame   0x000000000000032c       0x34 ../lights_bsp/\libhal_bsp.a(alt_icache_flush_all.o)
 .debug_frame   0x0000000000000360       0x64 ../lights_bsp/\libhal_bsp.a(alt_io_redirect.o)
 .debug_frame   0x00000000000003c4       0x8c ../lights_bsp/\libhal_bsp.a(alt_open.o)
 .debug_frame   0x0000000000000450       0x3c ../lights_bsp/\libhal_bsp.a(alt_release_fd.o)
 .debug_frame   0x000000000000048c       0x34 ../lights_bsp/\libhal_bsp.a(altera_nios2_qsys_irq.o)
 .debug_frame   0x00000000000004c0       0x38 ../lights_bsp/\libhal_bsp.a(alt_find_dev.o)
 .debug_frame   0x00000000000004f8       0x38 ../lights_bsp/\libhal_bsp.a(alt_find_file.o)
 .debug_frame   0x0000000000000530       0x3c ../lights_bsp/\libhal_bsp.a(alt_get_fd.o)
 .debug_frame   0x000000000000056c       0x28 c:/intelfpga_lite/18.1/nios2eds/bin/gnu/h-x86_64-mingw32/bin/../lib/gcc/nios2-elf/5.3.0/../../../../../H-x86_64-mingw32/nios2-elf/lib/mno-hw-mul\libsmallc.a(lib_a-exit.o)
 .debug_frame   0x0000000000000594       0x20 c:/intelfpga_lite/18.1/nios2eds/bin/gnu/h-x86_64-mingw32/bin/../lib/gcc/nios2-elf/5.3.0/../../../../../H-x86_64-mingw32/nios2-elf/lib/mno-hw-mul\libsmallc.a(lib_a-memcmp.o)
 .debug_frame   0x00000000000005b4       0x20 c:/intelfpga_lite/18.1/nios2eds/bin/gnu/h-x86_64-mingw32/bin/../lib/gcc/nios2-elf/5.3.0/../../../../../H-x86_64-mingw32/nios2-elf/lib/mno-hw-mul\libsmallc.a(lib_a-strlen.o)
 .debug_frame   0x00000000000005d4       0x54 c:/intelfpga_lite/18.1/nios2eds/bin/gnu/h-x86_64-mingw32/bin/../lib/gcc/nios2-elf/5.3.0/../../../../../H-x86_64-mingw32/nios2-elf/lib/mno-hw-mul\libsmallc.a(lib_a-__call_atexit.o)
 .debug_frame   0x0000000000000628       0x20 c:/intelfpga_lite/18.1/nios2eds/bin/gnu/h-x86_64-mingw32/bin/../lib/gcc/nios2-elf/5.3.0/mno-hw-mul\libgcc.a(lib2-mul.o)
 .debug_frame   0x0000000000000648       0x2c ../lights_bsp/\libhal_bsp.a(alt_exit.o)

.debug_str      0x0000000000000000     0x10b0
 *(.debug_str)
 .debug_str     0x0000000000000000       0xf6 obj/default/hello_world.o
                                        0x12f (size before relaxing)
 .debug_str     0x00000000000000f6       0x19 obj/default/lights.o
                                        0x118 (size before relaxing)
 .debug_str     0x000000000000010f      0x12f ../lights_bsp/\libhal_bsp.a(alt_load.o)
                                        0x216 (size before relaxing)
 .debug_str     0x000000000000023e       0x70 ../lights_bsp/\libhal_bsp.a(alt_main.o)
                                        0x1a1 (size before relaxing)
 .debug_str     0x00000000000002ae      0x157 ../lights_bsp/\libhal_bsp.a(alt_sys_init.o)
                                        0x2d8 (size before relaxing)
 .debug_str     0x0000000000000405       0x77 ../lights_bsp/\libhal_bsp.a(altera_avalon_jtag_uart_fd.o)
                                        0x2d9 (size before relaxing)
 .debug_str     0x000000000000047c       0x48 ../lights_bsp/\libhal_bsp.a(altera_avalon_jtag_uart_read.o)
                                        0x223 (size before relaxing)
 .debug_str     0x00000000000004c4       0x4a ../lights_bsp/\libhal_bsp.a(altera_avalon_jtag_uart_write.o)
                                        0x219 (size before relaxing)
 .debug_str     0x000000000000050e       0x44 ../lights_bsp/\libhal_bsp.a(alt_close.o)
                                        0x20f (size before relaxing)
 .debug_str     0x0000000000000552       0x34 ../lights_bsp/\libhal_bsp.a(alt_dcache_flush_all.o)
                                        0x159 (size before relaxing)
 .debug_str     0x0000000000000586      0x120 ../lights_bsp/\libhal_bsp.a(alt_dev.o)
                                        0x309 (size before relaxing)
 .debug_str     0x00000000000006a6       0x4b ../lights_bsp/\libhal_bsp.a(alt_dev_llist_insert.o)
                                        0x1d0 (size before relaxing)
 .debug_str     0x00000000000006f1       0x14 ../lights_bsp/\libhal_bsp.a(alt_errno.o)
                                        0x149 (size before relaxing)
 .debug_str     0x0000000000000705       0x34 ../lights_bsp/\libhal_bsp.a(alt_icache_flush_all.o)
                                        0x159 (size before relaxing)
 .debug_str     0x0000000000000739       0x56 ../lights_bsp/\libhal_bsp.a(alt_io_redirect.o)
                                        0x31a (size before relaxing)
 .debug_str     0x000000000000078f       0x36 ../lights_bsp/\libhal_bsp.a(alt_open.o)
                                        0x24f (size before relaxing)
 .debug_str     0x00000000000007c5       0x28 ../lights_bsp/\libhal_bsp.a(alt_release_fd.o)
                                        0x1d7 (size before relaxing)
 .debug_str     0x00000000000007ed       0x3b ../lights_bsp/\libhal_bsp.a(altera_nios2_qsys_irq.o)
                                        0x160 (size before relaxing)
 .debug_str     0x0000000000000828       0x24 ../lights_bsp/\libhal_bsp.a(alt_find_dev.o)
                                        0x1f0 (size before relaxing)
 .debug_str     0x000000000000084c       0x26 ../lights_bsp/\libhal_bsp.a(alt_find_file.o)
                                        0x1fe (size before relaxing)
 .debug_str     0x0000000000000872       0x30 ../lights_bsp/\libhal_bsp.a(alt_get_fd.o)
                                        0x220 (size before relaxing)
 .debug_str     0x00000000000008a2      0x142 c:/intelfpga_lite/18.1/nios2eds/bin/gnu/h-x86_64-mingw32/bin/../lib/gcc/nios2-elf/5.3.0/../../../../../H-x86_64-mingw32/nios2-elf/lib/mno-hw-mul\libsmallc.a(lib_a-exit.o)
                                        0x1f0 (size before relaxing)
 .debug_str     0x00000000000009e4       0xd3 c:/intelfpga_lite/18.1/nios2eds/bin/gnu/h-x86_64-mingw32/bin/../lib/gcc/nios2-elf/5.3.0/../../../../../H-x86_64-mingw32/nios2-elf/lib/mno-hw-mul\libsmallc.a(lib_a-int_errno.o)
                                        0x1d8 (size before relaxing)
 .debug_str     0x0000000000000ab7       0xe0 c:/intelfpga_lite/18.1/nios2eds/bin/gnu/h-x86_64-mingw32/bin/../lib/gcc/nios2-elf/5.3.0/../../../../../H-x86_64-mingw32/nios2-elf/lib/mno-hw-mul\libsmallc.a(lib_a-memcmp.o)
                                        0x1df (size before relaxing)
 .debug_str     0x0000000000000b97       0x44 c:/intelfpga_lite/18.1/nios2eds/bin/gnu/h-x86_64-mingw32/bin/../lib/gcc/nios2-elf/5.3.0/../../../../../H-x86_64-mingw32/nios2-elf/lib/mno-hw-mul\libsmallc.a(lib_a-strlen.o)
                                        0x1e5 (size before relaxing)
 .debug_str     0x0000000000000bdb      0x31b c:/intelfpga_lite/18.1/nios2eds/bin/gnu/h-x86_64-mingw32/bin/../lib/gcc/nios2-elf/5.3.0/../../../../../H-x86_64-mingw32/nios2-elf/lib/mno-hw-mul\libsmallc.a(lib_a-__call_atexit.o)
                                        0x4eb (size before relaxing)
 .debug_str     0x0000000000000ef6       0x48 c:/intelfpga_lite/18.1/nios2eds/bin/gnu/h-x86_64-mingw32/bin/../lib/gcc/nios2-elf/5.3.0/../../../../../H-x86_64-mingw32/nios2-elf/lib/mno-hw-mul\libsmallc.a(lib_a-impure.o)
                                        0x4be (size before relaxing)
 .debug_str     0x0000000000000f3e      0x148 c:/intelfpga_lite/18.1/nios2eds/bin/gnu/h-x86_64-mingw32/bin/../lib/gcc/nios2-elf/5.3.0/mno-hw-mul\libgcc.a(lib2-mul.o)
                                        0x193 (size before relaxing)
 .debug_str     0x0000000000001086       0x2a ../lights_bsp/\libhal_bsp.a(alt_exit.o)
                                        0x155 (size before relaxing)

.debug_loc      0x0000000000000000      0x2ba
 *(.debug_loc)
 .debug_loc     0x0000000000000000       0x1e c:/intelfpga_lite/18.1/nios2eds/bin/gnu/h-x86_64-mingw32/bin/../lib/gcc/nios2-elf/5.3.0/../../../../../H-x86_64-mingw32/nios2-elf/lib/mno-hw-mul\libsmallc.a(lib_a-exit.o)
 .debug_loc     0x000000000000001e       0x94 c:/intelfpga_lite/18.1/nios2eds/bin/gnu/h-x86_64-mingw32/bin/../lib/gcc/nios2-elf/5.3.0/../../../../../H-x86_64-mingw32/nios2-elf/lib/mno-hw-mul\libsmallc.a(lib_a-memcmp.o)
 .debug_loc     0x00000000000000b2       0x1e c:/intelfpga_lite/18.1/nios2eds/bin/gnu/h-x86_64-mingw32/bin/../lib/gcc/nios2-elf/5.3.0/../../../../../H-x86_64-mingw32/nios2-elf/lib/mno-hw-mul\libsmallc.a(lib_a-strlen.o)
 .debug_loc     0x00000000000000d0      0x157 c:/intelfpga_lite/18.1/nios2eds/bin/gnu/h-x86_64-mingw32/bin/../lib/gcc/nios2-elf/5.3.0/../../../../../H-x86_64-mingw32/nios2-elf/lib/mno-hw-mul\libsmallc.a(lib_a-__call_atexit.o)
 .debug_loc     0x0000000000000227       0x93 c:/intelfpga_lite/18.1/nios2eds/bin/gnu/h-x86_64-mingw32/bin/../lib/gcc/nios2-elf/5.3.0/mno-hw-mul\libgcc.a(lib2-mul.o)

.debug_macinfo
 *(.debug_macinfo)

.debug_weaknames
 *(.debug_weaknames)

.debug_funcnames
 *(.debug_funcnames)

.debug_typenames
 *(.debug_typenames)

.debug_varnames
 *(.debug_varnames)

.debug_alt_sim_info
                0x0000000000000000       0x10
 *(.debug_alt_sim_info)
 .debug_alt_sim_info
                0x0000000000000000       0x10 ../lights_bsp//obj/HAL/src/crt0.o
                0x000000000000d000                __alt_data_end = 0xd000
                0x000000000000d000                PROVIDE (__alt_stack_pointer, __alt_data_end)
                [!provide]                        PROVIDE (__alt_stack_limit, __alt_stack_base)
                [!provide]                        PROVIDE (__alt_heap_start, end)
                [!provide]                        PROVIDE (__alt_heap_limit, 0xd000)
OUTPUT(lights.elf elf32-littlenios2)

.debug_ranges   0x0000000000000000       0x90
 .debug_ranges  0x0000000000000000       0x20 ../lights_bsp//obj/HAL/src/crt0.o
 .debug_ranges  0x0000000000000020       0x18 ../lights_bsp/\libhal_bsp.a(altera_avalon_jtag_uart_read.o)
 .debug_ranges  0x0000000000000038       0x10 c:/intelfpga_lite/18.1/nios2eds/bin/gnu/h-x86_64-mingw32/bin/../lib/gcc/nios2-elf/5.3.0/../../../../../H-x86_64-mingw32/nios2-elf/lib/mno-hw-mul\libsmallc.a(lib_a-exit.o)
 .debug_ranges  0x0000000000000048       0x10 c:/intelfpga_lite/18.1/nios2eds/bin/gnu/h-x86_64-mingw32/bin/../lib/gcc/nios2-elf/5.3.0/../../../../../H-x86_64-mingw32/nios2-elf/lib/mno-hw-mul\libsmallc.a(lib_a-memcmp.o)
 .debug_ranges  0x0000000000000058       0x10 c:/intelfpga_lite/18.1/nios2eds/bin/gnu/h-x86_64-mingw32/bin/../lib/gcc/nios2-elf/5.3.0/../../../../../H-x86_64-mingw32/nios2-elf/lib/mno-hw-mul\libsmallc.a(lib_a-strlen.o)
 .debug_ranges  0x0000000000000068       0x28 c:/intelfpga_lite/18.1/nios2eds/bin/gnu/h-x86_64-mingw32/bin/../lib/gcc/nios2-elf/5.3.0/../../../../../H-x86_64-mingw32/nios2-elf/lib/mno-hw-mul\libsmallc.a(lib_a-__call_atexit.o)
