Archive member included to satisfy reference by file (symbol)

../TX_bsp/\libhal_bsp.a(alt_load.o)
                              ../TX_bsp//obj/HAL/src/crt0.o (alt_load)
../TX_bsp/\libhal_bsp.a(alt_main.o)
                              ../TX_bsp//obj/HAL/src/crt0.o (alt_main)
../TX_bsp/\libhal_bsp.a(alt_sys_init.o)
                              ../TX_bsp/\libhal_bsp.a(alt_main.o) (alt_irq_init)
../TX_bsp/\libhal_bsp.a(altera_avalon_jtag_uart_fd.o)
                              ../TX_bsp/\libhal_bsp.a(alt_sys_init.o) (altera_avalon_jtag_uart_read_fd)
../TX_bsp/\libhal_bsp.a(altera_avalon_jtag_uart_read.o)
                              ../TX_bsp/\libhal_bsp.a(altera_avalon_jtag_uart_fd.o) (altera_avalon_jtag_uart_read)
../TX_bsp/\libhal_bsp.a(altera_avalon_jtag_uart_write.o)
                              ../TX_bsp/\libhal_bsp.a(altera_avalon_jtag_uart_fd.o) (altera_avalon_jtag_uart_write)
../TX_bsp/\libhal_bsp.a(alt_close.o)
                              ../TX_bsp/\libhal_bsp.a(alt_main.o) (close)
../TX_bsp/\libhal_bsp.a(alt_dcache_flush_all.o)
                              ../TX_bsp/\libhal_bsp.a(alt_load.o) (alt_dcache_flush_all)
../TX_bsp/\libhal_bsp.a(alt_dev.o)
                              ../TX_bsp/\libhal_bsp.a(alt_sys_init.o) (alt_dev_list)
../TX_bsp/\libhal_bsp.a(alt_dev_llist_insert.o)
                              ../TX_bsp/\libhal_bsp.a(alt_sys_init.o) (alt_dev_llist_insert)
../TX_bsp/\libhal_bsp.a(alt_do_ctors.o)
                              ../TX_bsp/\libhal_bsp.a(alt_main.o) (_do_ctors)
../TX_bsp/\libhal_bsp.a(alt_do_dtors.o)
                              ../TX_bsp/\libhal_bsp.a(alt_main.o) (_do_dtors)
../TX_bsp/\libhal_bsp.a(alt_errno.o)
                              ../TX_bsp/\libhal_bsp.a(alt_close.o) (alt_errno)
../TX_bsp/\libhal_bsp.a(alt_icache_flush_all.o)
                              ../TX_bsp/\libhal_bsp.a(alt_load.o) (alt_icache_flush_all)
../TX_bsp/\libhal_bsp.a(alt_io_redirect.o)
                              ../TX_bsp/\libhal_bsp.a(alt_main.o) (alt_io_redirect)
../TX_bsp/\libhal_bsp.a(alt_open.o)
                              ../TX_bsp/\libhal_bsp.a(alt_io_redirect.o) (open)
../TX_bsp/\libhal_bsp.a(alt_release_fd.o)
                              ../TX_bsp/\libhal_bsp.a(alt_close.o) (alt_release_fd)
../TX_bsp/\libhal_bsp.a(altera_nios2_qsys_irq.o)
                              ../TX_bsp/\libhal_bsp.a(alt_sys_init.o) (altera_nios2_qsys_irq_init)
../TX_bsp/\libhal_bsp.a(alt_find_dev.o)
                              ../TX_bsp/\libhal_bsp.a(alt_open.o) (alt_find_dev)
../TX_bsp/\libhal_bsp.a(alt_find_file.o)
                              ../TX_bsp/\libhal_bsp.a(alt_open.o) (alt_find_file)
../TX_bsp/\libhal_bsp.a(alt_get_fd.o)
                              ../TX_bsp/\libhal_bsp.a(alt_open.o) (alt_get_fd)
c:/intelfpga_lite/18.1/nios2eds/bin/gnu/h-x86_64-mingw32/bin/../lib/gcc/nios2-elf/5.3.0/../../../../../H-x86_64-mingw32/nios2-elf/lib/mno-hw-mul\libsmallc.a(lib_a-atexit.o)
                              ../TX_bsp/\libhal_bsp.a(alt_main.o) (atexit)
c:/intelfpga_lite/18.1/nios2eds/bin/gnu/h-x86_64-mingw32/bin/../lib/gcc/nios2-elf/5.3.0/../../../../../H-x86_64-mingw32/nios2-elf/lib/mno-hw-mul\libsmallc.a(lib_a-exit.o)
                              ../TX_bsp/\libhal_bsp.a(alt_main.o) (exit)
c:/intelfpga_lite/18.1/nios2eds/bin/gnu/h-x86_64-mingw32/bin/../lib/gcc/nios2-elf/5.3.0/../../../../../H-x86_64-mingw32/nios2-elf/lib/mno-hw-mul\libsmallc.a(lib_a-int_errno.o)
                              ../TX_bsp/\libhal_bsp.a(alt_close.o) (errno)
c:/intelfpga_lite/18.1/nios2eds/bin/gnu/h-x86_64-mingw32/bin/../lib/gcc/nios2-elf/5.3.0/../../../../../H-x86_64-mingw32/nios2-elf/lib/mno-hw-mul\libsmallc.a(lib_a-memcmp.o)
                              ../TX_bsp/\libhal_bsp.a(alt_find_dev.o) (memcmp)
c:/intelfpga_lite/18.1/nios2eds/bin/gnu/h-x86_64-mingw32/bin/../lib/gcc/nios2-elf/5.3.0/../../../../../H-x86_64-mingw32/nios2-elf/lib/mno-hw-mul\libsmallc.a(lib_a-strlen.o)
                              ../TX_bsp/\libhal_bsp.a(alt_find_dev.o) (strlen)
c:/intelfpga_lite/18.1/nios2eds/bin/gnu/h-x86_64-mingw32/bin/../lib/gcc/nios2-elf/5.3.0/../../../../../H-x86_64-mingw32/nios2-elf/lib/mno-hw-mul\libsmallc.a(lib_a-__atexit.o)
                              c:/intelfpga_lite/18.1/nios2eds/bin/gnu/h-x86_64-mingw32/bin/../lib/gcc/nios2-elf/5.3.0/../../../../../H-x86_64-mingw32/nios2-elf/lib/mno-hw-mul\libsmallc.a(lib_a-atexit.o) (__register_exitproc)
c:/intelfpga_lite/18.1/nios2eds/bin/gnu/h-x86_64-mingw32/bin/../lib/gcc/nios2-elf/5.3.0/../../../../../H-x86_64-mingw32/nios2-elf/lib/mno-hw-mul\libsmallc.a(lib_a-__call_atexit.o)
                              c:/intelfpga_lite/18.1/nios2eds/bin/gnu/h-x86_64-mingw32/bin/../lib/gcc/nios2-elf/5.3.0/../../../../../H-x86_64-mingw32/nios2-elf/lib/mno-hw-mul\libsmallc.a(lib_a-exit.o) (__call_exitprocs)
c:/intelfpga_lite/18.1/nios2eds/bin/gnu/h-x86_64-mingw32/bin/../lib/gcc/nios2-elf/5.3.0/../../../../../H-x86_64-mingw32/nios2-elf/lib/mno-hw-mul\libsmallc.a(lib_a-impure.o)
                              c:/intelfpga_lite/18.1/nios2eds/bin/gnu/h-x86_64-mingw32/bin/../lib/gcc/nios2-elf/5.3.0/../../../../../H-x86_64-mingw32/nios2-elf/lib/mno-hw-mul\libsmallc.a(lib_a-__atexit.o) (_global_impure_ptr)
c:/intelfpga_lite/18.1/nios2eds/bin/gnu/h-x86_64-mingw32/bin/../lib/gcc/nios2-elf/5.3.0/mno-hw-mul\libgcc.a(lib2-mul.o)
                              ../TX_bsp/\libhal_bsp.a(alt_close.o) (__mulsi3)
../TX_bsp/\libhal_bsp.a(alt_exit.o)
                              c:/intelfpga_lite/18.1/nios2eds/bin/gnu/h-x86_64-mingw32/bin/../lib/gcc/nios2-elf/5.3.0/../../../../../H-x86_64-mingw32/nios2-elf/lib/mno-hw-mul\libsmallc.a(lib_a-exit.o) (_exit)

Allocating common symbols
Common symbol       size              file

errno               0x4               c:/intelfpga_lite/18.1/nios2eds/bin/gnu/h-x86_64-mingw32/bin/../lib/gcc/nios2-elf/5.3.0/../../../../../H-x86_64-mingw32/nios2-elf/lib/mno-hw-mul\libsmallc.a(lib_a-int_errno.o)

Memory Configuration

Name             Origin             Length             Attributes
reset            0x0000000000008000 0x0000000000000020
onchip_memory2_0 0x0000000000008020 0x0000000000004fe0
*default*        0x0000000000000000 0xffffffffffffffff

Linker script and memory map

LOAD ../TX_bsp//obj/HAL/src/crt0.o
LOAD obj/default/TX.o
LOAD c:/intelfpga_lite/18.1/nios2eds/bin/gnu/h-x86_64-mingw32/bin/../lib/gcc/nios2-elf/5.3.0/../../../../../H-x86_64-mingw32/nios2-elf/lib/mno-hw-mul\libstdc++.a
LOAD c:/intelfpga_lite/18.1/nios2eds/bin/gnu/h-x86_64-mingw32/bin/../lib/gcc/nios2-elf/5.3.0/../../../../../H-x86_64-mingw32/nios2-elf/lib/mno-hw-mul\libm.a
LOAD c:/intelfpga_lite/18.1/nios2eds/bin/gnu/h-x86_64-mingw32/bin/../lib/gcc/nios2-elf/5.3.0/mno-hw-mul\libgcc.a
START GROUP
LOAD c:/intelfpga_lite/18.1/nios2eds/bin/gnu/h-x86_64-mingw32/bin/../lib/gcc/nios2-elf/5.3.0/../../../../../H-x86_64-mingw32/nios2-elf/lib/mno-hw-mul\libsmallc.a
LOAD c:/intelfpga_lite/18.1/nios2eds/bin/gnu/h-x86_64-mingw32/bin/../lib/gcc/nios2-elf/5.3.0/mno-hw-mul\libgcc.a
LOAD ../TX_bsp/\libhal_bsp.a
LOAD c:/intelfpga_lite/18.1/nios2eds/bin/gnu/h-x86_64-mingw32/bin/../lib/gcc/nios2-elf/5.3.0/../../../../../H-x86_64-mingw32/nios2-elf/lib/mno-hw-mul\libm.a
END GROUP
LOAD c:/intelfpga_lite/18.1/nios2eds/bin/gnu/h-x86_64-mingw32/bin/../lib/gcc/nios2-elf/5.3.0/mno-hw-mul\libgcc.a
                0x0000000000008000                __alt_mem_onchip_memory2_0 = 0x8000

.entry          0x0000000000008000       0x20
 *(.entry)
 .entry         0x0000000000008000       0x20 ../TX_bsp//obj/HAL/src/crt0.o
                0x0000000000008000                __reset

.exceptions     0x0000000000008020        0x0
                0x0000000000008020                PROVIDE (__ram_exceptions_start, ABSOLUTE (.))
                0x0000000000008020                . = ALIGN (0x20)
 *(.irq)
 *(.exceptions.entry.label)
 *(.exceptions.entry.user)
 *(.exceptions.entry.ecc_fatal)
 *(.exceptions.entry)
 *(.exceptions.irqtest.user)
 *(.exceptions.irqtest)
 *(.exceptions.irqhandler.user)
 *(.exceptions.irqhandler)
 *(.exceptions.irqreturn.user)
 *(.exceptions.irqreturn)
 *(.exceptions.notirq.label)
 *(.exceptions.notirq.user)
 *(.exceptions.notirq)
 *(.exceptions.soft.user)
 *(.exceptions.soft)
 *(.exceptions.unknown.user)
 *(.exceptions.unknown)
 *(.exceptions.exit.label)
 *(.exceptions.exit.user)
 *(.exceptions.exit)
 *(.exceptions)
                0x0000000000008020                PROVIDE (__ram_exceptions_end, ABSOLUTE (.))
                0x0000000000008020                PROVIDE (__flash_exceptions_start, LOADADDR (.exceptions))

.text           0x0000000000008020     0x1288
                [!provide]                        PROVIDE (stext, ABSOLUTE (.))
 *(.interp)
 *(.hash)
 *(.dynsym)
 *(.dynstr)
 *(.gnu.version)
 *(.gnu.version_d)
 *(.gnu.version_r)
 *(.rel.init)
 *(.rela.init)
 *(.rel.text .rel.text.* .rel.gnu.linkonce.t.*)
 *(.rela.text .rela.text.* .rela.gnu.linkonce.t.*)
 *(.rel.fini)
 *(.rela.fini)
 *(.rel.rodata .rel.rodata.* .rel.gnu.linkonce.r.*)
 *(.rela.rodata .rela.rodata.* .rela.gnu.linkonce.r.*)
 *(.rel.data .rel.data.* .rel.gnu.linkonce.d.*)
 *(.rela.data .rela.data.* .rela.gnu.linkonce.d.*)
 *(.rel.tdata .rel.tdata.* .rel.gnu.linkonce.td.*)
 *(.rela.tdata .rela.tdata.* .rela.gnu.linkonce.td.*)
 *(.rel.tbss .rel.tbss.* .rel.gnu.linkonce.tb.*)
 *(.rela.tbss .rela.tbss.* .rela.gnu.linkonce.tb.*)
 *(.rel.ctors)
 *(.rela.ctors)
 *(.rel.dtors)
 *(.rela.dtors)
 *(.rel.got)
 *(.rela.got)
 *(.rel.sdata .rel.sdata.* .rel.gnu.linkonce.s.*)
 *(.rela.sdata .rela.sdata.* .rela.gnu.linkonce.s.*)
 *(.rel.sbss .rel.sbss.* .rel.gnu.linkonce.sb.*)
 *(.rela.sbss .rela.sbss.* .rela.gnu.linkonce.sb.*)
 *(.rel.sdata2 .rel.sdata2.* .rel.gnu.linkonce.s2.*)
 *(.rela.sdata2 .rela.sdata2.* .rela.gnu.linkonce.s2.*)
 *(.rel.sbss2 .rel.sbss2.* .rel.gnu.linkonce.sb2.*)
 *(.rela.sbss2 .rela.sbss2.* .rela.gnu.linkonce.sb2.*)
 *(.rel.bss .rel.bss.* .rel.gnu.linkonce.b.*)
 *(.rela.bss .rela.bss.* .rela.gnu.linkonce.b.*)
 *(.rel.plt)
 *(.rela.plt)
 *(.rel.dyn)
 *(.init)
 *(.plt)
 *(.text .stub .text.* .gnu.linkonce.t.*)
 .text          0x0000000000008020       0x3c ../TX_bsp//obj/HAL/src/crt0.o
                0x0000000000008020                _start
 .text          0x000000000000805c       0x38 obj/default/TX.o
                0x000000000000805c                main
 .text          0x0000000000008094       0xec ../TX_bsp/\libhal_bsp.a(alt_load.o)
                0x00000000000080fc                alt_load
 .text          0x0000000000008180       0x7c ../TX_bsp/\libhal_bsp.a(alt_main.o)
                0x0000000000008180                alt_main
 .text          0x00000000000081fc       0xa0 ../TX_bsp/\libhal_bsp.a(alt_sys_init.o)
                0x0000000000008230                alt_irq_init
                0x0000000000008268                alt_sys_init
 .text          0x000000000000829c       0xc0 ../TX_bsp/\libhal_bsp.a(altera_avalon_jtag_uart_fd.o)
                0x000000000000829c                altera_avalon_jtag_uart_read_fd
                0x00000000000082fc                altera_avalon_jtag_uart_write_fd
 .text          0x000000000000835c       0xec ../TX_bsp/\libhal_bsp.a(altera_avalon_jtag_uart_read.o)
                0x000000000000835c                altera_avalon_jtag_uart_read
 .text          0x0000000000008448       0x94 ../TX_bsp/\libhal_bsp.a(altera_avalon_jtag_uart_write.o)
                0x0000000000008448                altera_avalon_jtag_uart_write
 .text          0x00000000000084dc      0x114 ../TX_bsp/\libhal_bsp.a(alt_close.o)
                0x0000000000008518                close
 .text          0x00000000000085f0       0x20 ../TX_bsp/\libhal_bsp.a(alt_dcache_flush_all.o)
                0x00000000000085f0                alt_dcache_flush_all
 .text          0x0000000000008610       0x2c ../TX_bsp/\libhal_bsp.a(alt_dev.o)
 .text          0x000000000000863c       0xe0 ../TX_bsp/\libhal_bsp.a(alt_dev_llist_insert.o)
                0x0000000000008678                alt_dev_llist_insert
 .text          0x000000000000871c       0x60 ../TX_bsp/\libhal_bsp.a(alt_do_ctors.o)
                0x000000000000871c                _do_ctors
 .text          0x000000000000877c       0x60 ../TX_bsp/\libhal_bsp.a(alt_do_dtors.o)
                0x000000000000877c                _do_dtors
 .text          0x00000000000087dc        0x0 ../TX_bsp/\libhal_bsp.a(alt_errno.o)
 .text          0x00000000000087dc       0x20 ../TX_bsp/\libhal_bsp.a(alt_icache_flush_all.o)
                0x00000000000087dc                alt_icache_flush_all
 .text          0x00000000000087fc      0x160 ../TX_bsp/\libhal_bsp.a(alt_io_redirect.o)
                0x00000000000088e0                alt_io_redirect
 .text          0x000000000000895c      0x284 ../TX_bsp/\libhal_bsp.a(alt_open.o)
                0x0000000000008a84                open
 .text          0x0000000000008be0       0x84 ../TX_bsp/\libhal_bsp.a(alt_release_fd.o)
                0x0000000000008be0                alt_release_fd
 .text          0x0000000000008c64       0x24 ../TX_bsp/\libhal_bsp.a(altera_nios2_qsys_irq.o)
                0x0000000000008c64                altera_nios2_qsys_irq_init
 .text          0x0000000000008c88       0x90 ../TX_bsp/\libhal_bsp.a(alt_find_dev.o)
                0x0000000000008c88                alt_find_dev
 .text          0x0000000000008d18      0x108 ../TX_bsp/\libhal_bsp.a(alt_find_file.o)
                0x0000000000008d18                alt_find_file
 .text          0x0000000000008e20       0xc4 ../TX_bsp/\libhal_bsp.a(alt_get_fd.o)
                0x0000000000008e20                alt_get_fd
 .text          0x0000000000008ee4        0x0 c:/intelfpga_lite/18.1/nios2eds/bin/gnu/h-x86_64-mingw32/bin/../lib/gcc/nios2-elf/5.3.0/../../../../../H-x86_64-mingw32/nios2-elf/lib/mno-hw-mul\libsmallc.a(lib_a-atexit.o)
 .text.atexit   0x0000000000008ee4       0x14 c:/intelfpga_lite/18.1/nios2eds/bin/gnu/h-x86_64-mingw32/bin/../lib/gcc/nios2-elf/5.3.0/../../../../../H-x86_64-mingw32/nios2-elf/lib/mno-hw-mul\libsmallc.a(lib_a-atexit.o)
                0x0000000000008ee4                atexit
 .text          0x0000000000008ef8        0x0 c:/intelfpga_lite/18.1/nios2eds/bin/gnu/h-x86_64-mingw32/bin/../lib/gcc/nios2-elf/5.3.0/../../../../../H-x86_64-mingw32/nios2-elf/lib/mno-hw-mul\libsmallc.a(lib_a-exit.o)
 .text.exit     0x0000000000008ef8       0x20 c:/intelfpga_lite/18.1/nios2eds/bin/gnu/h-x86_64-mingw32/bin/../lib/gcc/nios2-elf/5.3.0/../../../../../H-x86_64-mingw32/nios2-elf/lib/mno-hw-mul\libsmallc.a(lib_a-exit.o)
                0x0000000000008ef8                exit
 .text          0x0000000000008f18        0x0 c:/intelfpga_lite/18.1/nios2eds/bin/gnu/h-x86_64-mingw32/bin/../lib/gcc/nios2-elf/5.3.0/../../../../../H-x86_64-mingw32/nios2-elf/lib/mno-hw-mul\libsmallc.a(lib_a-int_errno.o)
 .text          0x0000000000008f18        0x0 c:/intelfpga_lite/18.1/nios2eds/bin/gnu/h-x86_64-mingw32/bin/../lib/gcc/nios2-elf/5.3.0/../../../../../H-x86_64-mingw32/nios2-elf/lib/mno-hw-mul\libsmallc.a(lib_a-memcmp.o)
 .text.memcmp   0x0000000000008f18       0x30 c:/intelfpga_lite/18.1/nios2eds/bin/gnu/h-x86_64-mingw32/bin/../lib/gcc/nios2-elf/5.3.0/../../../../../H-x86_64-mingw32/nios2-elf/lib/mno-hw-mul\libsmallc.a(lib_a-memcmp.o)
                0x0000000000008f18                memcmp
 .text          0x0000000000008f48        0x0 c:/intelfpga_lite/18.1/nios2eds/bin/gnu/h-x86_64-mingw32/bin/../lib/gcc/nios2-elf/5.3.0/../../../../../H-x86_64-mingw32/nios2-elf/lib/mno-hw-mul\libsmallc.a(lib_a-strlen.o)
 .text.strlen   0x0000000000008f48       0x1c c:/intelfpga_lite/18.1/nios2eds/bin/gnu/h-x86_64-mingw32/bin/../lib/gcc/nios2-elf/5.3.0/../../../../../H-x86_64-mingw32/nios2-elf/lib/mno-hw-mul\libsmallc.a(lib_a-strlen.o)
                0x0000000000008f48                strlen
 .text          0x0000000000008f64        0x0 c:/intelfpga_lite/18.1/nios2eds/bin/gnu/h-x86_64-mingw32/bin/../lib/gcc/nios2-elf/5.3.0/../../../../../H-x86_64-mingw32/nios2-elf/lib/mno-hw-mul\libsmallc.a(lib_a-__atexit.o)
 .text.__register_exitproc
                0x0000000000008f64      0x158 c:/intelfpga_lite/18.1/nios2eds/bin/gnu/h-x86_64-mingw32/bin/../lib/gcc/nios2-elf/5.3.0/../../../../../H-x86_64-mingw32/nios2-elf/lib/mno-hw-mul\libsmallc.a(lib_a-__atexit.o)
                0x0000000000008f64                __register_exitproc
 .text          0x00000000000090bc        0x0 c:/intelfpga_lite/18.1/nios2eds/bin/gnu/h-x86_64-mingw32/bin/../lib/gcc/nios2-elf/5.3.0/../../../../../H-x86_64-mingw32/nios2-elf/lib/mno-hw-mul\libsmallc.a(lib_a-__call_atexit.o)
 .text.__call_exitprocs
                0x00000000000090bc      0x190 c:/intelfpga_lite/18.1/nios2eds/bin/gnu/h-x86_64-mingw32/bin/../lib/gcc/nios2-elf/5.3.0/../../../../../H-x86_64-mingw32/nios2-elf/lib/mno-hw-mul\libsmallc.a(lib_a-__call_atexit.o)
                0x00000000000090bc                __call_exitprocs
 .text          0x000000000000924c        0x0 c:/intelfpga_lite/18.1/nios2eds/bin/gnu/h-x86_64-mingw32/bin/../lib/gcc/nios2-elf/5.3.0/../../../../../H-x86_64-mingw32/nios2-elf/lib/mno-hw-mul\libsmallc.a(lib_a-impure.o)
 .text          0x000000000000924c       0x28 c:/intelfpga_lite/18.1/nios2eds/bin/gnu/h-x86_64-mingw32/bin/../lib/gcc/nios2-elf/5.3.0/mno-hw-mul\libgcc.a(lib2-mul.o)
                0x000000000000924c                __mulsi3
 .text          0x0000000000009274       0x34 ../TX_bsp/\libhal_bsp.a(alt_exit.o)
                0x0000000000009274                _exit
 *(.gnu.warning.*)
 *(.fini)
                [!provide]                        PROVIDE (__etext, ABSOLUTE (.))
                [!provide]                        PROVIDE (_etext, ABSOLUTE (.))
                [!provide]                        PROVIDE (etext, ABSOLUTE (.))
 *(.eh_frame_hdr)
                0x00000000000092a8                . = ALIGN (0x4)
                [!provide]                        PROVIDE (__preinit_array_start, ABSOLUTE (.))
 *(.preinit_array)
                [!provide]                        PROVIDE (__preinit_array_end, ABSOLUTE (.))
                [!provide]                        PROVIDE (__init_array_start, ABSOLUTE (.))
 *(.init_array)
                [!provide]                        PROVIDE (__init_array_end, ABSOLUTE (.))
                [!provide]                        PROVIDE (__fini_array_start, ABSOLUTE (.))
 *(.fini_array)
                [!provide]                        PROVIDE (__fini_array_end, ABSOLUTE (.))
 *(.eh_frame)
 *(.gcc_except_table .gcc_except_table.*)
 *(.dynamic)
                0x00000000000092a8                PROVIDE (__CTOR_LIST__, ABSOLUTE (.))
 *(.ctors)
 *(SORT(.ctors.*))
                0x00000000000092a8                PROVIDE (__CTOR_END__, ABSOLUTE (.))
                0x00000000000092a8                PROVIDE (__DTOR_LIST__, ABSOLUTE (.))
 *(.dtors)
 *(SORT(.dtors.*))
                0x00000000000092a8                PROVIDE (__DTOR_END__, ABSOLUTE (.))
 *(.jcr)
                0x00000000000092a8                . = ALIGN (0x4)

.rodata         0x00000000000092a8       0x34
                0x00000000000092a8                PROVIDE (__ram_rodata_start, ABSOLUTE (.))
                0x00000000000092a8                . = ALIGN (0x4)
 *(.rodata .rodata.* .gnu.linkonce.r.*)
 .rodata        0x00000000000092a8       0x11 ../TX_bsp/\libhal_bsp.a(alt_main.o)
 *fill*         0x00000000000092b9        0x3 
 .rodata        0x00000000000092bc       0x11 ../TX_bsp/\libhal_bsp.a(alt_sys_init.o)
 *fill*         0x00000000000092cd        0x3 
 .rodata        0x00000000000092d0        0xa ../TX_bsp/\libhal_bsp.a(alt_dev.o)
 *(.rodata1)
                0x00000000000092dc                . = ALIGN (0x4)
 *fill*         0x00000000000092da        0x2 
                0x00000000000092dc                PROVIDE (__ram_rodata_end, ABSOLUTE (.))
                0x00000000000092a8                PROVIDE (__flash_rodata_start, LOADADDR (.rodata))

.rwdata         0x00000000000092dc      0x2d4 load address 0x00000000000095b0
                0x00000000000092dc                PROVIDE (__ram_rwdata_start, ABSOLUTE (.))
                0x00000000000092dc                . = ALIGN (0x4)
 *(.got.plt)
 *(.got)
 *(.data1)
 *(.data .data.* .gnu.linkonce.d.*)
 .data          0x00000000000092dc        0x0 ../TX_bsp//obj/HAL/src/crt0.o
 .data          0x00000000000092dc        0x0 obj/default/TX.o
 .data          0x00000000000092dc        0x0 ../TX_bsp/\libhal_bsp.a(alt_load.o)
 .data          0x00000000000092dc        0x0 ../TX_bsp/\libhal_bsp.a(alt_main.o)
 .data          0x00000000000092dc       0x2c ../TX_bsp/\libhal_bsp.a(alt_sys_init.o)
 .data          0x0000000000009308        0x0 ../TX_bsp/\libhal_bsp.a(altera_avalon_jtag_uart_fd.o)
 .data          0x0000000000009308        0x0 ../TX_bsp/\libhal_bsp.a(altera_avalon_jtag_uart_read.o)
 .data          0x0000000000009308        0x0 ../TX_bsp/\libhal_bsp.a(altera_avalon_jtag_uart_write.o)
 .data          0x0000000000009308        0x0 ../TX_bsp/\libhal_bsp.a(alt_close.o)
 .data          0x0000000000009308        0x0 ../TX_bsp/\libhal_bsp.a(alt_dcache_flush_all.o)
 .data          0x0000000000009308      0x1a8 ../TX_bsp/\libhal_bsp.a(alt_dev.o)
                0x0000000000009308                alt_dev_null
                0x0000000000009330                alt_fd_list
 .data          0x00000000000094b0        0x0 ../TX_bsp/\libhal_bsp.a(alt_dev_llist_insert.o)
 .data          0x00000000000094b0        0x0 ../TX_bsp/\libhal_bsp.a(alt_do_ctors.o)
 .data          0x00000000000094b0        0x0 ../TX_bsp/\libhal_bsp.a(alt_do_dtors.o)
 .data          0x00000000000094b0        0x0 ../TX_bsp/\libhal_bsp.a(alt_errno.o)
 .data          0x00000000000094b0        0x0 ../TX_bsp/\libhal_bsp.a(alt_icache_flush_all.o)
 .data          0x00000000000094b0        0x0 ../TX_bsp/\libhal_bsp.a(alt_io_redirect.o)
 .data          0x00000000000094b0        0x0 ../TX_bsp/\libhal_bsp.a(alt_open.o)
 .data          0x00000000000094b0        0x0 ../TX_bsp/\libhal_bsp.a(alt_release_fd.o)
 .data          0x00000000000094b0        0x0 ../TX_bsp/\libhal_bsp.a(altera_nios2_qsys_irq.o)
 .data          0x00000000000094b0        0x0 ../TX_bsp/\libhal_bsp.a(alt_find_dev.o)
 .data          0x00000000000094b0        0x0 ../TX_bsp/\libhal_bsp.a(alt_find_file.o)
 .data          0x00000000000094b0        0x0 ../TX_bsp/\libhal_bsp.a(alt_get_fd.o)
 .data          0x00000000000094b0        0x0 c:/intelfpga_lite/18.1/nios2eds/bin/gnu/h-x86_64-mingw32/bin/../lib/gcc/nios2-elf/5.3.0/../../../../../H-x86_64-mingw32/nios2-elf/lib/mno-hw-mul\libsmallc.a(lib_a-atexit.o)
 .data          0x00000000000094b0        0x0 c:/intelfpga_lite/18.1/nios2eds/bin/gnu/h-x86_64-mingw32/bin/../lib/gcc/nios2-elf/5.3.0/../../../../../H-x86_64-mingw32/nios2-elf/lib/mno-hw-mul\libsmallc.a(lib_a-exit.o)
 .data          0x00000000000094b0        0x0 c:/intelfpga_lite/18.1/nios2eds/bin/gnu/h-x86_64-mingw32/bin/../lib/gcc/nios2-elf/5.3.0/../../../../../H-x86_64-mingw32/nios2-elf/lib/mno-hw-mul\libsmallc.a(lib_a-int_errno.o)
 .data          0x00000000000094b0        0x0 c:/intelfpga_lite/18.1/nios2eds/bin/gnu/h-x86_64-mingw32/bin/../lib/gcc/nios2-elf/5.3.0/../../../../../H-x86_64-mingw32/nios2-elf/lib/mno-hw-mul\libsmallc.a(lib_a-memcmp.o)
 .data          0x00000000000094b0        0x0 c:/intelfpga_lite/18.1/nios2eds/bin/gnu/h-x86_64-mingw32/bin/../lib/gcc/nios2-elf/5.3.0/../../../../../H-x86_64-mingw32/nios2-elf/lib/mno-hw-mul\libsmallc.a(lib_a-strlen.o)
 .data          0x00000000000094b0        0x0 c:/intelfpga_lite/18.1/nios2eds/bin/gnu/h-x86_64-mingw32/bin/../lib/gcc/nios2-elf/5.3.0/../../../../../H-x86_64-mingw32/nios2-elf/lib/mno-hw-mul\libsmallc.a(lib_a-__atexit.o)
 .data          0x00000000000094b0        0x0 c:/intelfpga_lite/18.1/nios2eds/bin/gnu/h-x86_64-mingw32/bin/../lib/gcc/nios2-elf/5.3.0/../../../../../H-x86_64-mingw32/nios2-elf/lib/mno-hw-mul\libsmallc.a(lib_a-__call_atexit.o)
 .data          0x00000000000094b0        0x0 c:/intelfpga_lite/18.1/nios2eds/bin/gnu/h-x86_64-mingw32/bin/../lib/gcc/nios2-elf/5.3.0/../../../../../H-x86_64-mingw32/nios2-elf/lib/mno-hw-mul\libsmallc.a(lib_a-impure.o)
 .data.impure_data
                0x00000000000094b0       0xe0 c:/intelfpga_lite/18.1/nios2eds/bin/gnu/h-x86_64-mingw32/bin/../lib/gcc/nios2-elf/5.3.0/../../../../../H-x86_64-mingw32/nios2-elf/lib/mno-hw-mul\libsmallc.a(lib_a-impure.o)
 .data          0x0000000000009590        0x0 c:/intelfpga_lite/18.1/nios2eds/bin/gnu/h-x86_64-mingw32/bin/../lib/gcc/nios2-elf/5.3.0/mno-hw-mul\libgcc.a(lib2-mul.o)
 .data          0x0000000000009590        0x0 ../TX_bsp/\libhal_bsp.a(alt_exit.o)
                0x0000000000011590                _gp = ABSOLUTE ((. + 0x8000))
                [!provide]                        PROVIDE (gp, _gp)
 *(.rwdata .rwdata.*)
 *(.sdata .sdata.* .gnu.linkonce.s.*)
 .sdata         0x0000000000009590       0x14 ../TX_bsp/\libhal_bsp.a(alt_dev.o)
                0x0000000000009590                alt_fs_list
                0x0000000000009598                alt_dev_list
                0x00000000000095a0                alt_max_fd
 .sdata         0x00000000000095a4        0x4 ../TX_bsp/\libhal_bsp.a(alt_errno.o)
                0x00000000000095a4                alt_errno
 .sdata._global_impure_ptr
                0x00000000000095a8        0x4 c:/intelfpga_lite/18.1/nios2eds/bin/gnu/h-x86_64-mingw32/bin/../lib/gcc/nios2-elf/5.3.0/../../../../../H-x86_64-mingw32/nios2-elf/lib/mno-hw-mul\libsmallc.a(lib_a-impure.o)
                0x00000000000095a8                _global_impure_ptr
 .sdata._impure_ptr
                0x00000000000095ac        0x4 c:/intelfpga_lite/18.1/nios2eds/bin/gnu/h-x86_64-mingw32/bin/../lib/gcc/nios2-elf/5.3.0/../../../../../H-x86_64-mingw32/nios2-elf/lib/mno-hw-mul\libsmallc.a(lib_a-impure.o)
                0x00000000000095ac                _impure_ptr
 *(.sdata2 .sdata2.* .gnu.linkonce.s2.*)
                0x00000000000095b0                . = ALIGN (0x4)
                0x00000000000095b0                _edata = ABSOLUTE (.)
                [!provide]                        PROVIDE (edata, ABSOLUTE (.))
                0x00000000000095b0                PROVIDE (__ram_rwdata_end, ABSOLUTE (.))
                0x00000000000095b0                PROVIDE (__flash_rwdata_start, LOADADDR (.rwdata))

.bss            0x0000000000009884       0x10
                0x0000000000009884                __bss_start = ABSOLUTE (.)
                [!provide]                        PROVIDE (__sbss_start, ABSOLUTE (.))
                [!provide]                        PROVIDE (___sbss_start, ABSOLUTE (.))
 *(.dynsbss)
 *(.sbss .sbss.* .gnu.linkonce.sb.*)
 .sbss          0x0000000000009884        0xc ../TX_bsp/\libhal_bsp.a(alt_main.o)
                0x0000000000009884                alt_argc
                0x0000000000009888                alt_argv
                0x000000000000988c                alt_envp
 .sbss          0x0000000000009890        0x4 c:/intelfpga_lite/18.1/nios2eds/bin/gnu/h-x86_64-mingw32/bin/../lib/gcc/nios2-elf/5.3.0/../../../../../H-x86_64-mingw32/nios2-elf/lib/mno-hw-mul\libsmallc.a(lib_a-int_errno.o)
                0x0000000000009890                errno
 *(.sbss2 .sbss2.* .gnu.linkonce.sb2.*)
 *(.scommon)
                [!provide]                        PROVIDE (__sbss_end, ABSOLUTE (.))
                [!provide]                        PROVIDE (___sbss_end, ABSOLUTE (.))
 *(.dynbss)
 *(.bss .bss.* .gnu.linkonce.b.*)
 .bss           0x0000000000009894        0x0 ../TX_bsp//obj/HAL/src/crt0.o
 .bss           0x0000000000009894        0x0 obj/default/TX.o
 .bss           0x0000000000009894        0x0 ../TX_bsp/\libhal_bsp.a(alt_load.o)
 .bss           0x0000000000009894        0x0 ../TX_bsp/\libhal_bsp.a(alt_main.o)
 .bss           0x0000000000009894        0x0 ../TX_bsp/\libhal_bsp.a(alt_sys_init.o)
 .bss           0x0000000000009894        0x0 ../TX_bsp/\libhal_bsp.a(altera_avalon_jtag_uart_fd.o)
 .bss           0x0000000000009894        0x0 ../TX_bsp/\libhal_bsp.a(altera_avalon_jtag_uart_read.o)
 .bss           0x0000000000009894        0x0 ../TX_bsp/\libhal_bsp.a(altera_avalon_jtag_uart_write.o)
 .bss           0x0000000000009894        0x0 ../TX_bsp/\libhal_bsp.a(alt_close.o)
 .bss           0x0000000000009894        0x0 ../TX_bsp/\libhal_bsp.a(alt_dcache_flush_all.o)
 .bss           0x0000000000009894        0x0 ../TX_bsp/\libhal_bsp.a(alt_dev.o)
 .bss           0x0000000000009894        0x0 ../TX_bsp/\libhal_bsp.a(alt_dev_llist_insert.o)
 .bss           0x0000000000009894        0x0 ../TX_bsp/\libhal_bsp.a(alt_do_ctors.o)
 .bss           0x0000000000009894        0x0 ../TX_bsp/\libhal_bsp.a(alt_do_dtors.o)
 .bss           0x0000000000009894        0x0 ../TX_bsp/\libhal_bsp.a(alt_errno.o)
 .bss           0x0000000000009894        0x0 ../TX_bsp/\libhal_bsp.a(alt_icache_flush_all.o)
 .bss           0x0000000000009894        0x0 ../TX_bsp/\libhal_bsp.a(alt_io_redirect.o)
 .bss           0x0000000000009894        0x0 ../TX_bsp/\libhal_bsp.a(alt_open.o)
 .bss           0x0000000000009894        0x0 ../TX_bsp/\libhal_bsp.a(alt_release_fd.o)
 .bss           0x0000000000009894        0x0 ../TX_bsp/\libhal_bsp.a(altera_nios2_qsys_irq.o)
 .bss           0x0000000000009894        0x0 ../TX_bsp/\libhal_bsp.a(alt_find_dev.o)
 .bss           0x0000000000009894        0x0 ../TX_bsp/\libhal_bsp.a(alt_find_file.o)
 .bss           0x0000000000009894        0x0 ../TX_bsp/\libhal_bsp.a(alt_get_fd.o)
 .bss           0x0000000000009894        0x0 c:/intelfpga_lite/18.1/nios2eds/bin/gnu/h-x86_64-mingw32/bin/../lib/gcc/nios2-elf/5.3.0/../../../../../H-x86_64-mingw32/nios2-elf/lib/mno-hw-mul\libsmallc.a(lib_a-atexit.o)
 .bss           0x0000000000009894        0x0 c:/intelfpga_lite/18.1/nios2eds/bin/gnu/h-x86_64-mingw32/bin/../lib/gcc/nios2-elf/5.3.0/../../../../../H-x86_64-mingw32/nios2-elf/lib/mno-hw-mul\libsmallc.a(lib_a-exit.o)
 .bss           0x0000000000009894        0x0 c:/intelfpga_lite/18.1/nios2eds/bin/gnu/h-x86_64-mingw32/bin/../lib/gcc/nios2-elf/5.3.0/../../../../../H-x86_64-mingw32/nios2-elf/lib/mno-hw-mul\libsmallc.a(lib_a-int_errno.o)
 .bss           0x0000000000009894        0x0 c:/intelfpga_lite/18.1/nios2eds/bin/gnu/h-x86_64-mingw32/bin/../lib/gcc/nios2-elf/5.3.0/../../../../../H-x86_64-mingw32/nios2-elf/lib/mno-hw-mul\libsmallc.a(lib_a-memcmp.o)
 .bss           0x0000000000009894        0x0 c:/intelfpga_lite/18.1/nios2eds/bin/gnu/h-x86_64-mingw32/bin/../lib/gcc/nios2-elf/5.3.0/../../../../../H-x86_64-mingw32/nios2-elf/lib/mno-hw-mul\libsmallc.a(lib_a-strlen.o)
 .bss           0x0000000000009894        0x0 c:/intelfpga_lite/18.1/nios2eds/bin/gnu/h-x86_64-mingw32/bin/../lib/gcc/nios2-elf/5.3.0/../../../../../H-x86_64-mingw32/nios2-elf/lib/mno-hw-mul\libsmallc.a(lib_a-__atexit.o)
 .bss           0x0000000000009894        0x0 c:/intelfpga_lite/18.1/nios2eds/bin/gnu/h-x86_64-mingw32/bin/../lib/gcc/nios2-elf/5.3.0/../../../../../H-x86_64-mingw32/nios2-elf/lib/mno-hw-mul\libsmallc.a(lib_a-__call_atexit.o)
 .bss           0x0000000000009894        0x0 c:/intelfpga_lite/18.1/nios2eds/bin/gnu/h-x86_64-mingw32/bin/../lib/gcc/nios2-elf/5.3.0/../../../../../H-x86_64-mingw32/nios2-elf/lib/mno-hw-mul\libsmallc.a(lib_a-impure.o)
 .bss           0x0000000000009894        0x0 c:/intelfpga_lite/18.1/nios2eds/bin/gnu/h-x86_64-mingw32/bin/../lib/gcc/nios2-elf/5.3.0/mno-hw-mul\libgcc.a(lib2-mul.o)
 .bss           0x0000000000009894        0x0 ../TX_bsp/\libhal_bsp.a(alt_exit.o)
 *(COMMON)
                0x0000000000009894                . = ALIGN (0x4)
                0x0000000000009894                __bss_end = ABSOLUTE (.)

.onchip_memory2_0
                0x0000000000009894        0x0
                [!provide]                        PROVIDE (_alt_partition_onchip_memory2_0_start, ABSOLUTE (.))
 *(.onchip_memory2_0 .onchip_memory2_0. onchip_memory2_0.*)
                0x0000000000009894                . = ALIGN (0x4)
                [!provide]                        PROVIDE (_alt_partition_onchip_memory2_0_end, ABSOLUTE (.))
                0x0000000000009894                _end = ABSOLUTE (.)
                0x0000000000009894                end = ABSOLUTE (.)
                0x0000000000009894                __alt_stack_base = ABSOLUTE (.)
                [!provide]                        PROVIDE (_alt_partition_onchip_memory2_0_load_addr, LOADADDR (.onchip_memory2_0))

.stab
 *(.stab)

.stabstr
 *(.stabstr)

.stab.excl
 *(.stab.excl)

.stab.exclstr
 *(.stab.exclstr)

.stab.index
 *(.stab.index)

.stab.indexstr
 *(.stab.indexstr)

.comment        0x0000000000000000       0x23
 *(.comment)
 .comment       0x0000000000000000       0x23 obj/default/TX.o
                                         0x24 (size before relaxing)
 .comment       0x0000000000000023       0x24 ../TX_bsp/\libhal_bsp.a(alt_load.o)
 .comment       0x0000000000000023       0x24 ../TX_bsp/\libhal_bsp.a(alt_main.o)
 .comment       0x0000000000000023       0x24 ../TX_bsp/\libhal_bsp.a(alt_sys_init.o)
 .comment       0x0000000000000023       0x24 ../TX_bsp/\libhal_bsp.a(altera_avalon_jtag_uart_fd.o)
 .comment       0x0000000000000023       0x24 ../TX_bsp/\libhal_bsp.a(altera_avalon_jtag_uart_read.o)
 .comment       0x0000000000000023       0x24 ../TX_bsp/\libhal_bsp.a(altera_avalon_jtag_uart_write.o)
 .comment       0x0000000000000023       0x24 ../TX_bsp/\libhal_bsp.a(alt_close.o)
 .comment       0x0000000000000023       0x24 ../TX_bsp/\libhal_bsp.a(alt_dcache_flush_all.o)
 .comment       0x0000000000000023       0x24 ../TX_bsp/\libhal_bsp.a(alt_dev.o)
 .comment       0x0000000000000023       0x24 ../TX_bsp/\libhal_bsp.a(alt_dev_llist_insert.o)
 .comment       0x0000000000000023       0x24 ../TX_bsp/\libhal_bsp.a(alt_do_ctors.o)
 .comment       0x0000000000000023       0x24 ../TX_bsp/\libhal_bsp.a(alt_do_dtors.o)
 .comment       0x0000000000000023       0x24 ../TX_bsp/\libhal_bsp.a(alt_errno.o)
 .comment       0x0000000000000023       0x24 ../TX_bsp/\libhal_bsp.a(alt_icache_flush_all.o)
 .comment       0x0000000000000023       0x24 ../TX_bsp/\libhal_bsp.a(alt_io_redirect.o)
 .comment       0x0000000000000023       0x24 ../TX_bsp/\libhal_bsp.a(alt_open.o)
 .comment       0x0000000000000023       0x24 ../TX_bsp/\libhal_bsp.a(alt_release_fd.o)
 .comment       0x0000000000000023       0x24 ../TX_bsp/\libhal_bsp.a(altera_nios2_qsys_irq.o)
 .comment       0x0000000000000023       0x24 ../TX_bsp/\libhal_bsp.a(alt_find_dev.o)
 .comment       0x0000000000000023       0x24 ../TX_bsp/\libhal_bsp.a(alt_find_file.o)
 .comment       0x0000000000000023       0x24 ../TX_bsp/\libhal_bsp.a(alt_get_fd.o)
 .comment       0x0000000000000023       0x24 c:/intelfpga_lite/18.1/nios2eds/bin/gnu/h-x86_64-mingw32/bin/../lib/gcc/nios2-elf/5.3.0/../../../../../H-x86_64-mingw32/nios2-elf/lib/mno-hw-mul\libsmallc.a(lib_a-atexit.o)
 .comment       0x0000000000000023       0x24 c:/intelfpga_lite/18.1/nios2eds/bin/gnu/h-x86_64-mingw32/bin/../lib/gcc/nios2-elf/5.3.0/../../../../../H-x86_64-mingw32/nios2-elf/lib/mno-hw-mul\libsmallc.a(lib_a-exit.o)
 .comment       0x0000000000000023       0x24 c:/intelfpga_lite/18.1/nios2eds/bin/gnu/h-x86_64-mingw32/bin/../lib/gcc/nios2-elf/5.3.0/../../../../../H-x86_64-mingw32/nios2-elf/lib/mno-hw-mul\libsmallc.a(lib_a-int_errno.o)
 .comment       0x0000000000000023       0x24 c:/intelfpga_lite/18.1/nios2eds/bin/gnu/h-x86_64-mingw32/bin/../lib/gcc/nios2-elf/5.3.0/../../../../../H-x86_64-mingw32/nios2-elf/lib/mno-hw-mul\libsmallc.a(lib_a-memcmp.o)
 .comment       0x0000000000000023       0x24 c:/intelfpga_lite/18.1/nios2eds/bin/gnu/h-x86_64-mingw32/bin/../lib/gcc/nios2-elf/5.3.0/../../../../../H-x86_64-mingw32/nios2-elf/lib/mno-hw-mul\libsmallc.a(lib_a-strlen.o)
 .comment       0x0000000000000023       0x24 c:/intelfpga_lite/18.1/nios2eds/bin/gnu/h-x86_64-mingw32/bin/../lib/gcc/nios2-elf/5.3.0/../../../../../H-x86_64-mingw32/nios2-elf/lib/mno-hw-mul\libsmallc.a(lib_a-__atexit.o)
 .comment       0x0000000000000023       0x24 c:/intelfpga_lite/18.1/nios2eds/bin/gnu/h-x86_64-mingw32/bin/../lib/gcc/nios2-elf/5.3.0/../../../../../H-x86_64-mingw32/nios2-elf/lib/mno-hw-mul\libsmallc.a(lib_a-__call_atexit.o)
 .comment       0x0000000000000023       0x24 c:/intelfpga_lite/18.1/nios2eds/bin/gnu/h-x86_64-mingw32/bin/../lib/gcc/nios2-elf/5.3.0/../../../../../H-x86_64-mingw32/nios2-elf/lib/mno-hw-mul\libsmallc.a(lib_a-impure.o)
 .comment       0x0000000000000023       0x24 c:/intelfpga_lite/18.1/nios2eds/bin/gnu/h-x86_64-mingw32/bin/../lib/gcc/nios2-elf/5.3.0/mno-hw-mul\libgcc.a(lib2-mul.o)
 .comment       0x0000000000000023       0x24 ../TX_bsp/\libhal_bsp.a(alt_exit.o)

.debug
 *(.debug)

.line
 *(.line)

.debug_srcinfo
 *(.debug_srcinfo)

.debug_sfnames
 *(.debug_sfnames)

.debug_aranges  0x0000000000000000      0x410
 *(.debug_aranges)
 .debug_aranges
                0x0000000000000000       0x28 ../TX_bsp//obj/HAL/src/crt0.o
 .debug_aranges
                0x0000000000000028       0x20 obj/default/TX.o
 .debug_aranges
                0x0000000000000048       0x20 ../TX_bsp/\libhal_bsp.a(alt_load.o)
 .debug_aranges
                0x0000000000000068       0x20 ../TX_bsp/\libhal_bsp.a(alt_main.o)
 .debug_aranges
                0x0000000000000088       0x20 ../TX_bsp/\libhal_bsp.a(alt_sys_init.o)
 .debug_aranges
                0x00000000000000a8       0x20 ../TX_bsp/\libhal_bsp.a(altera_avalon_jtag_uart_fd.o)
 .debug_aranges
                0x00000000000000c8       0x20 ../TX_bsp/\libhal_bsp.a(altera_avalon_jtag_uart_read.o)
 .debug_aranges
                0x00000000000000e8       0x20 ../TX_bsp/\libhal_bsp.a(altera_avalon_jtag_uart_write.o)
 .debug_aranges
                0x0000000000000108       0x20 ../TX_bsp/\libhal_bsp.a(alt_close.o)
 .debug_aranges
                0x0000000000000128       0x20 ../TX_bsp/\libhal_bsp.a(alt_dcache_flush_all.o)
 .debug_aranges
                0x0000000000000148       0x20 ../TX_bsp/\libhal_bsp.a(alt_dev.o)
 .debug_aranges
                0x0000000000000168       0x20 ../TX_bsp/\libhal_bsp.a(alt_dev_llist_insert.o)
 .debug_aranges
                0x0000000000000188       0x20 ../TX_bsp/\libhal_bsp.a(alt_do_ctors.o)
 .debug_aranges
                0x00000000000001a8       0x20 ../TX_bsp/\libhal_bsp.a(alt_do_dtors.o)
 .debug_aranges
                0x00000000000001c8       0x18 ../TX_bsp/\libhal_bsp.a(alt_errno.o)
 .debug_aranges
                0x00000000000001e0       0x20 ../TX_bsp/\libhal_bsp.a(alt_icache_flush_all.o)
 .debug_aranges
                0x0000000000000200       0x20 ../TX_bsp/\libhal_bsp.a(alt_io_redirect.o)
 .debug_aranges
                0x0000000000000220       0x20 ../TX_bsp/\libhal_bsp.a(alt_open.o)
 .debug_aranges
                0x0000000000000240       0x20 ../TX_bsp/\libhal_bsp.a(alt_release_fd.o)
 .debug_aranges
                0x0000000000000260       0x20 ../TX_bsp/\libhal_bsp.a(altera_nios2_qsys_irq.o)
 .debug_aranges
                0x0000000000000280       0x20 ../TX_bsp/\libhal_bsp.a(alt_find_dev.o)
 .debug_aranges
                0x00000000000002a0       0x20 ../TX_bsp/\libhal_bsp.a(alt_find_file.o)
 .debug_aranges
                0x00000000000002c0       0x20 ../TX_bsp/\libhal_bsp.a(alt_get_fd.o)
 .debug_aranges
                0x00000000000002e0       0x20 c:/intelfpga_lite/18.1/nios2eds/bin/gnu/h-x86_64-mingw32/bin/../lib/gcc/nios2-elf/5.3.0/../../../../../H-x86_64-mingw32/nios2-elf/lib/mno-hw-mul\libsmallc.a(lib_a-atexit.o)
 .debug_aranges
                0x0000000000000300       0x20 c:/intelfpga_lite/18.1/nios2eds/bin/gnu/h-x86_64-mingw32/bin/../lib/gcc/nios2-elf/5.3.0/../../../../../H-x86_64-mingw32/nios2-elf/lib/mno-hw-mul\libsmallc.a(lib_a-exit.o)
 .debug_aranges
                0x0000000000000320       0x18 c:/intelfpga_lite/18.1/nios2eds/bin/gnu/h-x86_64-mingw32/bin/../lib/gcc/nios2-elf/5.3.0/../../../../../H-x86_64-mingw32/nios2-elf/lib/mno-hw-mul\libsmallc.a(lib_a-int_errno.o)
 .debug_aranges
                0x0000000000000338       0x20 c:/intelfpga_lite/18.1/nios2eds/bin/gnu/h-x86_64-mingw32/bin/../lib/gcc/nios2-elf/5.3.0/../../../../../H-x86_64-mingw32/nios2-elf/lib/mno-hw-mul\libsmallc.a(lib_a-memcmp.o)
 .debug_aranges
                0x0000000000000358       0x20 c:/intelfpga_lite/18.1/nios2eds/bin/gnu/h-x86_64-mingw32/bin/../lib/gcc/nios2-elf/5.3.0/../../../../../H-x86_64-mingw32/nios2-elf/lib/mno-hw-mul\libsmallc.a(lib_a-strlen.o)
 .debug_aranges
                0x0000000000000378       0x20 c:/intelfpga_lite/18.1/nios2eds/bin/gnu/h-x86_64-mingw32/bin/../lib/gcc/nios2-elf/5.3.0/../../../../../H-x86_64-mingw32/nios2-elf/lib/mno-hw-mul\libsmallc.a(lib_a-__atexit.o)
 .debug_aranges
                0x0000000000000398       0x20 c:/intelfpga_lite/18.1/nios2eds/bin/gnu/h-x86_64-mingw32/bin/../lib/gcc/nios2-elf/5.3.0/../../../../../H-x86_64-mingw32/nios2-elf/lib/mno-hw-mul\libsmallc.a(lib_a-__call_atexit.o)
 .debug_aranges
                0x00000000000003b8       0x18 c:/intelfpga_lite/18.1/nios2eds/bin/gnu/h-x86_64-mingw32/bin/../lib/gcc/nios2-elf/5.3.0/../../../../../H-x86_64-mingw32/nios2-elf/lib/mno-hw-mul\libsmallc.a(lib_a-impure.o)
 .debug_aranges
                0x00000000000003d0       0x20 c:/intelfpga_lite/18.1/nios2eds/bin/gnu/h-x86_64-mingw32/bin/../lib/gcc/nios2-elf/5.3.0/mno-hw-mul\libgcc.a(lib2-mul.o)
 .debug_aranges
                0x00000000000003f0       0x20 ../TX_bsp/\libhal_bsp.a(alt_exit.o)

.debug_pubnames
 *(.debug_pubnames)

.debug_info     0x0000000000000000     0x4771
 *(.debug_info .gnu.linkonce.wi.*)
 .debug_info    0x0000000000000000       0xb4 ../TX_bsp//obj/HAL/src/crt0.o
 .debug_info    0x00000000000000b4       0xa1 obj/default/TX.o
 .debug_info    0x0000000000000155      0x145 ../TX_bsp/\libhal_bsp.a(alt_load.o)
 .debug_info    0x000000000000029a      0x131 ../TX_bsp/\libhal_bsp.a(alt_main.o)
 .debug_info    0x00000000000003cb      0x3c9 ../TX_bsp/\libhal_bsp.a(alt_sys_init.o)
 .debug_info    0x0000000000000794      0x3a7 ../TX_bsp/\libhal_bsp.a(altera_avalon_jtag_uart_fd.o)
 .debug_info    0x0000000000000b3b      0x1b2 ../TX_bsp/\libhal_bsp.a(altera_avalon_jtag_uart_read.o)
 .debug_info    0x0000000000000ced      0x195 ../TX_bsp/\libhal_bsp.a(altera_avalon_jtag_uart_write.o)
 .debug_info    0x0000000000000e82      0x321 ../TX_bsp/\libhal_bsp.a(alt_close.o)
 .debug_info    0x00000000000011a3       0x92 ../TX_bsp/\libhal_bsp.a(alt_dcache_flush_all.o)
 .debug_info    0x0000000000001235      0x49c ../TX_bsp/\libhal_bsp.a(alt_dev.o)
 .debug_info    0x00000000000016d1      0x1a9 ../TX_bsp/\libhal_bsp.a(alt_dev_llist_insert.o)
 .debug_info    0x000000000000187a       0x83 ../TX_bsp/\libhal_bsp.a(alt_do_ctors.o)
 .debug_info    0x00000000000018fd       0x83 ../TX_bsp/\libhal_bsp.a(alt_do_dtors.o)
 .debug_info    0x0000000000001980       0xa6 ../TX_bsp/\libhal_bsp.a(alt_errno.o)
 .debug_info    0x0000000000001a26       0x92 ../TX_bsp/\libhal_bsp.a(alt_icache_flush_all.o)
 .debug_info    0x0000000000001ab8      0x4a5 ../TX_bsp/\libhal_bsp.a(alt_io_redirect.o)
 .debug_info    0x0000000000001f5d      0x3bb ../TX_bsp/\libhal_bsp.a(alt_open.o)
 .debug_info    0x0000000000002318      0x2b0 ../TX_bsp/\libhal_bsp.a(alt_release_fd.o)
 .debug_info    0x00000000000025c8       0x92 ../TX_bsp/\libhal_bsp.a(altera_nios2_qsys_irq.o)
 .debug_info    0x000000000000265a      0x2e9 ../TX_bsp/\libhal_bsp.a(alt_find_dev.o)
 .debug_info    0x0000000000002943      0x2e6 ../TX_bsp/\libhal_bsp.a(alt_find_file.o)
 .debug_info    0x0000000000002c29      0x310 ../TX_bsp/\libhal_bsp.a(alt_get_fd.o)
 .debug_info    0x0000000000002f39       0xfe c:/intelfpga_lite/18.1/nios2eds/bin/gnu/h-x86_64-mingw32/bin/../lib/gcc/nios2-elf/5.3.0/../../../../../H-x86_64-mingw32/nios2-elf/lib/mno-hw-mul\libsmallc.a(lib_a-atexit.o)
 .debug_info    0x0000000000003037       0xe5 c:/intelfpga_lite/18.1/nios2eds/bin/gnu/h-x86_64-mingw32/bin/../lib/gcc/nios2-elf/5.3.0/../../../../../H-x86_64-mingw32/nios2-elf/lib/mno-hw-mul\libsmallc.a(lib_a-exit.o)
 .debug_info    0x000000000000311c       0x8a c:/intelfpga_lite/18.1/nios2eds/bin/gnu/h-x86_64-mingw32/bin/../lib/gcc/nios2-elf/5.3.0/../../../../../H-x86_64-mingw32/nios2-elf/lib/mno-hw-mul\libsmallc.a(lib_a-int_errno.o)
 .debug_info    0x00000000000031a6       0xf4 c:/intelfpga_lite/18.1/nios2eds/bin/gnu/h-x86_64-mingw32/bin/../lib/gcc/nios2-elf/5.3.0/../../../../../H-x86_64-mingw32/nios2-elf/lib/mno-hw-mul\libsmallc.a(lib_a-memcmp.o)
 .debug_info    0x000000000000329a       0xc9 c:/intelfpga_lite/18.1/nios2eds/bin/gnu/h-x86_64-mingw32/bin/../lib/gcc/nios2-elf/5.3.0/../../../../../H-x86_64-mingw32/nios2-elf/lib/mno-hw-mul\libsmallc.a(lib_a-strlen.o)
 .debug_info    0x0000000000003363      0x64a c:/intelfpga_lite/18.1/nios2eds/bin/gnu/h-x86_64-mingw32/bin/../lib/gcc/nios2-elf/5.3.0/../../../../../H-x86_64-mingw32/nios2-elf/lib/mno-hw-mul\libsmallc.a(lib_a-__atexit.o)
 .debug_info    0x00000000000039ad      0x67b c:/intelfpga_lite/18.1/nios2eds/bin/gnu/h-x86_64-mingw32/bin/../lib/gcc/nios2-elf/5.3.0/../../../../../H-x86_64-mingw32/nios2-elf/lib/mno-hw-mul\libsmallc.a(lib_a-__call_atexit.o)
 .debug_info    0x0000000000004028      0x5a9 c:/intelfpga_lite/18.1/nios2eds/bin/gnu/h-x86_64-mingw32/bin/../lib/gcc/nios2-elf/5.3.0/../../../../../H-x86_64-mingw32/nios2-elf/lib/mno-hw-mul\libsmallc.a(lib_a-impure.o)
 .debug_info    0x00000000000045d1       0xb4 c:/intelfpga_lite/18.1/nios2eds/bin/gnu/h-x86_64-mingw32/bin/../lib/gcc/nios2-elf/5.3.0/mno-hw-mul\libgcc.a(lib2-mul.o)
 .debug_info    0x0000000000004685       0xec ../TX_bsp/\libhal_bsp.a(alt_exit.o)

.debug_abbrev   0x0000000000000000     0x19b9
 *(.debug_abbrev)
 .debug_abbrev  0x0000000000000000       0x12 ../TX_bsp//obj/HAL/src/crt0.o
 .debug_abbrev  0x0000000000000012       0x69 obj/default/TX.o
 .debug_abbrev  0x000000000000007b       0x9f ../TX_bsp/\libhal_bsp.a(alt_load.o)
 .debug_abbrev  0x000000000000011a       0xba ../TX_bsp/\libhal_bsp.a(alt_main.o)
 .debug_abbrev  0x00000000000001d4      0x157 ../TX_bsp/\libhal_bsp.a(alt_sys_init.o)
 .debug_abbrev  0x000000000000032b       0xf7 ../TX_bsp/\libhal_bsp.a(altera_avalon_jtag_uart_fd.o)
 .debug_abbrev  0x0000000000000422       0xd5 ../TX_bsp/\libhal_bsp.a(altera_avalon_jtag_uart_read.o)
 .debug_abbrev  0x00000000000004f7       0xd5 ../TX_bsp/\libhal_bsp.a(altera_avalon_jtag_uart_write.o)
 .debug_abbrev  0x00000000000005cc      0x11f ../TX_bsp/\libhal_bsp.a(alt_close.o)
 .debug_abbrev  0x00000000000006eb       0x42 ../TX_bsp/\libhal_bsp.a(alt_dcache_flush_all.o)
 .debug_abbrev  0x000000000000072d       0xd9 ../TX_bsp/\libhal_bsp.a(alt_dev.o)
 .debug_abbrev  0x0000000000000806      0x114 ../TX_bsp/\libhal_bsp.a(alt_dev_llist_insert.o)
 .debug_abbrev  0x000000000000091a       0x79 ../TX_bsp/\libhal_bsp.a(alt_do_ctors.o)
 .debug_abbrev  0x0000000000000993       0x79 ../TX_bsp/\libhal_bsp.a(alt_do_dtors.o)
 .debug_abbrev  0x0000000000000a0c       0x5a ../TX_bsp/\libhal_bsp.a(alt_errno.o)
 .debug_abbrev  0x0000000000000a66       0x42 ../TX_bsp/\libhal_bsp.a(alt_icache_flush_all.o)
 .debug_abbrev  0x0000000000000aa8      0x114 ../TX_bsp/\libhal_bsp.a(alt_io_redirect.o)
 .debug_abbrev  0x0000000000000bbc      0x148 ../TX_bsp/\libhal_bsp.a(alt_open.o)
 .debug_abbrev  0x0000000000000d04       0xde ../TX_bsp/\libhal_bsp.a(alt_release_fd.o)
 .debug_abbrev  0x0000000000000de2       0x42 ../TX_bsp/\libhal_bsp.a(altera_nios2_qsys_irq.o)
 .debug_abbrev  0x0000000000000e24       0xf0 ../TX_bsp/\libhal_bsp.a(alt_find_dev.o)
 .debug_abbrev  0x0000000000000f14       0xf0 ../TX_bsp/\libhal_bsp.a(alt_find_file.o)
 .debug_abbrev  0x0000000000001004      0x10d ../TX_bsp/\libhal_bsp.a(alt_get_fd.o)
 .debug_abbrev  0x0000000000001111       0xaa c:/intelfpga_lite/18.1/nios2eds/bin/gnu/h-x86_64-mingw32/bin/../lib/gcc/nios2-elf/5.3.0/../../../../../H-x86_64-mingw32/nios2-elf/lib/mno-hw-mul\libsmallc.a(lib_a-atexit.o)
 .debug_abbrev  0x00000000000011bb       0x8b c:/intelfpga_lite/18.1/nios2eds/bin/gnu/h-x86_64-mingw32/bin/../lib/gcc/nios2-elf/5.3.0/../../../../../H-x86_64-mingw32/nios2-elf/lib/mno-hw-mul\libsmallc.a(lib_a-exit.o)
 .debug_abbrev  0x0000000000001246       0x37 c:/intelfpga_lite/18.1/nios2eds/bin/gnu/h-x86_64-mingw32/bin/../lib/gcc/nios2-elf/5.3.0/../../../../../H-x86_64-mingw32/nios2-elf/lib/mno-hw-mul\libsmallc.a(lib_a-int_errno.o)
 .debug_abbrev  0x000000000000127d       0x7f c:/intelfpga_lite/18.1/nios2eds/bin/gnu/h-x86_64-mingw32/bin/../lib/gcc/nios2-elf/5.3.0/../../../../../H-x86_64-mingw32/nios2-elf/lib/mno-hw-mul\libsmallc.a(lib_a-memcmp.o)
 .debug_abbrev  0x00000000000012fc       0x7f c:/intelfpga_lite/18.1/nios2eds/bin/gnu/h-x86_64-mingw32/bin/../lib/gcc/nios2-elf/5.3.0/../../../../../H-x86_64-mingw32/nios2-elf/lib/mno-hw-mul\libsmallc.a(lib_a-strlen.o)
 .debug_abbrev  0x000000000000137b      0x1e6 c:/intelfpga_lite/18.1/nios2eds/bin/gnu/h-x86_64-mingw32/bin/../lib/gcc/nios2-elf/5.3.0/../../../../../H-x86_64-mingw32/nios2-elf/lib/mno-hw-mul\libsmallc.a(lib_a-__atexit.o)
 .debug_abbrev  0x0000000000001561      0x1f6 c:/intelfpga_lite/18.1/nios2eds/bin/gnu/h-x86_64-mingw32/bin/../lib/gcc/nios2-elf/5.3.0/../../../../../H-x86_64-mingw32/nios2-elf/lib/mno-hw-mul\libsmallc.a(lib_a-__call_atexit.o)
 .debug_abbrev  0x0000000000001757      0x14a c:/intelfpga_lite/18.1/nios2eds/bin/gnu/h-x86_64-mingw32/bin/../lib/gcc/nios2-elf/5.3.0/../../../../../H-x86_64-mingw32/nios2-elf/lib/mno-hw-mul\libsmallc.a(lib_a-impure.o)
 .debug_abbrev  0x00000000000018a1       0x6f c:/intelfpga_lite/18.1/nios2eds/bin/gnu/h-x86_64-mingw32/bin/../lib/gcc/nios2-elf/5.3.0/mno-hw-mul\libgcc.a(lib2-mul.o)
 .debug_abbrev  0x0000000000001910       0xa9 ../TX_bsp/\libhal_bsp.a(alt_exit.o)

.debug_line     0x0000000000000000     0x1c95
 *(.debug_line)
 .debug_line    0x0000000000000000       0x66 ../TX_bsp//obj/HAL/src/crt0.o
 .debug_line    0x0000000000000066       0x66 obj/default/TX.o
 .debug_line    0x00000000000000cc       0x8e ../TX_bsp/\libhal_bsp.a(alt_load.o)
 .debug_line    0x000000000000015a       0xa4 ../TX_bsp/\libhal_bsp.a(alt_main.o)
 .debug_line    0x00000000000001fe      0x126 ../TX_bsp/\libhal_bsp.a(alt_sys_init.o)
 .debug_line    0x0000000000000324      0x112 ../TX_bsp/\libhal_bsp.a(altera_avalon_jtag_uart_fd.o)
 .debug_line    0x0000000000000436       0xfd ../TX_bsp/\libhal_bsp.a(altera_avalon_jtag_uart_read.o)
 .debug_line    0x0000000000000533       0xf4 ../TX_bsp/\libhal_bsp.a(altera_avalon_jtag_uart_write.o)
 .debug_line    0x0000000000000627      0x165 ../TX_bsp/\libhal_bsp.a(alt_close.o)
 .debug_line    0x000000000000078c       0x51 ../TX_bsp/\libhal_bsp.a(alt_dcache_flush_all.o)
 .debug_line    0x00000000000007dd       0xf8 ../TX_bsp/\libhal_bsp.a(alt_dev.o)
 .debug_line    0x00000000000008d5       0xcf ../TX_bsp/\libhal_bsp.a(alt_dev_llist_insert.o)
 .debug_line    0x00000000000009a4       0x59 ../TX_bsp/\libhal_bsp.a(alt_do_ctors.o)
 .debug_line    0x00000000000009fd       0x59 ../TX_bsp/\libhal_bsp.a(alt_do_dtors.o)
 .debug_line    0x0000000000000a56       0x51 ../TX_bsp/\libhal_bsp.a(alt_errno.o)
 .debug_line    0x0000000000000aa7       0x4f ../TX_bsp/\libhal_bsp.a(alt_icache_flush_all.o)
 .debug_line    0x0000000000000af6      0x135 ../TX_bsp/\libhal_bsp.a(alt_io_redirect.o)
 .debug_line    0x0000000000000c2b      0x12b ../TX_bsp/\libhal_bsp.a(alt_open.o)
 .debug_line    0x0000000000000d56       0xb0 ../TX_bsp/\libhal_bsp.a(alt_release_fd.o)
 .debug_line    0x0000000000000e06       0x51 ../TX_bsp/\libhal_bsp.a(altera_nios2_qsys_irq.o)
 .debug_line    0x0000000000000e57       0xb5 ../TX_bsp/\libhal_bsp.a(alt_find_dev.o)
 .debug_line    0x0000000000000f0c       0xd1 ../TX_bsp/\libhal_bsp.a(alt_find_file.o)
 .debug_line    0x0000000000000fdd       0xd7 ../TX_bsp/\libhal_bsp.a(alt_get_fd.o)
 .debug_line    0x00000000000010b4       0xe7 c:/intelfpga_lite/18.1/nios2eds/bin/gnu/h-x86_64-mingw32/bin/../lib/gcc/nios2-elf/5.3.0/../../../../../H-x86_64-mingw32/nios2-elf/lib/mno-hw-mul\libsmallc.a(lib_a-atexit.o)
 .debug_line    0x000000000000119b      0x159 c:/intelfpga_lite/18.1/nios2eds/bin/gnu/h-x86_64-mingw32/bin/../lib/gcc/nios2-elf/5.3.0/../../../../../H-x86_64-mingw32/nios2-elf/lib/mno-hw-mul\libsmallc.a(lib_a-exit.o)
 .debug_line    0x00000000000012f4       0x5f c:/intelfpga_lite/18.1/nios2eds/bin/gnu/h-x86_64-mingw32/bin/../lib/gcc/nios2-elf/5.3.0/../../../../../H-x86_64-mingw32/nios2-elf/lib/mno-hw-mul\libsmallc.a(lib_a-int_errno.o)
 .debug_line    0x0000000000001353      0x160 c:/intelfpga_lite/18.1/nios2eds/bin/gnu/h-x86_64-mingw32/bin/../lib/gcc/nios2-elf/5.3.0/../../../../../H-x86_64-mingw32/nios2-elf/lib/mno-hw-mul\libsmallc.a(lib_a-memcmp.o)
 .debug_line    0x00000000000014b3      0x15c c:/intelfpga_lite/18.1/nios2eds/bin/gnu/h-x86_64-mingw32/bin/../lib/gcc/nios2-elf/5.3.0/../../../../../H-x86_64-mingw32/nios2-elf/lib/mno-hw-mul\libsmallc.a(lib_a-strlen.o)
 .debug_line    0x000000000000160f      0x20d c:/intelfpga_lite/18.1/nios2eds/bin/gnu/h-x86_64-mingw32/bin/../lib/gcc/nios2-elf/5.3.0/../../../../../H-x86_64-mingw32/nios2-elf/lib/mno-hw-mul\libsmallc.a(lib_a-__atexit.o)
 .debug_line    0x000000000000181c      0x232 c:/intelfpga_lite/18.1/nios2eds/bin/gnu/h-x86_64-mingw32/bin/../lib/gcc/nios2-elf/5.3.0/../../../../../H-x86_64-mingw32/nios2-elf/lib/mno-hw-mul\libsmallc.a(lib_a-__call_atexit.o)
 .debug_line    0x0000000000001a4e      0x156 c:/intelfpga_lite/18.1/nios2eds/bin/gnu/h-x86_64-mingw32/bin/../lib/gcc/nios2-elf/5.3.0/../../../../../H-x86_64-mingw32/nios2-elf/lib/mno-hw-mul\libsmallc.a(lib_a-impure.o)
 .debug_line    0x0000000000001ba4       0x80 c:/intelfpga_lite/18.1/nios2eds/bin/gnu/h-x86_64-mingw32/bin/../lib/gcc/nios2-elf/5.3.0/mno-hw-mul\libgcc.a(lib2-mul.o)
 .debug_line    0x0000000000001c24       0x71 ../TX_bsp/\libhal_bsp.a(alt_exit.o)

.debug_frame    0x0000000000000000      0x74c
 *(.debug_frame)
 .debug_frame   0x0000000000000000       0x2c obj/default/TX.o
 .debug_frame   0x000000000000002c       0x5c ../TX_bsp/\libhal_bsp.a(alt_load.o)
 .debug_frame   0x0000000000000088       0x2c ../TX_bsp/\libhal_bsp.a(alt_main.o)
 .debug_frame   0x00000000000000b4       0x88 ../TX_bsp/\libhal_bsp.a(alt_sys_init.o)
 .debug_frame   0x000000000000013c       0x60 ../TX_bsp/\libhal_bsp.a(altera_avalon_jtag_uart_fd.o)
 .debug_frame   0x000000000000019c       0x34 ../TX_bsp/\libhal_bsp.a(altera_avalon_jtag_uart_read.o)
 .debug_frame   0x00000000000001d0       0x34 ../TX_bsp/\libhal_bsp.a(altera_avalon_jtag_uart_write.o)
 .debug_frame   0x0000000000000204       0x60 ../TX_bsp/\libhal_bsp.a(alt_close.o)
 .debug_frame   0x0000000000000264       0x34 ../TX_bsp/\libhal_bsp.a(alt_dcache_flush_all.o)
 .debug_frame   0x0000000000000298       0x34 ../TX_bsp/\libhal_bsp.a(alt_dev.o)
 .debug_frame   0x00000000000002cc       0x60 ../TX_bsp/\libhal_bsp.a(alt_dev_llist_insert.o)
 .debug_frame   0x000000000000032c       0x38 ../TX_bsp/\libhal_bsp.a(alt_do_ctors.o)
 .debug_frame   0x0000000000000364       0x38 ../TX_bsp/\libhal_bsp.a(alt_do_dtors.o)
 .debug_frame   0x000000000000039c       0x34 ../TX_bsp/\libhal_bsp.a(alt_icache_flush_all.o)
 .debug_frame   0x00000000000003d0       0x64 ../TX_bsp/\libhal_bsp.a(alt_io_redirect.o)
 .debug_frame   0x0000000000000434       0x8c ../TX_bsp/\libhal_bsp.a(alt_open.o)
 .debug_frame   0x00000000000004c0       0x3c ../TX_bsp/\libhal_bsp.a(alt_release_fd.o)
 .debug_frame   0x00000000000004fc       0x34 ../TX_bsp/\libhal_bsp.a(altera_nios2_qsys_irq.o)
 .debug_frame   0x0000000000000530       0x38 ../TX_bsp/\libhal_bsp.a(alt_find_dev.o)
 .debug_frame   0x0000000000000568       0x38 ../TX_bsp/\libhal_bsp.a(alt_find_file.o)
 .debug_frame   0x00000000000005a0       0x3c ../TX_bsp/\libhal_bsp.a(alt_get_fd.o)
 .debug_frame   0x00000000000005dc       0x20 c:/intelfpga_lite/18.1/nios2eds/bin/gnu/h-x86_64-mingw32/bin/../lib/gcc/nios2-elf/5.3.0/../../../../../H-x86_64-mingw32/nios2-elf/lib/mno-hw-mul\libsmallc.a(lib_a-atexit.o)
 .debug_frame   0x00000000000005fc       0x28 c:/intelfpga_lite/18.1/nios2eds/bin/gnu/h-x86_64-mingw32/bin/../lib/gcc/nios2-elf/5.3.0/../../../../../H-x86_64-mingw32/nios2-elf/lib/mno-hw-mul\libsmallc.a(lib_a-exit.o)
 .debug_frame   0x0000000000000624       0x20 c:/intelfpga_lite/18.1/nios2eds/bin/gnu/h-x86_64-mingw32/bin/../lib/gcc/nios2-elf/5.3.0/../../../../../H-x86_64-mingw32/nios2-elf/lib/mno-hw-mul\libsmallc.a(lib_a-memcmp.o)
 .debug_frame   0x0000000000000644       0x20 c:/intelfpga_lite/18.1/nios2eds/bin/gnu/h-x86_64-mingw32/bin/../lib/gcc/nios2-elf/5.3.0/../../../../../H-x86_64-mingw32/nios2-elf/lib/mno-hw-mul\libsmallc.a(lib_a-strlen.o)
 .debug_frame   0x0000000000000664       0x48 c:/intelfpga_lite/18.1/nios2eds/bin/gnu/h-x86_64-mingw32/bin/../lib/gcc/nios2-elf/5.3.0/../../../../../H-x86_64-mingw32/nios2-elf/lib/mno-hw-mul\libsmallc.a(lib_a-__atexit.o)
 .debug_frame   0x00000000000006ac       0x54 c:/intelfpga_lite/18.1/nios2eds/bin/gnu/h-x86_64-mingw32/bin/../lib/gcc/nios2-elf/5.3.0/../../../../../H-x86_64-mingw32/nios2-elf/lib/mno-hw-mul\libsmallc.a(lib_a-__call_atexit.o)
 .debug_frame   0x0000000000000700       0x20 c:/intelfpga_lite/18.1/nios2eds/bin/gnu/h-x86_64-mingw32/bin/../lib/gcc/nios2-elf/5.3.0/mno-hw-mul\libgcc.a(lib2-mul.o)
 .debug_frame   0x0000000000000720       0x2c ../TX_bsp/\libhal_bsp.a(alt_exit.o)

.debug_str      0x0000000000000000     0x126c
 *(.debug_str)
 .debug_str     0x0000000000000000      0x121 obj/default/TX.o
                                        0x14d (size before relaxing)
 .debug_str     0x0000000000000121      0x186 ../TX_bsp/\libhal_bsp.a(alt_load.o)
                                        0x258 (size before relaxing)
 .debug_str     0x00000000000002a7       0x70 ../TX_bsp/\libhal_bsp.a(alt_main.o)
                                        0x1e3 (size before relaxing)
 .debug_str     0x0000000000000317      0x157 ../TX_bsp/\libhal_bsp.a(alt_sys_init.o)
                                        0x31a (size before relaxing)
 .debug_str     0x000000000000046e       0x77 ../TX_bsp/\libhal_bsp.a(altera_avalon_jtag_uart_fd.o)
                                        0x31b (size before relaxing)
 .debug_str     0x00000000000004e5       0x48 ../TX_bsp/\libhal_bsp.a(altera_avalon_jtag_uart_read.o)
                                        0x265 (size before relaxing)
 .debug_str     0x000000000000052d       0x4a ../TX_bsp/\libhal_bsp.a(altera_avalon_jtag_uart_write.o)
                                        0x25b (size before relaxing)
 .debug_str     0x0000000000000577       0x44 ../TX_bsp/\libhal_bsp.a(alt_close.o)
                                        0x251 (size before relaxing)
 .debug_str     0x00000000000005bb       0x34 ../TX_bsp/\libhal_bsp.a(alt_dcache_flush_all.o)
                                        0x19b (size before relaxing)
 .debug_str     0x00000000000005ef      0x120 ../TX_bsp/\libhal_bsp.a(alt_dev.o)
                                        0x34b (size before relaxing)
 .debug_str     0x000000000000070f       0x4b ../TX_bsp/\libhal_bsp.a(alt_dev_llist_insert.o)
                                        0x212 (size before relaxing)
 .debug_str     0x000000000000075a       0x48 ../TX_bsp/\libhal_bsp.a(alt_do_ctors.o)
                                        0x116 (size before relaxing)
 .debug_str     0x00000000000007a2       0x4c ../TX_bsp/\libhal_bsp.a(alt_do_dtors.o)
                                        0x115 (size before relaxing)
 .debug_str     0x00000000000007ee       0x14 ../TX_bsp/\libhal_bsp.a(alt_errno.o)
                                        0x18b (size before relaxing)
 .debug_str     0x0000000000000802       0x34 ../TX_bsp/\libhal_bsp.a(alt_icache_flush_all.o)
                                        0x19b (size before relaxing)
 .debug_str     0x0000000000000836       0x56 ../TX_bsp/\libhal_bsp.a(alt_io_redirect.o)
                                        0x35c (size before relaxing)
 .debug_str     0x000000000000088c       0x36 ../TX_bsp/\libhal_bsp.a(alt_open.o)
                                        0x291 (size before relaxing)
 .debug_str     0x00000000000008c2       0x28 ../TX_bsp/\libhal_bsp.a(alt_release_fd.o)
                                        0x219 (size before relaxing)
 .debug_str     0x00000000000008ea       0x3b ../TX_bsp/\libhal_bsp.a(altera_nios2_qsys_irq.o)
                                        0x1a2 (size before relaxing)
 .debug_str     0x0000000000000925       0x24 ../TX_bsp/\libhal_bsp.a(alt_find_dev.o)
                                        0x232 (size before relaxing)
 .debug_str     0x0000000000000949       0x26 ../TX_bsp/\libhal_bsp.a(alt_find_file.o)
                                        0x240 (size before relaxing)
 .debug_str     0x000000000000096f       0x30 ../TX_bsp/\libhal_bsp.a(alt_get_fd.o)
                                        0x262 (size before relaxing)
 .debug_str     0x000000000000099f      0x177 c:/intelfpga_lite/18.1/nios2eds/bin/gnu/h-x86_64-mingw32/bin/../lib/gcc/nios2-elf/5.3.0/../../../../../H-x86_64-mingw32/nios2-elf/lib/mno-hw-mul\libsmallc.a(lib_a-atexit.o)
                                        0x21c (size before relaxing)
 .debug_str     0x0000000000000b16       0x4c c:/intelfpga_lite/18.1/nios2eds/bin/gnu/h-x86_64-mingw32/bin/../lib/gcc/nios2-elf/5.3.0/../../../../../H-x86_64-mingw32/nios2-elf/lib/mno-hw-mul\libsmallc.a(lib_a-exit.o)
                                        0x1f0 (size before relaxing)
 .debug_str     0x0000000000000b62       0xd3 c:/intelfpga_lite/18.1/nios2eds/bin/gnu/h-x86_64-mingw32/bin/../lib/gcc/nios2-elf/5.3.0/../../../../../H-x86_64-mingw32/nios2-elf/lib/mno-hw-mul\libsmallc.a(lib_a-int_errno.o)
                                        0x1d8 (size before relaxing)
 .debug_str     0x0000000000000c35       0xe0 c:/intelfpga_lite/18.1/nios2eds/bin/gnu/h-x86_64-mingw32/bin/../lib/gcc/nios2-elf/5.3.0/../../../../../H-x86_64-mingw32/nios2-elf/lib/mno-hw-mul\libsmallc.a(lib_a-memcmp.o)
                                        0x1df (size before relaxing)
 .debug_str     0x0000000000000d15       0x44 c:/intelfpga_lite/18.1/nios2eds/bin/gnu/h-x86_64-mingw32/bin/../lib/gcc/nios2-elf/5.3.0/../../../../../H-x86_64-mingw32/nios2-elf/lib/mno-hw-mul\libsmallc.a(lib_a-strlen.o)
                                        0x1e5 (size before relaxing)
 .debug_str     0x0000000000000d59      0x2f4 c:/intelfpga_lite/18.1/nios2eds/bin/gnu/h-x86_64-mingw32/bin/../lib/gcc/nios2-elf/5.3.0/../../../../../H-x86_64-mingw32/nios2-elf/lib/mno-hw-mul\libsmallc.a(lib_a-__atexit.o)
                                        0x4ff (size before relaxing)
 .debug_str     0x000000000000104d       0x65 c:/intelfpga_lite/18.1/nios2eds/bin/gnu/h-x86_64-mingw32/bin/../lib/gcc/nios2-elf/5.3.0/../../../../../H-x86_64-mingw32/nios2-elf/lib/mno-hw-mul\libsmallc.a(lib_a-__call_atexit.o)
                                        0x4eb (size before relaxing)
 .debug_str     0x00000000000010b2       0x48 c:/intelfpga_lite/18.1/nios2eds/bin/gnu/h-x86_64-mingw32/bin/../lib/gcc/nios2-elf/5.3.0/../../../../../H-x86_64-mingw32/nios2-elf/lib/mno-hw-mul\libsmallc.a(lib_a-impure.o)
                                        0x4be (size before relaxing)
 .debug_str     0x00000000000010fa      0x148 c:/intelfpga_lite/18.1/nios2eds/bin/gnu/h-x86_64-mingw32/bin/../lib/gcc/nios2-elf/5.3.0/mno-hw-mul\libgcc.a(lib2-mul.o)
                                        0x193 (size before relaxing)
 .debug_str     0x0000000000001242       0x2a ../TX_bsp/\libhal_bsp.a(alt_exit.o)
                                        0x197 (size before relaxing)

.debug_loc      0x0000000000000000      0x4a6
 *(.debug_loc)
 .debug_loc     0x0000000000000000       0x2c c:/intelfpga_lite/18.1/nios2eds/bin/gnu/h-x86_64-mingw32/bin/../lib/gcc/nios2-elf/5.3.0/../../../../../H-x86_64-mingw32/nios2-elf/lib/mno-hw-mul\libsmallc.a(lib_a-atexit.o)
 .debug_loc     0x000000000000002c       0x1e c:/intelfpga_lite/18.1/nios2eds/bin/gnu/h-x86_64-mingw32/bin/../lib/gcc/nios2-elf/5.3.0/../../../../../H-x86_64-mingw32/nios2-elf/lib/mno-hw-mul\libsmallc.a(lib_a-exit.o)
 .debug_loc     0x000000000000004a       0x94 c:/intelfpga_lite/18.1/nios2eds/bin/gnu/h-x86_64-mingw32/bin/../lib/gcc/nios2-elf/5.3.0/../../../../../H-x86_64-mingw32/nios2-elf/lib/mno-hw-mul\libsmallc.a(lib_a-memcmp.o)
 .debug_loc     0x00000000000000de       0x1e c:/intelfpga_lite/18.1/nios2eds/bin/gnu/h-x86_64-mingw32/bin/../lib/gcc/nios2-elf/5.3.0/../../../../../H-x86_64-mingw32/nios2-elf/lib/mno-hw-mul\libsmallc.a(lib_a-strlen.o)
 .debug_loc     0x00000000000000fc      0x1c0 c:/intelfpga_lite/18.1/nios2eds/bin/gnu/h-x86_64-mingw32/bin/../lib/gcc/nios2-elf/5.3.0/../../../../../H-x86_64-mingw32/nios2-elf/lib/mno-hw-mul\libsmallc.a(lib_a-__atexit.o)
 .debug_loc     0x00000000000002bc      0x157 c:/intelfpga_lite/18.1/nios2eds/bin/gnu/h-x86_64-mingw32/bin/../lib/gcc/nios2-elf/5.3.0/../../../../../H-x86_64-mingw32/nios2-elf/lib/mno-hw-mul\libsmallc.a(lib_a-__call_atexit.o)
 .debug_loc     0x0000000000000413       0x93 c:/intelfpga_lite/18.1/nios2eds/bin/gnu/h-x86_64-mingw32/bin/../lib/gcc/nios2-elf/5.3.0/mno-hw-mul\libgcc.a(lib2-mul.o)

.debug_macinfo
 *(.debug_macinfo)

.debug_weaknames
 *(.debug_weaknames)

.debug_funcnames
 *(.debug_funcnames)

.debug_typenames
 *(.debug_typenames)

.debug_varnames
 *(.debug_varnames)

.debug_alt_sim_info
                0x0000000000000000       0x10
 *(.debug_alt_sim_info)
 .debug_alt_sim_info
                0x0000000000000000       0x10 ../TX_bsp//obj/HAL/src/crt0.o
                0x000000000000d000                __alt_data_end = 0xd000
                0x000000000000d000                PROVIDE (__alt_stack_pointer, __alt_data_end)
                [!provide]                        PROVIDE (__alt_stack_limit, __alt_stack_base)
                [!provide]                        PROVIDE (__alt_heap_start, end)
                [!provide]                        PROVIDE (__alt_heap_limit, 0xd000)
OUTPUT(TX.elf elf32-littlenios2)

.debug_ranges   0x0000000000000000       0xb0
 .debug_ranges  0x0000000000000000       0x20 ../TX_bsp//obj/HAL/src/crt0.o
 .debug_ranges  0x0000000000000020       0x18 ../TX_bsp/\libhal_bsp.a(altera_avalon_jtag_uart_read.o)
 .debug_ranges  0x0000000000000038       0x10 c:/intelfpga_lite/18.1/nios2eds/bin/gnu/h-x86_64-mingw32/bin/../lib/gcc/nios2-elf/5.3.0/../../../../../H-x86_64-mingw32/nios2-elf/lib/mno-hw-mul\libsmallc.a(lib_a-atexit.o)
 .debug_ranges  0x0000000000000048       0x10 c:/intelfpga_lite/18.1/nios2eds/bin/gnu/h-x86_64-mingw32/bin/../lib/gcc/nios2-elf/5.3.0/../../../../../H-x86_64-mingw32/nios2-elf/lib/mno-hw-mul\libsmallc.a(lib_a-exit.o)
 .debug_ranges  0x0000000000000058       0x10 c:/intelfpga_lite/18.1/nios2eds/bin/gnu/h-x86_64-mingw32/bin/../lib/gcc/nios2-elf/5.3.0/../../../../../H-x86_64-mingw32/nios2-elf/lib/mno-hw-mul\libsmallc.a(lib_a-memcmp.o)
 .debug_ranges  0x0000000000000068       0x10 c:/intelfpga_lite/18.1/nios2eds/bin/gnu/h-x86_64-mingw32/bin/../lib/gcc/nios2-elf/5.3.0/../../../../../H-x86_64-mingw32/nios2-elf/lib/mno-hw-mul\libsmallc.a(lib_a-strlen.o)
 .debug_ranges  0x0000000000000078       0x10 c:/intelfpga_lite/18.1/nios2eds/bin/gnu/h-x86_64-mingw32/bin/../lib/gcc/nios2-elf/5.3.0/../../../../../H-x86_64-mingw32/nios2-elf/lib/mno-hw-mul\libsmallc.a(lib_a-__atexit.o)
 .debug_ranges  0x0000000000000088       0x28 c:/intelfpga_lite/18.1/nios2eds/bin/gnu/h-x86_64-mingw32/bin/../lib/gcc/nios2-elf/5.3.0/../../../../../H-x86_64-mingw32/nios2-elf/lib/mno-hw-mul\libsmallc.a(lib_a-__call_atexit.o)
