Archive member included to satisfy reference by file (symbol)

../RX_bsp/\libhal_bsp.a(alt_load.o)
                              ../RX_bsp//obj/HAL/src/crt0.o (alt_load)
../RX_bsp/\libhal_bsp.a(alt_main.o)
                              ../RX_bsp//obj/HAL/src/crt0.o (alt_main)
../RX_bsp/\libhal_bsp.a(alt_sys_init.o)
                              ../RX_bsp/\libhal_bsp.a(alt_main.o) (alt_irq_init)
../RX_bsp/\libhal_bsp.a(altera_avalon_jtag_uart_fd.o)
                              ../RX_bsp/\libhal_bsp.a(alt_sys_init.o) (altera_avalon_jtag_uart_read_fd)
../RX_bsp/\libhal_bsp.a(altera_avalon_jtag_uart_read.o)
                              ../RX_bsp/\libhal_bsp.a(altera_avalon_jtag_uart_fd.o) (altera_avalon_jtag_uart_read)
../RX_bsp/\libhal_bsp.a(altera_avalon_jtag_uart_write.o)
                              ../RX_bsp/\libhal_bsp.a(altera_avalon_jtag_uart_fd.o) (altera_avalon_jtag_uart_write)
../RX_bsp/\libhal_bsp.a(alt_close.o)
                              ../RX_bsp/\libhal_bsp.a(alt_main.o) (close)
../RX_bsp/\libhal_bsp.a(alt_dcache_flush_all.o)
                              ../RX_bsp/\libhal_bsp.a(alt_load.o) (alt_dcache_flush_all)
../RX_bsp/\libhal_bsp.a(alt_dev.o)
                              ../RX_bsp/\libhal_bsp.a(alt_sys_init.o) (alt_dev_list)
../RX_bsp/\libhal_bsp.a(alt_dev_llist_insert.o)
                              ../RX_bsp/\libhal_bsp.a(alt_sys_init.o) (alt_dev_llist_insert)
../RX_bsp/\libhal_bsp.a(alt_do_ctors.o)
                              ../RX_bsp/\libhal_bsp.a(alt_main.o) (_do_ctors)
../RX_bsp/\libhal_bsp.a(alt_do_dtors.o)
                              ../RX_bsp/\libhal_bsp.a(alt_main.o) (_do_dtors)
../RX_bsp/\libhal_bsp.a(alt_errno.o)
                              ../RX_bsp/\libhal_bsp.a(alt_close.o) (alt_errno)
../RX_bsp/\libhal_bsp.a(alt_icache_flush_all.o)
                              ../RX_bsp/\libhal_bsp.a(alt_load.o) (alt_icache_flush_all)
../RX_bsp/\libhal_bsp.a(alt_io_redirect.o)
                              ../RX_bsp/\libhal_bsp.a(alt_main.o) (alt_io_redirect)
../RX_bsp/\libhal_bsp.a(alt_open.o)
                              ../RX_bsp/\libhal_bsp.a(alt_io_redirect.o) (open)
../RX_bsp/\libhal_bsp.a(alt_release_fd.o)
                              ../RX_bsp/\libhal_bsp.a(alt_close.o) (alt_release_fd)
../RX_bsp/\libhal_bsp.a(altera_nios2_qsys_irq.o)
                              ../RX_bsp/\libhal_bsp.a(alt_sys_init.o) (altera_nios2_qsys_irq_init)
../RX_bsp/\libhal_bsp.a(alt_find_dev.o)
                              ../RX_bsp/\libhal_bsp.a(alt_open.o) (alt_find_dev)
../RX_bsp/\libhal_bsp.a(alt_find_file.o)
                              ../RX_bsp/\libhal_bsp.a(alt_open.o) (alt_find_file)
../RX_bsp/\libhal_bsp.a(alt_get_fd.o)
                              ../RX_bsp/\libhal_bsp.a(alt_open.o) (alt_get_fd)
c:/intelfpga_lite/18.1/nios2eds/bin/gnu/h-x86_64-mingw32/bin/../lib/gcc/nios2-elf/5.3.0/../../../../../H-x86_64-mingw32/nios2-elf/lib/mno-hw-mul\libsmallc.a(lib_a-atexit.o)
                              ../RX_bsp/\libhal_bsp.a(alt_main.o) (atexit)
c:/intelfpga_lite/18.1/nios2eds/bin/gnu/h-x86_64-mingw32/bin/../lib/gcc/nios2-elf/5.3.0/../../../../../H-x86_64-mingw32/nios2-elf/lib/mno-hw-mul\libsmallc.a(lib_a-exit.o)
                              ../RX_bsp/\libhal_bsp.a(alt_main.o) (exit)
c:/intelfpga_lite/18.1/nios2eds/bin/gnu/h-x86_64-mingw32/bin/../lib/gcc/nios2-elf/5.3.0/../../../../../H-x86_64-mingw32/nios2-elf/lib/mno-hw-mul\libsmallc.a(lib_a-int_errno.o)
                              ../RX_bsp/\libhal_bsp.a(alt_close.o) (errno)
c:/intelfpga_lite/18.1/nios2eds/bin/gnu/h-x86_64-mingw32/bin/../lib/gcc/nios2-elf/5.3.0/../../../../../H-x86_64-mingw32/nios2-elf/lib/mno-hw-mul\libsmallc.a(lib_a-memcmp.o)
                              ../RX_bsp/\libhal_bsp.a(alt_find_dev.o) (memcmp)
c:/intelfpga_lite/18.1/nios2eds/bin/gnu/h-x86_64-mingw32/bin/../lib/gcc/nios2-elf/5.3.0/../../../../../H-x86_64-mingw32/nios2-elf/lib/mno-hw-mul\libsmallc.a(lib_a-strlen.o)
                              ../RX_bsp/\libhal_bsp.a(alt_find_dev.o) (strlen)
c:/intelfpga_lite/18.1/nios2eds/bin/gnu/h-x86_64-mingw32/bin/../lib/gcc/nios2-elf/5.3.0/../../../../../H-x86_64-mingw32/nios2-elf/lib/mno-hw-mul\libsmallc.a(lib_a-__atexit.o)
                              c:/intelfpga_lite/18.1/nios2eds/bin/gnu/h-x86_64-mingw32/bin/../lib/gcc/nios2-elf/5.3.0/../../../../../H-x86_64-mingw32/nios2-elf/lib/mno-hw-mul\libsmallc.a(lib_a-atexit.o) (__register_exitproc)
c:/intelfpga_lite/18.1/nios2eds/bin/gnu/h-x86_64-mingw32/bin/../lib/gcc/nios2-elf/5.3.0/../../../../../H-x86_64-mingw32/nios2-elf/lib/mno-hw-mul\libsmallc.a(lib_a-__call_atexit.o)
                              c:/intelfpga_lite/18.1/nios2eds/bin/gnu/h-x86_64-mingw32/bin/../lib/gcc/nios2-elf/5.3.0/../../../../../H-x86_64-mingw32/nios2-elf/lib/mno-hw-mul\libsmallc.a(lib_a-exit.o) (__call_exitprocs)
c:/intelfpga_lite/18.1/nios2eds/bin/gnu/h-x86_64-mingw32/bin/../lib/gcc/nios2-elf/5.3.0/../../../../../H-x86_64-mingw32/nios2-elf/lib/mno-hw-mul\libsmallc.a(lib_a-impure.o)
                              c:/intelfpga_lite/18.1/nios2eds/bin/gnu/h-x86_64-mingw32/bin/../lib/gcc/nios2-elf/5.3.0/../../../../../H-x86_64-mingw32/nios2-elf/lib/mno-hw-mul\libsmallc.a(lib_a-__atexit.o) (_global_impure_ptr)
c:/intelfpga_lite/18.1/nios2eds/bin/gnu/h-x86_64-mingw32/bin/../lib/gcc/nios2-elf/5.3.0/mno-hw-mul\libgcc.a(lib2-mul.o)
                              ../RX_bsp/\libhal_bsp.a(alt_close.o) (__mulsi3)
../RX_bsp/\libhal_bsp.a(alt_exit.o)
                              c:/intelfpga_lite/18.1/nios2eds/bin/gnu/h-x86_64-mingw32/bin/../lib/gcc/nios2-elf/5.3.0/../../../../../H-x86_64-mingw32/nios2-elf/lib/mno-hw-mul\libsmallc.a(lib_a-exit.o) (_exit)

Allocating common symbols
Common symbol       size              file

errno               0x4               c:/intelfpga_lite/18.1/nios2eds/bin/gnu/h-x86_64-mingw32/bin/../lib/gcc/nios2-elf/5.3.0/../../../../../H-x86_64-mingw32/nios2-elf/lib/mno-hw-mul\libsmallc.a(lib_a-int_errno.o)

Memory Configuration

Name             Origin             Length             Attributes
reset            0x0000000000008000 0x0000000000000020
onchip_memory2_0 0x0000000000008020 0x0000000000004fe0
*default*        0x0000000000000000 0xffffffffffffffff

Linker script and memory map

LOAD ../RX_bsp//obj/HAL/src/crt0.o
LOAD obj/default/RX.o
LOAD c:/intelfpga_lite/18.1/nios2eds/bin/gnu/h-x86_64-mingw32/bin/../lib/gcc/nios2-elf/5.3.0/../../../../../H-x86_64-mingw32/nios2-elf/lib/mno-hw-mul\libstdc++.a
LOAD c:/intelfpga_lite/18.1/nios2eds/bin/gnu/h-x86_64-mingw32/bin/../lib/gcc/nios2-elf/5.3.0/../../../../../H-x86_64-mingw32/nios2-elf/lib/mno-hw-mul\libm.a
LOAD c:/intelfpga_lite/18.1/nios2eds/bin/gnu/h-x86_64-mingw32/bin/../lib/gcc/nios2-elf/5.3.0/mno-hw-mul\libgcc.a
START GROUP
LOAD c:/intelfpga_lite/18.1/nios2eds/bin/gnu/h-x86_64-mingw32/bin/../lib/gcc/nios2-elf/5.3.0/../../../../../H-x86_64-mingw32/nios2-elf/lib/mno-hw-mul\libsmallc.a
LOAD c:/intelfpga_lite/18.1/nios2eds/bin/gnu/h-x86_64-mingw32/bin/../lib/gcc/nios2-elf/5.3.0/mno-hw-mul\libgcc.a
LOAD ../RX_bsp/\libhal_bsp.a
LOAD c:/intelfpga_lite/18.1/nios2eds/bin/gnu/h-x86_64-mingw32/bin/../lib/gcc/nios2-elf/5.3.0/../../../../../H-x86_64-mingw32/nios2-elf/lib/mno-hw-mul\libm.a
END GROUP
LOAD c:/intelfpga_lite/18.1/nios2eds/bin/gnu/h-x86_64-mingw32/bin/../lib/gcc/nios2-elf/5.3.0/mno-hw-mul\libgcc.a
                0x0000000000008000                __alt_mem_onchip_memory2_0 = 0x8000

.entry          0x0000000000008000       0x20
 *(.entry)
 .entry         0x0000000000008000       0x20 ../RX_bsp//obj/HAL/src/crt0.o
                0x0000000000008000                __reset

.exceptions     0x0000000000008020        0x0
                0x0000000000008020                PROVIDE (__ram_exceptions_start, ABSOLUTE (.))
                0x0000000000008020                . = ALIGN (0x20)
 *(.irq)
 *(.exceptions.entry.label)
 *(.exceptions.entry.user)
 *(.exceptions.entry.ecc_fatal)
 *(.exceptions.entry)
 *(.exceptions.irqtest.user)
 *(.exceptions.irqtest)
 *(.exceptions.irqhandler.user)
 *(.exceptions.irqhandler)
 *(.exceptions.irqreturn.user)
 *(.exceptions.irqreturn)
 *(.exceptions.notirq.label)
 *(.exceptions.notirq.user)
 *(.exceptions.notirq)
 *(.exceptions.soft.user)
 *(.exceptions.soft)
 *(.exceptions.unknown.user)
 *(.exceptions.unknown)
 *(.exceptions.exit.label)
 *(.exceptions.exit.user)
 *(.exceptions.exit)
 *(.exceptions)
                0x0000000000008020                PROVIDE (__ram_exceptions_end, ABSOLUTE (.))
                0x0000000000008020                PROVIDE (__flash_exceptions_start, LOADADDR (.exceptions))

.text           0x0000000000008020     0x1284
                [!provide]                        PROVIDE (stext, ABSOLUTE (.))
 *(.interp)
 *(.hash)
 *(.dynsym)
 *(.dynstr)
 *(.gnu.version)
 *(.gnu.version_d)
 *(.gnu.version_r)
 *(.rel.init)
 *(.rela.init)
 *(.rel.text .rel.text.* .rel.gnu.linkonce.t.*)
 *(.rela.text .rela.text.* .rela.gnu.linkonce.t.*)
 *(.rel.fini)
 *(.rela.fini)
 *(.rel.rodata .rel.rodata.* .rel.gnu.linkonce.r.*)
 *(.rela.rodata .rela.rodata.* .rela.gnu.linkonce.r.*)
 *(.rel.data .rel.data.* .rel.gnu.linkonce.d.*)
 *(.rela.data .rela.data.* .rela.gnu.linkonce.d.*)
 *(.rel.tdata .rel.tdata.* .rel.gnu.linkonce.td.*)
 *(.rela.tdata .rela.tdata.* .rela.gnu.linkonce.td.*)
 *(.rel.tbss .rel.tbss.* .rel.gnu.linkonce.tb.*)
 *(.rela.tbss .rela.tbss.* .rela.gnu.linkonce.tb.*)
 *(.rel.ctors)
 *(.rela.ctors)
 *(.rel.dtors)
 *(.rela.dtors)
 *(.rel.got)
 *(.rela.got)
 *(.rel.sdata .rel.sdata.* .rel.gnu.linkonce.s.*)
 *(.rela.sdata .rela.sdata.* .rela.gnu.linkonce.s.*)
 *(.rel.sbss .rel.sbss.* .rel.gnu.linkonce.sb.*)
 *(.rela.sbss .rela.sbss.* .rela.gnu.linkonce.sb.*)
 *(.rel.sdata2 .rel.sdata2.* .rel.gnu.linkonce.s2.*)
 *(.rela.sdata2 .rela.sdata2.* .rela.gnu.linkonce.s2.*)
 *(.rel.sbss2 .rel.sbss2.* .rel.gnu.linkonce.sb2.*)
 *(.rela.sbss2 .rela.sbss2.* .rela.gnu.linkonce.sb2.*)
 *(.rel.bss .rel.bss.* .rel.gnu.linkonce.b.*)
 *(.rela.bss .rela.bss.* .rela.gnu.linkonce.b.*)
 *(.rel.plt)
 *(.rela.plt)
 *(.rel.dyn)
 *(.init)
 *(.plt)
 *(.text .stub .text.* .gnu.linkonce.t.*)
 .text          0x0000000000008020       0x3c ../RX_bsp//obj/HAL/src/crt0.o
                0x0000000000008020                _start
 .text          0x000000000000805c       0x34 obj/default/RX.o
                0x000000000000805c                main
 .text          0x0000000000008090       0xec ../RX_bsp/\libhal_bsp.a(alt_load.o)
                0x00000000000080f8                alt_load
 .text          0x000000000000817c       0x7c ../RX_bsp/\libhal_bsp.a(alt_main.o)
                0x000000000000817c                alt_main
 .text          0x00000000000081f8       0xa0 ../RX_bsp/\libhal_bsp.a(alt_sys_init.o)
                0x000000000000822c                alt_irq_init
                0x0000000000008264                alt_sys_init
 .text          0x0000000000008298       0xc0 ../RX_bsp/\libhal_bsp.a(altera_avalon_jtag_uart_fd.o)
                0x0000000000008298                altera_avalon_jtag_uart_read_fd
                0x00000000000082f8                altera_avalon_jtag_uart_write_fd
 .text          0x0000000000008358       0xec ../RX_bsp/\libhal_bsp.a(altera_avalon_jtag_uart_read.o)
                0x0000000000008358                altera_avalon_jtag_uart_read
 .text          0x0000000000008444       0x94 ../RX_bsp/\libhal_bsp.a(altera_avalon_jtag_uart_write.o)
                0x0000000000008444                altera_avalon_jtag_uart_write
 .text          0x00000000000084d8      0x114 ../RX_bsp/\libhal_bsp.a(alt_close.o)
                0x0000000000008514                close
 .text          0x00000000000085ec       0x20 ../RX_bsp/\libhal_bsp.a(alt_dcache_flush_all.o)
                0x00000000000085ec                alt_dcache_flush_all
 .text          0x000000000000860c       0x2c ../RX_bsp/\libhal_bsp.a(alt_dev.o)
 .text          0x0000000000008638       0xe0 ../RX_bsp/\libhal_bsp.a(alt_dev_llist_insert.o)
                0x0000000000008674                alt_dev_llist_insert
 .text          0x0000000000008718       0x60 ../RX_bsp/\libhal_bsp.a(alt_do_ctors.o)
                0x0000000000008718                _do_ctors
 .text          0x0000000000008778       0x60 ../RX_bsp/\libhal_bsp.a(alt_do_dtors.o)
                0x0000000000008778                _do_dtors
 .text          0x00000000000087d8        0x0 ../RX_bsp/\libhal_bsp.a(alt_errno.o)
 .text          0x00000000000087d8       0x20 ../RX_bsp/\libhal_bsp.a(alt_icache_flush_all.o)
                0x00000000000087d8                alt_icache_flush_all
 .text          0x00000000000087f8      0x160 ../RX_bsp/\libhal_bsp.a(alt_io_redirect.o)
                0x00000000000088dc                alt_io_redirect
 .text          0x0000000000008958      0x284 ../RX_bsp/\libhal_bsp.a(alt_open.o)
                0x0000000000008a80                open
 .text          0x0000000000008bdc       0x84 ../RX_bsp/\libhal_bsp.a(alt_release_fd.o)
                0x0000000000008bdc                alt_release_fd
 .text          0x0000000000008c60       0x24 ../RX_bsp/\libhal_bsp.a(altera_nios2_qsys_irq.o)
                0x0000000000008c60                altera_nios2_qsys_irq_init
 .text          0x0000000000008c84       0x90 ../RX_bsp/\libhal_bsp.a(alt_find_dev.o)
                0x0000000000008c84                alt_find_dev
 .text          0x0000000000008d14      0x108 ../RX_bsp/\libhal_bsp.a(alt_find_file.o)
                0x0000000000008d14                alt_find_file
 .text          0x0000000000008e1c       0xc4 ../RX_bsp/\libhal_bsp.a(alt_get_fd.o)
                0x0000000000008e1c                alt_get_fd
 .text          0x0000000000008ee0        0x0 c:/intelfpga_lite/18.1/nios2eds/bin/gnu/h-x86_64-mingw32/bin/../lib/gcc/nios2-elf/5.3.0/../../../../../H-x86_64-mingw32/nios2-elf/lib/mno-hw-mul\libsmallc.a(lib_a-atexit.o)
 .text.atexit   0x0000000000008ee0       0x14 c:/intelfpga_lite/18.1/nios2eds/bin/gnu/h-x86_64-mingw32/bin/../lib/gcc/nios2-elf/5.3.0/../../../../../H-x86_64-mingw32/nios2-elf/lib/mno-hw-mul\libsmallc.a(lib_a-atexit.o)
                0x0000000000008ee0                atexit
 .text          0x0000000000008ef4        0x0 c:/intelfpga_lite/18.1/nios2eds/bin/gnu/h-x86_64-mingw32/bin/../lib/gcc/nios2-elf/5.3.0/../../../../../H-x86_64-mingw32/nios2-elf/lib/mno-hw-mul\libsmallc.a(lib_a-exit.o)
 .text.exit     0x0000000000008ef4       0x20 c:/intelfpga_lite/18.1/nios2eds/bin/gnu/h-x86_64-mingw32/bin/../lib/gcc/nios2-elf/5.3.0/../../../../../H-x86_64-mingw32/nios2-elf/lib/mno-hw-mul\libsmallc.a(lib_a-exit.o)
                0x0000000000008ef4                exit
 .text          0x0000000000008f14        0x0 c:/intelfpga_lite/18.1/nios2eds/bin/gnu/h-x86_64-mingw32/bin/../lib/gcc/nios2-elf/5.3.0/../../../../../H-x86_64-mingw32/nios2-elf/lib/mno-hw-mul\libsmallc.a(lib_a-int_errno.o)
 .text          0x0000000000008f14        0x0 c:/intelfpga_lite/18.1/nios2eds/bin/gnu/h-x86_64-mingw32/bin/../lib/gcc/nios2-elf/5.3.0/../../../../../H-x86_64-mingw32/nios2-elf/lib/mno-hw-mul\libsmallc.a(lib_a-memcmp.o)
 .text.memcmp   0x0000000000008f14       0x30 c:/intelfpga_lite/18.1/nios2eds/bin/gnu/h-x86_64-mingw32/bin/../lib/gcc/nios2-elf/5.3.0/../../../../../H-x86_64-mingw32/nios2-elf/lib/mno-hw-mul\libsmallc.a(lib_a-memcmp.o)
                0x0000000000008f14                memcmp
 .text          0x0000000000008f44        0x0 c:/intelfpga_lite/18.1/nios2eds/bin/gnu/h-x86_64-mingw32/bin/../lib/gcc/nios2-elf/5.3.0/../../../../../H-x86_64-mingw32/nios2-elf/lib/mno-hw-mul\libsmallc.a(lib_a-strlen.o)
 .text.strlen   0x0000000000008f44       0x1c c:/intelfpga_lite/18.1/nios2eds/bin/gnu/h-x86_64-mingw32/bin/../lib/gcc/nios2-elf/5.3.0/../../../../../H-x86_64-mingw32/nios2-elf/lib/mno-hw-mul\libsmallc.a(lib_a-strlen.o)
                0x0000000000008f44                strlen
 .text          0x0000000000008f60        0x0 c:/intelfpga_lite/18.1/nios2eds/bin/gnu/h-x86_64-mingw32/bin/../lib/gcc/nios2-elf/5.3.0/../../../../../H-x86_64-mingw32/nios2-elf/lib/mno-hw-mul\libsmallc.a(lib_a-__atexit.o)
 .text.__register_exitproc
                0x0000000000008f60      0x158 c:/intelfpga_lite/18.1/nios2eds/bin/gnu/h-x86_64-mingw32/bin/../lib/gcc/nios2-elf/5.3.0/../../../../../H-x86_64-mingw32/nios2-elf/lib/mno-hw-mul\libsmallc.a(lib_a-__atexit.o)
                0x0000000000008f60                __register_exitproc
 .text          0x00000000000090b8        0x0 c:/intelfpga_lite/18.1/nios2eds/bin/gnu/h-x86_64-mingw32/bin/../lib/gcc/nios2-elf/5.3.0/../../../../../H-x86_64-mingw32/nios2-elf/lib/mno-hw-mul\libsmallc.a(lib_a-__call_atexit.o)
 .text.__call_exitprocs
                0x00000000000090b8      0x190 c:/intelfpga_lite/18.1/nios2eds/bin/gnu/h-x86_64-mingw32/bin/../lib/gcc/nios2-elf/5.3.0/../../../../../H-x86_64-mingw32/nios2-elf/lib/mno-hw-mul\libsmallc.a(lib_a-__call_atexit.o)
                0x00000000000090b8                __call_exitprocs
 .text          0x0000000000009248        0x0 c:/intelfpga_lite/18.1/nios2eds/bin/gnu/h-x86_64-mingw32/bin/../lib/gcc/nios2-elf/5.3.0/../../../../../H-x86_64-mingw32/nios2-elf/lib/mno-hw-mul\libsmallc.a(lib_a-impure.o)
 .text          0x0000000000009248       0x28 c:/intelfpga_lite/18.1/nios2eds/bin/gnu/h-x86_64-mingw32/bin/../lib/gcc/nios2-elf/5.3.0/mno-hw-mul\libgcc.a(lib2-mul.o)
                0x0000000000009248                __mulsi3
 .text          0x0000000000009270       0x34 ../RX_bsp/\libhal_bsp.a(alt_exit.o)
                0x0000000000009270                _exit
 *(.gnu.warning.*)
 *(.fini)
                [!provide]                        PROVIDE (__etext, ABSOLUTE (.))
                [!provide]                        PROVIDE (_etext, ABSOLUTE (.))
                [!provide]                        PROVIDE (etext, ABSOLUTE (.))
 *(.eh_frame_hdr)
                0x00000000000092a4                . = ALIGN (0x4)
                [!provide]                        PROVIDE (__preinit_array_start, ABSOLUTE (.))
 *(.preinit_array)
                [!provide]                        PROVIDE (__preinit_array_end, ABSOLUTE (.))
                [!provide]                        PROVIDE (__init_array_start, ABSOLUTE (.))
 *(.init_array)
                [!provide]                        PROVIDE (__init_array_end, ABSOLUTE (.))
                [!provide]                        PROVIDE (__fini_array_start, ABSOLUTE (.))
 *(.fini_array)
                [!provide]                        PROVIDE (__fini_array_end, ABSOLUTE (.))
 *(.eh_frame)
 *(.gcc_except_table .gcc_except_table.*)
 *(.dynamic)
                0x00000000000092a4                PROVIDE (__CTOR_LIST__, ABSOLUTE (.))
 *(.ctors)
 *(SORT(.ctors.*))
                0x00000000000092a4                PROVIDE (__CTOR_END__, ABSOLUTE (.))
                0x00000000000092a4                PROVIDE (__DTOR_LIST__, ABSOLUTE (.))
 *(.dtors)
 *(SORT(.dtors.*))
                0x00000000000092a4                PROVIDE (__DTOR_END__, ABSOLUTE (.))
 *(.jcr)
                0x00000000000092a4                . = ALIGN (0x4)

.rodata         0x00000000000092a4       0x34
                0x00000000000092a4                PROVIDE (__ram_rodata_start, ABSOLUTE (.))
                0x00000000000092a4                . = ALIGN (0x4)
 *(.rodata .rodata.* .gnu.linkonce.r.*)
 .rodata        0x00000000000092a4       0x11 ../RX_bsp/\libhal_bsp.a(alt_main.o)
 *fill*         0x00000000000092b5        0x3 
 .rodata        0x00000000000092b8       0x11 ../RX_bsp/\libhal_bsp.a(alt_sys_init.o)
 *fill*         0x00000000000092c9        0x3 
 .rodata        0x00000000000092cc        0xa ../RX_bsp/\libhal_bsp.a(alt_dev.o)
 *(.rodata1)
                0x00000000000092d8                . = ALIGN (0x4)
 *fill*         0x00000000000092d6        0x2 
                0x00000000000092d8                PROVIDE (__ram_rodata_end, ABSOLUTE (.))
                0x00000000000092a4                PROVIDE (__flash_rodata_start, LOADADDR (.rodata))

.rwdata         0x00000000000092d8      0x2d4 load address 0x00000000000095ac
                0x00000000000092d8                PROVIDE (__ram_rwdata_start, ABSOLUTE (.))
                0x00000000000092d8                . = ALIGN (0x4)
 *(.got.plt)
 *(.got)
 *(.data1)
 *(.data .data.* .gnu.linkonce.d.*)
 .data          0x00000000000092d8        0x0 ../RX_bsp//obj/HAL/src/crt0.o
 .data          0x00000000000092d8        0x0 obj/default/RX.o
 .data          0x00000000000092d8        0x0 ../RX_bsp/\libhal_bsp.a(alt_load.o)
 .data          0x00000000000092d8        0x0 ../RX_bsp/\libhal_bsp.a(alt_main.o)
 .data          0x00000000000092d8       0x2c ../RX_bsp/\libhal_bsp.a(alt_sys_init.o)
 .data          0x0000000000009304        0x0 ../RX_bsp/\libhal_bsp.a(altera_avalon_jtag_uart_fd.o)
 .data          0x0000000000009304        0x0 ../RX_bsp/\libhal_bsp.a(altera_avalon_jtag_uart_read.o)
 .data          0x0000000000009304        0x0 ../RX_bsp/\libhal_bsp.a(altera_avalon_jtag_uart_write.o)
 .data          0x0000000000009304        0x0 ../RX_bsp/\libhal_bsp.a(alt_close.o)
 .data          0x0000000000009304        0x0 ../RX_bsp/\libhal_bsp.a(alt_dcache_flush_all.o)
 .data          0x0000000000009304      0x1a8 ../RX_bsp/\libhal_bsp.a(alt_dev.o)
                0x0000000000009304                alt_dev_null
                0x000000000000932c                alt_fd_list
 .data          0x00000000000094ac        0x0 ../RX_bsp/\libhal_bsp.a(alt_dev_llist_insert.o)
 .data          0x00000000000094ac        0x0 ../RX_bsp/\libhal_bsp.a(alt_do_ctors.o)
 .data          0x00000000000094ac        0x0 ../RX_bsp/\libhal_bsp.a(alt_do_dtors.o)
 .data          0x00000000000094ac        0x0 ../RX_bsp/\libhal_bsp.a(alt_errno.o)
 .data          0x00000000000094ac        0x0 ../RX_bsp/\libhal_bsp.a(alt_icache_flush_all.o)
 .data          0x00000000000094ac        0x0 ../RX_bsp/\libhal_bsp.a(alt_io_redirect.o)
 .data          0x00000000000094ac        0x0 ../RX_bsp/\libhal_bsp.a(alt_open.o)
 .data          0x00000000000094ac        0x0 ../RX_bsp/\libhal_bsp.a(alt_release_fd.o)
 .data          0x00000000000094ac        0x0 ../RX_bsp/\libhal_bsp.a(altera_nios2_qsys_irq.o)
 .data          0x00000000000094ac        0x0 ../RX_bsp/\libhal_bsp.a(alt_find_dev.o)
 .data          0x00000000000094ac        0x0 ../RX_bsp/\libhal_bsp.a(alt_find_file.o)
 .data          0x00000000000094ac        0x0 ../RX_bsp/\libhal_bsp.a(alt_get_fd.o)
 .data          0x00000000000094ac        0x0 c:/intelfpga_lite/18.1/nios2eds/bin/gnu/h-x86_64-mingw32/bin/../lib/gcc/nios2-elf/5.3.0/../../../../../H-x86_64-mingw32/nios2-elf/lib/mno-hw-mul\libsmallc.a(lib_a-atexit.o)
 .data          0x00000000000094ac        0x0 c:/intelfpga_lite/18.1/nios2eds/bin/gnu/h-x86_64-mingw32/bin/../lib/gcc/nios2-elf/5.3.0/../../../../../H-x86_64-mingw32/nios2-elf/lib/mno-hw-mul\libsmallc.a(lib_a-exit.o)
 .data          0x00000000000094ac        0x0 c:/intelfpga_lite/18.1/nios2eds/bin/gnu/h-x86_64-mingw32/bin/../lib/gcc/nios2-elf/5.3.0/../../../../../H-x86_64-mingw32/nios2-elf/lib/mno-hw-mul\libsmallc.a(lib_a-int_errno.o)
 .data          0x00000000000094ac        0x0 c:/intelfpga_lite/18.1/nios2eds/bin/gnu/h-x86_64-mingw32/bin/../lib/gcc/nios2-elf/5.3.0/../../../../../H-x86_64-mingw32/nios2-elf/lib/mno-hw-mul\libsmallc.a(lib_a-memcmp.o)
 .data          0x00000000000094ac        0x0 c:/intelfpga_lite/18.1/nios2eds/bin/gnu/h-x86_64-mingw32/bin/../lib/gcc/nios2-elf/5.3.0/../../../../../H-x86_64-mingw32/nios2-elf/lib/mno-hw-mul\libsmallc.a(lib_a-strlen.o)
 .data          0x00000000000094ac        0x0 c:/intelfpga_lite/18.1/nios2eds/bin/gnu/h-x86_64-mingw32/bin/../lib/gcc/nios2-elf/5.3.0/../../../../../H-x86_64-mingw32/nios2-elf/lib/mno-hw-mul\libsmallc.a(lib_a-__atexit.o)
 .data          0x00000000000094ac        0x0 c:/intelfpga_lite/18.1/nios2eds/bin/gnu/h-x86_64-mingw32/bin/../lib/gcc/nios2-elf/5.3.0/../../../../../H-x86_64-mingw32/nios2-elf/lib/mno-hw-mul\libsmallc.a(lib_a-__call_atexit.o)
 .data          0x00000000000094ac        0x0 c:/intelfpga_lite/18.1/nios2eds/bin/gnu/h-x86_64-mingw32/bin/../lib/gcc/nios2-elf/5.3.0/../../../../../H-x86_64-mingw32/nios2-elf/lib/mno-hw-mul\libsmallc.a(lib_a-impure.o)
 .data.impure_data
                0x00000000000094ac       0xe0 c:/intelfpga_lite/18.1/nios2eds/bin/gnu/h-x86_64-mingw32/bin/../lib/gcc/nios2-elf/5.3.0/../../../../../H-x86_64-mingw32/nios2-elf/lib/mno-hw-mul\libsmallc.a(lib_a-impure.o)
 .data          0x000000000000958c        0x0 c:/intelfpga_lite/18.1/nios2eds/bin/gnu/h-x86_64-mingw32/bin/../lib/gcc/nios2-elf/5.3.0/mno-hw-mul\libgcc.a(lib2-mul.o)
 .data          0x000000000000958c        0x0 ../RX_bsp/\libhal_bsp.a(alt_exit.o)
                0x000000000001158c                _gp = ABSOLUTE ((. + 0x8000))
                [!provide]                        PROVIDE (gp, _gp)
 *(.rwdata .rwdata.*)
 *(.sdata .sdata.* .gnu.linkonce.s.*)
 .sdata         0x000000000000958c       0x14 ../RX_bsp/\libhal_bsp.a(alt_dev.o)
                0x000000000000958c                alt_fs_list
                0x0000000000009594                alt_dev_list
                0x000000000000959c                alt_max_fd
 .sdata         0x00000000000095a0        0x4 ../RX_bsp/\libhal_bsp.a(alt_errno.o)
                0x00000000000095a0                alt_errno
 .sdata._global_impure_ptr
                0x00000000000095a4        0x4 c:/intelfpga_lite/18.1/nios2eds/bin/gnu/h-x86_64-mingw32/bin/../lib/gcc/nios2-elf/5.3.0/../../../../../H-x86_64-mingw32/nios2-elf/lib/mno-hw-mul\libsmallc.a(lib_a-impure.o)
                0x00000000000095a4                _global_impure_ptr
 .sdata._impure_ptr
                0x00000000000095a8        0x4 c:/intelfpga_lite/18.1/nios2eds/bin/gnu/h-x86_64-mingw32/bin/../lib/gcc/nios2-elf/5.3.0/../../../../../H-x86_64-mingw32/nios2-elf/lib/mno-hw-mul\libsmallc.a(lib_a-impure.o)
                0x00000000000095a8                _impure_ptr
 *(.sdata2 .sdata2.* .gnu.linkonce.s2.*)
                0x00000000000095ac                . = ALIGN (0x4)
                0x00000000000095ac                _edata = ABSOLUTE (.)
                [!provide]                        PROVIDE (edata, ABSOLUTE (.))
                0x00000000000095ac                PROVIDE (__ram_rwdata_end, ABSOLUTE (.))
                0x00000000000095ac                PROVIDE (__flash_rwdata_start, LOADADDR (.rwdata))

.bss            0x0000000000009880       0x10
                0x0000000000009880                __bss_start = ABSOLUTE (.)
                [!provide]                        PROVIDE (__sbss_start, ABSOLUTE (.))
                [!provide]                        PROVIDE (___sbss_start, ABSOLUTE (.))
 *(.dynsbss)
 *(.sbss .sbss.* .gnu.linkonce.sb.*)
 .sbss          0x0000000000009880        0xc ../RX_bsp/\libhal_bsp.a(alt_main.o)
                0x0000000000009880                alt_argc
                0x0000000000009884                alt_argv
                0x0000000000009888                alt_envp
 .sbss          0x000000000000988c        0x4 c:/intelfpga_lite/18.1/nios2eds/bin/gnu/h-x86_64-mingw32/bin/../lib/gcc/nios2-elf/5.3.0/../../../../../H-x86_64-mingw32/nios2-elf/lib/mno-hw-mul\libsmallc.a(lib_a-int_errno.o)
                0x000000000000988c                errno
 *(.sbss2 .sbss2.* .gnu.linkonce.sb2.*)
 *(.scommon)
                [!provide]                        PROVIDE (__sbss_end, ABSOLUTE (.))
                [!provide]                        PROVIDE (___sbss_end, ABSOLUTE (.))
 *(.dynbss)
 *(.bss .bss.* .gnu.linkonce.b.*)
 .bss           0x0000000000009890        0x0 ../RX_bsp//obj/HAL/src/crt0.o
 .bss           0x0000000000009890        0x0 obj/default/RX.o
 .bss           0x0000000000009890        0x0 ../RX_bsp/\libhal_bsp.a(alt_load.o)
 .bss           0x0000000000009890        0x0 ../RX_bsp/\libhal_bsp.a(alt_main.o)
 .bss           0x0000000000009890        0x0 ../RX_bsp/\libhal_bsp.a(alt_sys_init.o)
 .bss           0x0000000000009890        0x0 ../RX_bsp/\libhal_bsp.a(altera_avalon_jtag_uart_fd.o)
 .bss           0x0000000000009890        0x0 ../RX_bsp/\libhal_bsp.a(altera_avalon_jtag_uart_read.o)
 .bss           0x0000000000009890        0x0 ../RX_bsp/\libhal_bsp.a(altera_avalon_jtag_uart_write.o)
 .bss           0x0000000000009890        0x0 ../RX_bsp/\libhal_bsp.a(alt_close.o)
 .bss           0x0000000000009890        0x0 ../RX_bsp/\libhal_bsp.a(alt_dcache_flush_all.o)
 .bss           0x0000000000009890        0x0 ../RX_bsp/\libhal_bsp.a(alt_dev.o)
 .bss           0x0000000000009890        0x0 ../RX_bsp/\libhal_bsp.a(alt_dev_llist_insert.o)
 .bss           0x0000000000009890        0x0 ../RX_bsp/\libhal_bsp.a(alt_do_ctors.o)
 .bss           0x0000000000009890        0x0 ../RX_bsp/\libhal_bsp.a(alt_do_dtors.o)
 .bss           0x0000000000009890        0x0 ../RX_bsp/\libhal_bsp.a(alt_errno.o)
 .bss           0x0000000000009890        0x0 ../RX_bsp/\libhal_bsp.a(alt_icache_flush_all.o)
 .bss           0x0000000000009890        0x0 ../RX_bsp/\libhal_bsp.a(alt_io_redirect.o)
 .bss           0x0000000000009890        0x0 ../RX_bsp/\libhal_bsp.a(alt_open.o)
 .bss           0x0000000000009890        0x0 ../RX_bsp/\libhal_bsp.a(alt_release_fd.o)
 .bss           0x0000000000009890        0x0 ../RX_bsp/\libhal_bsp.a(altera_nios2_qsys_irq.o)
 .bss           0x0000000000009890        0x0 ../RX_bsp/\libhal_bsp.a(alt_find_dev.o)
 .bss           0x0000000000009890        0x0 ../RX_bsp/\libhal_bsp.a(alt_find_file.o)
 .bss           0x0000000000009890        0x0 ../RX_bsp/\libhal_bsp.a(alt_get_fd.o)
 .bss           0x0000000000009890        0x0 c:/intelfpga_lite/18.1/nios2eds/bin/gnu/h-x86_64-mingw32/bin/../lib/gcc/nios2-elf/5.3.0/../../../../../H-x86_64-mingw32/nios2-elf/lib/mno-hw-mul\libsmallc.a(lib_a-atexit.o)
 .bss           0x0000000000009890        0x0 c:/intelfpga_lite/18.1/nios2eds/bin/gnu/h-x86_64-mingw32/bin/../lib/gcc/nios2-elf/5.3.0/../../../../../H-x86_64-mingw32/nios2-elf/lib/mno-hw-mul\libsmallc.a(lib_a-exit.o)
 .bss           0x0000000000009890        0x0 c:/intelfpga_lite/18.1/nios2eds/bin/gnu/h-x86_64-mingw32/bin/../lib/gcc/nios2-elf/5.3.0/../../../../../H-x86_64-mingw32/nios2-elf/lib/mno-hw-mul\libsmallc.a(lib_a-int_errno.o)
 .bss           0x0000000000009890        0x0 c:/intelfpga_lite/18.1/nios2eds/bin/gnu/h-x86_64-mingw32/bin/../lib/gcc/nios2-elf/5.3.0/../../../../../H-x86_64-mingw32/nios2-elf/lib/mno-hw-mul\libsmallc.a(lib_a-memcmp.o)
 .bss           0x0000000000009890        0x0 c:/intelfpga_lite/18.1/nios2eds/bin/gnu/h-x86_64-mingw32/bin/../lib/gcc/nios2-elf/5.3.0/../../../../../H-x86_64-mingw32/nios2-elf/lib/mno-hw-mul\libsmallc.a(lib_a-strlen.o)
 .bss           0x0000000000009890        0x0 c:/intelfpga_lite/18.1/nios2eds/bin/gnu/h-x86_64-mingw32/bin/../lib/gcc/nios2-elf/5.3.0/../../../../../H-x86_64-mingw32/nios2-elf/lib/mno-hw-mul\libsmallc.a(lib_a-__atexit.o)
 .bss           0x0000000000009890        0x0 c:/intelfpga_lite/18.1/nios2eds/bin/gnu/h-x86_64-mingw32/bin/../lib/gcc/nios2-elf/5.3.0/../../../../../H-x86_64-mingw32/nios2-elf/lib/mno-hw-mul\libsmallc.a(lib_a-__call_atexit.o)
 .bss           0x0000000000009890        0x0 c:/intelfpga_lite/18.1/nios2eds/bin/gnu/h-x86_64-mingw32/bin/../lib/gcc/nios2-elf/5.3.0/../../../../../H-x86_64-mingw32/nios2-elf/lib/mno-hw-mul\libsmallc.a(lib_a-impure.o)
 .bss           0x0000000000009890        0x0 c:/intelfpga_lite/18.1/nios2eds/bin/gnu/h-x86_64-mingw32/bin/../lib/gcc/nios2-elf/5.3.0/mno-hw-mul\libgcc.a(lib2-mul.o)
 .bss           0x0000000000009890        0x0 ../RX_bsp/\libhal_bsp.a(alt_exit.o)
 *(COMMON)
                0x0000000000009890                . = ALIGN (0x4)
                0x0000000000009890                __bss_end = ABSOLUTE (.)

.onchip_memory2_0
                0x0000000000009890        0x0
                [!provide]                        PROVIDE (_alt_partition_onchip_memory2_0_start, ABSOLUTE (.))
 *(.onchip_memory2_0 .onchip_memory2_0. onchip_memory2_0.*)
                0x0000000000009890                . = ALIGN (0x4)
                [!provide]                        PROVIDE (_alt_partition_onchip_memory2_0_end, ABSOLUTE (.))
                0x0000000000009890                _end = ABSOLUTE (.)
                0x0000000000009890                end = ABSOLUTE (.)
                0x0000000000009890                __alt_stack_base = ABSOLUTE (.)
                [!provide]                        PROVIDE (_alt_partition_onchip_memory2_0_load_addr, LOADADDR (.onchip_memory2_0))

.stab
 *(.stab)

.stabstr
 *(.stabstr)

.stab.excl
 *(.stab.excl)

.stab.exclstr
 *(.stab.exclstr)

.stab.index
 *(.stab.index)

.stab.indexstr
 *(.stab.indexstr)

.comment        0x0000000000000000       0x23
 *(.comment)
 .comment       0x0000000000000000       0x23 obj/default/RX.o
                                         0x24 (size before relaxing)
 .comment       0x0000000000000023       0x24 ../RX_bsp/\libhal_bsp.a(alt_load.o)
 .comment       0x0000000000000023       0x24 ../RX_bsp/\libhal_bsp.a(alt_main.o)
 .comment       0x0000000000000023       0x24 ../RX_bsp/\libhal_bsp.a(alt_sys_init.o)
 .comment       0x0000000000000023       0x24 ../RX_bsp/\libhal_bsp.a(altera_avalon_jtag_uart_fd.o)
 .comment       0x0000000000000023       0x24 ../RX_bsp/\libhal_bsp.a(altera_avalon_jtag_uart_read.o)
 .comment       0x0000000000000023       0x24 ../RX_bsp/\libhal_bsp.a(altera_avalon_jtag_uart_write.o)
 .comment       0x0000000000000023       0x24 ../RX_bsp/\libhal_bsp.a(alt_close.o)
 .comment       0x0000000000000023       0x24 ../RX_bsp/\libhal_bsp.a(alt_dcache_flush_all.o)
 .comment       0x0000000000000023       0x24 ../RX_bsp/\libhal_bsp.a(alt_dev.o)
 .comment       0x0000000000000023       0x24 ../RX_bsp/\libhal_bsp.a(alt_dev_llist_insert.o)
 .comment       0x0000000000000023       0x24 ../RX_bsp/\libhal_bsp.a(alt_do_ctors.o)
 .comment       0x0000000000000023       0x24 ../RX_bsp/\libhal_bsp.a(alt_do_dtors.o)
 .comment       0x0000000000000023       0x24 ../RX_bsp/\libhal_bsp.a(alt_errno.o)
 .comment       0x0000000000000023       0x24 ../RX_bsp/\libhal_bsp.a(alt_icache_flush_all.o)
 .comment       0x0000000000000023       0x24 ../RX_bsp/\libhal_bsp.a(alt_io_redirect.o)
 .comment       0x0000000000000023       0x24 ../RX_bsp/\libhal_bsp.a(alt_open.o)
 .comment       0x0000000000000023       0x24 ../RX_bsp/\libhal_bsp.a(alt_release_fd.o)
 .comment       0x0000000000000023       0x24 ../RX_bsp/\libhal_bsp.a(altera_nios2_qsys_irq.o)
 .comment       0x0000000000000023       0x24 ../RX_bsp/\libhal_bsp.a(alt_find_dev.o)
 .comment       0x0000000000000023       0x24 ../RX_bsp/\libhal_bsp.a(alt_find_file.o)
 .comment       0x0000000000000023       0x24 ../RX_bsp/\libhal_bsp.a(alt_get_fd.o)
 .comment       0x0000000000000023       0x24 c:/intelfpga_lite/18.1/nios2eds/bin/gnu/h-x86_64-mingw32/bin/../lib/gcc/nios2-elf/5.3.0/../../../../../H-x86_64-mingw32/nios2-elf/lib/mno-hw-mul\libsmallc.a(lib_a-atexit.o)
 .comment       0x0000000000000023       0x24 c:/intelfpga_lite/18.1/nios2eds/bin/gnu/h-x86_64-mingw32/bin/../lib/gcc/nios2-elf/5.3.0/../../../../../H-x86_64-mingw32/nios2-elf/lib/mno-hw-mul\libsmallc.a(lib_a-exit.o)
 .comment       0x0000000000000023       0x24 c:/intelfpga_lite/18.1/nios2eds/bin/gnu/h-x86_64-mingw32/bin/../lib/gcc/nios2-elf/5.3.0/../../../../../H-x86_64-mingw32/nios2-elf/lib/mno-hw-mul\libsmallc.a(lib_a-int_errno.o)
 .comment       0x0000000000000023       0x24 c:/intelfpga_lite/18.1/nios2eds/bin/gnu/h-x86_64-mingw32/bin/../lib/gcc/nios2-elf/5.3.0/../../../../../H-x86_64-mingw32/nios2-elf/lib/mno-hw-mul\libsmallc.a(lib_a-memcmp.o)
 .comment       0x0000000000000023       0x24 c:/intelfpga_lite/18.1/nios2eds/bin/gnu/h-x86_64-mingw32/bin/../lib/gcc/nios2-elf/5.3.0/../../../../../H-x86_64-mingw32/nios2-elf/lib/mno-hw-mul\libsmallc.a(lib_a-strlen.o)
 .comment       0x0000000000000023       0x24 c:/intelfpga_lite/18.1/nios2eds/bin/gnu/h-x86_64-mingw32/bin/../lib/gcc/nios2-elf/5.3.0/../../../../../H-x86_64-mingw32/nios2-elf/lib/mno-hw-mul\libsmallc.a(lib_a-__atexit.o)
 .comment       0x0000000000000023       0x24 c:/intelfpga_lite/18.1/nios2eds/bin/gnu/h-x86_64-mingw32/bin/../lib/gcc/nios2-elf/5.3.0/../../../../../H-x86_64-mingw32/nios2-elf/lib/mno-hw-mul\libsmallc.a(lib_a-__call_atexit.o)
 .comment       0x0000000000000023       0x24 c:/intelfpga_lite/18.1/nios2eds/bin/gnu/h-x86_64-mingw32/bin/../lib/gcc/nios2-elf/5.3.0/../../../../../H-x86_64-mingw32/nios2-elf/lib/mno-hw-mul\libsmallc.a(lib_a-impure.o)
 .comment       0x0000000000000023       0x24 c:/intelfpga_lite/18.1/nios2eds/bin/gnu/h-x86_64-mingw32/bin/../lib/gcc/nios2-elf/5.3.0/mno-hw-mul\libgcc.a(lib2-mul.o)
 .comment       0x0000000000000023       0x24 ../RX_bsp/\libhal_bsp.a(alt_exit.o)

.debug
 *(.debug)

.line
 *(.line)

.debug_srcinfo
 *(.debug_srcinfo)

.debug_sfnames
 *(.debug_sfnames)

.debug_aranges  0x0000000000000000      0x410
 *(.debug_aranges)
 .debug_aranges
                0x0000000000000000       0x28 ../RX_bsp//obj/HAL/src/crt0.o
 .debug_aranges
                0x0000000000000028       0x20 obj/default/RX.o
 .debug_aranges
                0x0000000000000048       0x20 ../RX_bsp/\libhal_bsp.a(alt_load.o)
 .debug_aranges
                0x0000000000000068       0x20 ../RX_bsp/\libhal_bsp.a(alt_main.o)
 .debug_aranges
                0x0000000000000088       0x20 ../RX_bsp/\libhal_bsp.a(alt_sys_init.o)
 .debug_aranges
                0x00000000000000a8       0x20 ../RX_bsp/\libhal_bsp.a(altera_avalon_jtag_uart_fd.o)
 .debug_aranges
                0x00000000000000c8       0x20 ../RX_bsp/\libhal_bsp.a(altera_avalon_jtag_uart_read.o)
 .debug_aranges
                0x00000000000000e8       0x20 ../RX_bsp/\libhal_bsp.a(altera_avalon_jtag_uart_write.o)
 .debug_aranges
                0x0000000000000108       0x20 ../RX_bsp/\libhal_bsp.a(alt_close.o)
 .debug_aranges
                0x0000000000000128       0x20 ../RX_bsp/\libhal_bsp.a(alt_dcache_flush_all.o)
 .debug_aranges
                0x0000000000000148       0x20 ../RX_bsp/\libhal_bsp.a(alt_dev.o)
 .debug_aranges
                0x0000000000000168       0x20 ../RX_bsp/\libhal_bsp.a(alt_dev_llist_insert.o)
 .debug_aranges
                0x0000000000000188       0x20 ../RX_bsp/\libhal_bsp.a(alt_do_ctors.o)
 .debug_aranges
                0x00000000000001a8       0x20 ../RX_bsp/\libhal_bsp.a(alt_do_dtors.o)
 .debug_aranges
                0x00000000000001c8       0x18 ../RX_bsp/\libhal_bsp.a(alt_errno.o)
 .debug_aranges
                0x00000000000001e0       0x20 ../RX_bsp/\libhal_bsp.a(alt_icache_flush_all.o)
 .debug_aranges
                0x0000000000000200       0x20 ../RX_bsp/\libhal_bsp.a(alt_io_redirect.o)
 .debug_aranges
                0x0000000000000220       0x20 ../RX_bsp/\libhal_bsp.a(alt_open.o)
 .debug_aranges
                0x0000000000000240       0x20 ../RX_bsp/\libhal_bsp.a(alt_release_fd.o)
 .debug_aranges
                0x0000000000000260       0x20 ../RX_bsp/\libhal_bsp.a(altera_nios2_qsys_irq.o)
 .debug_aranges
                0x0000000000000280       0x20 ../RX_bsp/\libhal_bsp.a(alt_find_dev.o)
 .debug_aranges
                0x00000000000002a0       0x20 ../RX_bsp/\libhal_bsp.a(alt_find_file.o)
 .debug_aranges
                0x00000000000002c0       0x20 ../RX_bsp/\libhal_bsp.a(alt_get_fd.o)
 .debug_aranges
                0x00000000000002e0       0x20 c:/intelfpga_lite/18.1/nios2eds/bin/gnu/h-x86_64-mingw32/bin/../lib/gcc/nios2-elf/5.3.0/../../../../../H-x86_64-mingw32/nios2-elf/lib/mno-hw-mul\libsmallc.a(lib_a-atexit.o)
 .debug_aranges
                0x0000000000000300       0x20 c:/intelfpga_lite/18.1/nios2eds/bin/gnu/h-x86_64-mingw32/bin/../lib/gcc/nios2-elf/5.3.0/../../../../../H-x86_64-mingw32/nios2-elf/lib/mno-hw-mul\libsmallc.a(lib_a-exit.o)
 .debug_aranges
                0x0000000000000320       0x18 c:/intelfpga_lite/18.1/nios2eds/bin/gnu/h-x86_64-mingw32/bin/../lib/gcc/nios2-elf/5.3.0/../../../../../H-x86_64-mingw32/nios2-elf/lib/mno-hw-mul\libsmallc.a(lib_a-int_errno.o)
 .debug_aranges
                0x0000000000000338       0x20 c:/intelfpga_lite/18.1/nios2eds/bin/gnu/h-x86_64-mingw32/bin/../lib/gcc/nios2-elf/5.3.0/../../../../../H-x86_64-mingw32/nios2-elf/lib/mno-hw-mul\libsmallc.a(lib_a-memcmp.o)
 .debug_aranges
                0x0000000000000358       0x20 c:/intelfpga_lite/18.1/nios2eds/bin/gnu/h-x86_64-mingw32/bin/../lib/gcc/nios2-elf/5.3.0/../../../../../H-x86_64-mingw32/nios2-elf/lib/mno-hw-mul\libsmallc.a(lib_a-strlen.o)
 .debug_aranges
                0x0000000000000378       0x20 c:/intelfpga_lite/18.1/nios2eds/bin/gnu/h-x86_64-mingw32/bin/../lib/gcc/nios2-elf/5.3.0/../../../../../H-x86_64-mingw32/nios2-elf/lib/mno-hw-mul\libsmallc.a(lib_a-__atexit.o)
 .debug_aranges
                0x0000000000000398       0x20 c:/intelfpga_lite/18.1/nios2eds/bin/gnu/h-x86_64-mingw32/bin/../lib/gcc/nios2-elf/5.3.0/../../../../../H-x86_64-mingw32/nios2-elf/lib/mno-hw-mul\libsmallc.a(lib_a-__call_atexit.o)
 .debug_aranges
                0x00000000000003b8       0x18 c:/intelfpga_lite/18.1/nios2eds/bin/gnu/h-x86_64-mingw32/bin/../lib/gcc/nios2-elf/5.3.0/../../../../../H-x86_64-mingw32/nios2-elf/lib/mno-hw-mul\libsmallc.a(lib_a-impure.o)
 .debug_aranges
                0x00000000000003d0       0x20 c:/intelfpga_lite/18.1/nios2eds/bin/gnu/h-x86_64-mingw32/bin/../lib/gcc/nios2-elf/5.3.0/mno-hw-mul\libgcc.a(lib2-mul.o)
 .debug_aranges
                0x00000000000003f0       0x20 ../RX_bsp/\libhal_bsp.a(alt_exit.o)

.debug_pubnames
 *(.debug_pubnames)

.debug_info     0x0000000000000000     0x4778
 *(.debug_info .gnu.linkonce.wi.*)
 .debug_info    0x0000000000000000       0xba ../RX_bsp//obj/HAL/src/crt0.o
 .debug_info    0x00000000000000ba       0xa2 obj/default/RX.o
 .debug_info    0x000000000000015c      0x145 ../RX_bsp/\libhal_bsp.a(alt_load.o)
 .debug_info    0x00000000000002a1      0x131 ../RX_bsp/\libhal_bsp.a(alt_main.o)
 .debug_info    0x00000000000003d2      0x3c9 ../RX_bsp/\libhal_bsp.a(alt_sys_init.o)
 .debug_info    0x000000000000079b      0x3a7 ../RX_bsp/\libhal_bsp.a(altera_avalon_jtag_uart_fd.o)
 .debug_info    0x0000000000000b42      0x1b2 ../RX_bsp/\libhal_bsp.a(altera_avalon_jtag_uart_read.o)
 .debug_info    0x0000000000000cf4      0x195 ../RX_bsp/\libhal_bsp.a(altera_avalon_jtag_uart_write.o)
 .debug_info    0x0000000000000e89      0x321 ../RX_bsp/\libhal_bsp.a(alt_close.o)
 .debug_info    0x00000000000011aa       0x92 ../RX_bsp/\libhal_bsp.a(alt_dcache_flush_all.o)
 .debug_info    0x000000000000123c      0x49c ../RX_bsp/\libhal_bsp.a(alt_dev.o)
 .debug_info    0x00000000000016d8      0x1a9 ../RX_bsp/\libhal_bsp.a(alt_dev_llist_insert.o)
 .debug_info    0x0000000000001881       0x83 ../RX_bsp/\libhal_bsp.a(alt_do_ctors.o)
 .debug_info    0x0000000000001904       0x83 ../RX_bsp/\libhal_bsp.a(alt_do_dtors.o)
 .debug_info    0x0000000000001987       0xa6 ../RX_bsp/\libhal_bsp.a(alt_errno.o)
 .debug_info    0x0000000000001a2d       0x92 ../RX_bsp/\libhal_bsp.a(alt_icache_flush_all.o)
 .debug_info    0x0000000000001abf      0x4a5 ../RX_bsp/\libhal_bsp.a(alt_io_redirect.o)
 .debug_info    0x0000000000001f64      0x3bb ../RX_bsp/\libhal_bsp.a(alt_open.o)
 .debug_info    0x000000000000231f      0x2b0 ../RX_bsp/\libhal_bsp.a(alt_release_fd.o)
 .debug_info    0x00000000000025cf       0x92 ../RX_bsp/\libhal_bsp.a(altera_nios2_qsys_irq.o)
 .debug_info    0x0000000000002661      0x2e9 ../RX_bsp/\libhal_bsp.a(alt_find_dev.o)
 .debug_info    0x000000000000294a      0x2e6 ../RX_bsp/\libhal_bsp.a(alt_find_file.o)
 .debug_info    0x0000000000002c30      0x310 ../RX_bsp/\libhal_bsp.a(alt_get_fd.o)
 .debug_info    0x0000000000002f40       0xfe c:/intelfpga_lite/18.1/nios2eds/bin/gnu/h-x86_64-mingw32/bin/../lib/gcc/nios2-elf/5.3.0/../../../../../H-x86_64-mingw32/nios2-elf/lib/mno-hw-mul\libsmallc.a(lib_a-atexit.o)
 .debug_info    0x000000000000303e       0xe5 c:/intelfpga_lite/18.1/nios2eds/bin/gnu/h-x86_64-mingw32/bin/../lib/gcc/nios2-elf/5.3.0/../../../../../H-x86_64-mingw32/nios2-elf/lib/mno-hw-mul\libsmallc.a(lib_a-exit.o)
 .debug_info    0x0000000000003123       0x8a c:/intelfpga_lite/18.1/nios2eds/bin/gnu/h-x86_64-mingw32/bin/../lib/gcc/nios2-elf/5.3.0/../../../../../H-x86_64-mingw32/nios2-elf/lib/mno-hw-mul\libsmallc.a(lib_a-int_errno.o)
 .debug_info    0x00000000000031ad       0xf4 c:/intelfpga_lite/18.1/nios2eds/bin/gnu/h-x86_64-mingw32/bin/../lib/gcc/nios2-elf/5.3.0/../../../../../H-x86_64-mingw32/nios2-elf/lib/mno-hw-mul\libsmallc.a(lib_a-memcmp.o)
 .debug_info    0x00000000000032a1       0xc9 c:/intelfpga_lite/18.1/nios2eds/bin/gnu/h-x86_64-mingw32/bin/../lib/gcc/nios2-elf/5.3.0/../../../../../H-x86_64-mingw32/nios2-elf/lib/mno-hw-mul\libsmallc.a(lib_a-strlen.o)
 .debug_info    0x000000000000336a      0x64a c:/intelfpga_lite/18.1/nios2eds/bin/gnu/h-x86_64-mingw32/bin/../lib/gcc/nios2-elf/5.3.0/../../../../../H-x86_64-mingw32/nios2-elf/lib/mno-hw-mul\libsmallc.a(lib_a-__atexit.o)
 .debug_info    0x00000000000039b4      0x67b c:/intelfpga_lite/18.1/nios2eds/bin/gnu/h-x86_64-mingw32/bin/../lib/gcc/nios2-elf/5.3.0/../../../../../H-x86_64-mingw32/nios2-elf/lib/mno-hw-mul\libsmallc.a(lib_a-__call_atexit.o)
 .debug_info    0x000000000000402f      0x5a9 c:/intelfpga_lite/18.1/nios2eds/bin/gnu/h-x86_64-mingw32/bin/../lib/gcc/nios2-elf/5.3.0/../../../../../H-x86_64-mingw32/nios2-elf/lib/mno-hw-mul\libsmallc.a(lib_a-impure.o)
 .debug_info    0x00000000000045d8       0xb4 c:/intelfpga_lite/18.1/nios2eds/bin/gnu/h-x86_64-mingw32/bin/../lib/gcc/nios2-elf/5.3.0/mno-hw-mul\libgcc.a(lib2-mul.o)
 .debug_info    0x000000000000468c       0xec ../RX_bsp/\libhal_bsp.a(alt_exit.o)

.debug_abbrev   0x0000000000000000     0x19b9
 *(.debug_abbrev)
 .debug_abbrev  0x0000000000000000       0x12 ../RX_bsp//obj/HAL/src/crt0.o
 .debug_abbrev  0x0000000000000012       0x69 obj/default/RX.o
 .debug_abbrev  0x000000000000007b       0x9f ../RX_bsp/\libhal_bsp.a(alt_load.o)
 .debug_abbrev  0x000000000000011a       0xba ../RX_bsp/\libhal_bsp.a(alt_main.o)
 .debug_abbrev  0x00000000000001d4      0x157 ../RX_bsp/\libhal_bsp.a(alt_sys_init.o)
 .debug_abbrev  0x000000000000032b       0xf7 ../RX_bsp/\libhal_bsp.a(altera_avalon_jtag_uart_fd.o)
 .debug_abbrev  0x0000000000000422       0xd5 ../RX_bsp/\libhal_bsp.a(altera_avalon_jtag_uart_read.o)
 .debug_abbrev  0x00000000000004f7       0xd5 ../RX_bsp/\libhal_bsp.a(altera_avalon_jtag_uart_write.o)
 .debug_abbrev  0x00000000000005cc      0x11f ../RX_bsp/\libhal_bsp.a(alt_close.o)
 .debug_abbrev  0x00000000000006eb       0x42 ../RX_bsp/\libhal_bsp.a(alt_dcache_flush_all.o)
 .debug_abbrev  0x000000000000072d       0xd9 ../RX_bsp/\libhal_bsp.a(alt_dev.o)
 .debug_abbrev  0x0000000000000806      0x114 ../RX_bsp/\libhal_bsp.a(alt_dev_llist_insert.o)
 .debug_abbrev  0x000000000000091a       0x79 ../RX_bsp/\libhal_bsp.a(alt_do_ctors.o)
 .debug_abbrev  0x0000000000000993       0x79 ../RX_bsp/\libhal_bsp.a(alt_do_dtors.o)
 .debug_abbrev  0x0000000000000a0c       0x5a ../RX_bsp/\libhal_bsp.a(alt_errno.o)
 .debug_abbrev  0x0000000000000a66       0x42 ../RX_bsp/\libhal_bsp.a(alt_icache_flush_all.o)
 .debug_abbrev  0x0000000000000aa8      0x114 ../RX_bsp/\libhal_bsp.a(alt_io_redirect.o)
 .debug_abbrev  0x0000000000000bbc      0x148 ../RX_bsp/\libhal_bsp.a(alt_open.o)
 .debug_abbrev  0x0000000000000d04       0xde ../RX_bsp/\libhal_bsp.a(alt_release_fd.o)
 .debug_abbrev  0x0000000000000de2       0x42 ../RX_bsp/\libhal_bsp.a(altera_nios2_qsys_irq.o)
 .debug_abbrev  0x0000000000000e24       0xf0 ../RX_bsp/\libhal_bsp.a(alt_find_dev.o)
 .debug_abbrev  0x0000000000000f14       0xf0 ../RX_bsp/\libhal_bsp.a(alt_find_file.o)
 .debug_abbrev  0x0000000000001004      0x10d ../RX_bsp/\libhal_bsp.a(alt_get_fd.o)
 .debug_abbrev  0x0000000000001111       0xaa c:/intelfpga_lite/18.1/nios2eds/bin/gnu/h-x86_64-mingw32/bin/../lib/gcc/nios2-elf/5.3.0/../../../../../H-x86_64-mingw32/nios2-elf/lib/mno-hw-mul\libsmallc.a(lib_a-atexit.o)
 .debug_abbrev  0x00000000000011bb       0x8b c:/intelfpga_lite/18.1/nios2eds/bin/gnu/h-x86_64-mingw32/bin/../lib/gcc/nios2-elf/5.3.0/../../../../../H-x86_64-mingw32/nios2-elf/lib/mno-hw-mul\libsmallc.a(lib_a-exit.o)
 .debug_abbrev  0x0000000000001246       0x37 c:/intelfpga_lite/18.1/nios2eds/bin/gnu/h-x86_64-mingw32/bin/../lib/gcc/nios2-elf/5.3.0/../../../../../H-x86_64-mingw32/nios2-elf/lib/mno-hw-mul\libsmallc.a(lib_a-int_errno.o)
 .debug_abbrev  0x000000000000127d       0x7f c:/intelfpga_lite/18.1/nios2eds/bin/gnu/h-x86_64-mingw32/bin/../lib/gcc/nios2-elf/5.3.0/../../../../../H-x86_64-mingw32/nios2-elf/lib/mno-hw-mul\libsmallc.a(lib_a-memcmp.o)
 .debug_abbrev  0x00000000000012fc       0x7f c:/intelfpga_lite/18.1/nios2eds/bin/gnu/h-x86_64-mingw32/bin/../lib/gcc/nios2-elf/5.3.0/../../../../../H-x86_64-mingw32/nios2-elf/lib/mno-hw-mul\libsmallc.a(lib_a-strlen.o)
 .debug_abbrev  0x000000000000137b      0x1e6 c:/intelfpga_lite/18.1/nios2eds/bin/gnu/h-x86_64-mingw32/bin/../lib/gcc/nios2-elf/5.3.0/../../../../../H-x86_64-mingw32/nios2-elf/lib/mno-hw-mul\libsmallc.a(lib_a-__atexit.o)
 .debug_abbrev  0x0000000000001561      0x1f6 c:/intelfpga_lite/18.1/nios2eds/bin/gnu/h-x86_64-mingw32/bin/../lib/gcc/nios2-elf/5.3.0/../../../../../H-x86_64-mingw32/nios2-elf/lib/mno-hw-mul\libsmallc.a(lib_a-__call_atexit.o)
 .debug_abbrev  0x0000000000001757      0x14a c:/intelfpga_lite/18.1/nios2eds/bin/gnu/h-x86_64-mingw32/bin/../lib/gcc/nios2-elf/5.3.0/../../../../../H-x86_64-mingw32/nios2-elf/lib/mno-hw-mul\libsmallc.a(lib_a-impure.o)
 .debug_abbrev  0x00000000000018a1       0x6f c:/intelfpga_lite/18.1/nios2eds/bin/gnu/h-x86_64-mingw32/bin/../lib/gcc/nios2-elf/5.3.0/mno-hw-mul\libgcc.a(lib2-mul.o)
 .debug_abbrev  0x0000000000001910       0xa9 ../RX_bsp/\libhal_bsp.a(alt_exit.o)

.debug_line     0x0000000000000000     0x1c95
 *(.debug_line)
 .debug_line    0x0000000000000000       0x66 ../RX_bsp//obj/HAL/src/crt0.o
 .debug_line    0x0000000000000066       0x66 obj/default/RX.o
 .debug_line    0x00000000000000cc       0x8e ../RX_bsp/\libhal_bsp.a(alt_load.o)
 .debug_line    0x000000000000015a       0xa4 ../RX_bsp/\libhal_bsp.a(alt_main.o)
 .debug_line    0x00000000000001fe      0x126 ../RX_bsp/\libhal_bsp.a(alt_sys_init.o)
 .debug_line    0x0000000000000324      0x112 ../RX_bsp/\libhal_bsp.a(altera_avalon_jtag_uart_fd.o)
 .debug_line    0x0000000000000436       0xfd ../RX_bsp/\libhal_bsp.a(altera_avalon_jtag_uart_read.o)
 .debug_line    0x0000000000000533       0xf4 ../RX_bsp/\libhal_bsp.a(altera_avalon_jtag_uart_write.o)
 .debug_line    0x0000000000000627      0x165 ../RX_bsp/\libhal_bsp.a(alt_close.o)
 .debug_line    0x000000000000078c       0x51 ../RX_bsp/\libhal_bsp.a(alt_dcache_flush_all.o)
 .debug_line    0x00000000000007dd       0xf8 ../RX_bsp/\libhal_bsp.a(alt_dev.o)
 .debug_line    0x00000000000008d5       0xcf ../RX_bsp/\libhal_bsp.a(alt_dev_llist_insert.o)
 .debug_line    0x00000000000009a4       0x59 ../RX_bsp/\libhal_bsp.a(alt_do_ctors.o)
 .debug_line    0x00000000000009fd       0x59 ../RX_bsp/\libhal_bsp.a(alt_do_dtors.o)
 .debug_line    0x0000000000000a56       0x51 ../RX_bsp/\libhal_bsp.a(alt_errno.o)
 .debug_line    0x0000000000000aa7       0x4f ../RX_bsp/\libhal_bsp.a(alt_icache_flush_all.o)
 .debug_line    0x0000000000000af6      0x135 ../RX_bsp/\libhal_bsp.a(alt_io_redirect.o)
 .debug_line    0x0000000000000c2b      0x12b ../RX_bsp/\libhal_bsp.a(alt_open.o)
 .debug_line    0x0000000000000d56       0xb0 ../RX_bsp/\libhal_bsp.a(alt_release_fd.o)
 .debug_line    0x0000000000000e06       0x51 ../RX_bsp/\libhal_bsp.a(altera_nios2_qsys_irq.o)
 .debug_line    0x0000000000000e57       0xb5 ../RX_bsp/\libhal_bsp.a(alt_find_dev.o)
 .debug_line    0x0000000000000f0c       0xd1 ../RX_bsp/\libhal_bsp.a(alt_find_file.o)
 .debug_line    0x0000000000000fdd       0xd7 ../RX_bsp/\libhal_bsp.a(alt_get_fd.o)
 .debug_line    0x00000000000010b4       0xe7 c:/intelfpga_lite/18.1/nios2eds/bin/gnu/h-x86_64-mingw32/bin/../lib/gcc/nios2-elf/5.3.0/../../../../../H-x86_64-mingw32/nios2-elf/lib/mno-hw-mul\libsmallc.a(lib_a-atexit.o)
 .debug_line    0x000000000000119b      0x159 c:/intelfpga_lite/18.1/nios2eds/bin/gnu/h-x86_64-mingw32/bin/../lib/gcc/nios2-elf/5.3.0/../../../../../H-x86_64-mingw32/nios2-elf/lib/mno-hw-mul\libsmallc.a(lib_a-exit.o)
 .debug_line    0x00000000000012f4       0x5f c:/intelfpga_lite/18.1/nios2eds/bin/gnu/h-x86_64-mingw32/bin/../lib/gcc/nios2-elf/5.3.0/../../../../../H-x86_64-mingw32/nios2-elf/lib/mno-hw-mul\libsmallc.a(lib_a-int_errno.o)
 .debug_line    0x0000000000001353      0x160 c:/intelfpga_lite/18.1/nios2eds/bin/gnu/h-x86_64-mingw32/bin/../lib/gcc/nios2-elf/5.3.0/../../../../../H-x86_64-mingw32/nios2-elf/lib/mno-hw-mul\libsmallc.a(lib_a-memcmp.o)
 .debug_line    0x00000000000014b3      0x15c c:/intelfpga_lite/18.1/nios2eds/bin/gnu/h-x86_64-mingw32/bin/../lib/gcc/nios2-elf/5.3.0/../../../../../H-x86_64-mingw32/nios2-elf/lib/mno-hw-mul\libsmallc.a(lib_a-strlen.o)
 .debug_line    0x000000000000160f      0x20d c:/intelfpga_lite/18.1/nios2eds/bin/gnu/h-x86_64-mingw32/bin/../lib/gcc/nios2-elf/5.3.0/../../../../../H-x86_64-mingw32/nios2-elf/lib/mno-hw-mul\libsmallc.a(lib_a-__atexit.o)
 .debug_line    0x000000000000181c      0x232 c:/intelfpga_lite/18.1/nios2eds/bin/gnu/h-x86_64-mingw32/bin/../lib/gcc/nios2-elf/5.3.0/../../../../../H-x86_64-mingw32/nios2-elf/lib/mno-hw-mul\libsmallc.a(lib_a-__call_atexit.o)
 .debug_line    0x0000000000001a4e      0x156 c:/intelfpga_lite/18.1/nios2eds/bin/gnu/h-x86_64-mingw32/bin/../lib/gcc/nios2-elf/5.3.0/../../../../../H-x86_64-mingw32/nios2-elf/lib/mno-hw-mul\libsmallc.a(lib_a-impure.o)
 .debug_line    0x0000000000001ba4       0x80 c:/intelfpga_lite/18.1/nios2eds/bin/gnu/h-x86_64-mingw32/bin/../lib/gcc/nios2-elf/5.3.0/mno-hw-mul\libgcc.a(lib2-mul.o)
 .debug_line    0x0000000000001c24       0x71 ../RX_bsp/\libhal_bsp.a(alt_exit.o)

.debug_frame    0x0000000000000000      0x74c
 *(.debug_frame)
 .debug_frame   0x0000000000000000       0x2c obj/default/RX.o
 .debug_frame   0x000000000000002c       0x5c ../RX_bsp/\libhal_bsp.a(alt_load.o)
 .debug_frame   0x0000000000000088       0x2c ../RX_bsp/\libhal_bsp.a(alt_main.o)
 .debug_frame   0x00000000000000b4       0x88 ../RX_bsp/\libhal_bsp.a(alt_sys_init.o)
 .debug_frame   0x000000000000013c       0x60 ../RX_bsp/\libhal_bsp.a(altera_avalon_jtag_uart_fd.o)
 .debug_frame   0x000000000000019c       0x34 ../RX_bsp/\libhal_bsp.a(altera_avalon_jtag_uart_read.o)
 .debug_frame   0x00000000000001d0       0x34 ../RX_bsp/\libhal_bsp.a(altera_avalon_jtag_uart_write.o)
 .debug_frame   0x0000000000000204       0x60 ../RX_bsp/\libhal_bsp.a(alt_close.o)
 .debug_frame   0x0000000000000264       0x34 ../RX_bsp/\libhal_bsp.a(alt_dcache_flush_all.o)
 .debug_frame   0x0000000000000298       0x34 ../RX_bsp/\libhal_bsp.a(alt_dev.o)
 .debug_frame   0x00000000000002cc       0x60 ../RX_bsp/\libhal_bsp.a(alt_dev_llist_insert.o)
 .debug_frame   0x000000000000032c       0x38 ../RX_bsp/\libhal_bsp.a(alt_do_ctors.o)
 .debug_frame   0x0000000000000364       0x38 ../RX_bsp/\libhal_bsp.a(alt_do_dtors.o)
 .debug_frame   0x000000000000039c       0x34 ../RX_bsp/\libhal_bsp.a(alt_icache_flush_all.o)
 .debug_frame   0x00000000000003d0       0x64 ../RX_bsp/\libhal_bsp.a(alt_io_redirect.o)
 .debug_frame   0x0000000000000434       0x8c ../RX_bsp/\libhal_bsp.a(alt_open.o)
 .debug_frame   0x00000000000004c0       0x3c ../RX_bsp/\libhal_bsp.a(alt_release_fd.o)
 .debug_frame   0x00000000000004fc       0x34 ../RX_bsp/\libhal_bsp.a(altera_nios2_qsys_irq.o)
 .debug_frame   0x0000000000000530       0x38 ../RX_bsp/\libhal_bsp.a(alt_find_dev.o)
 .debug_frame   0x0000000000000568       0x38 ../RX_bsp/\libhal_bsp.a(alt_find_file.o)
 .debug_frame   0x00000000000005a0       0x3c ../RX_bsp/\libhal_bsp.a(alt_get_fd.o)
 .debug_frame   0x00000000000005dc       0x20 c:/intelfpga_lite/18.1/nios2eds/bin/gnu/h-x86_64-mingw32/bin/../lib/gcc/nios2-elf/5.3.0/../../../../../H-x86_64-mingw32/nios2-elf/lib/mno-hw-mul\libsmallc.a(lib_a-atexit.o)
 .debug_frame   0x00000000000005fc       0x28 c:/intelfpga_lite/18.1/nios2eds/bin/gnu/h-x86_64-mingw32/bin/../lib/gcc/nios2-elf/5.3.0/../../../../../H-x86_64-mingw32/nios2-elf/lib/mno-hw-mul\libsmallc.a(lib_a-exit.o)
 .debug_frame   0x0000000000000624       0x20 c:/intelfpga_lite/18.1/nios2eds/bin/gnu/h-x86_64-mingw32/bin/../lib/gcc/nios2-elf/5.3.0/../../../../../H-x86_64-mingw32/nios2-elf/lib/mno-hw-mul\libsmallc.a(lib_a-memcmp.o)
 .debug_frame   0x0000000000000644       0x20 c:/intelfpga_lite/18.1/nios2eds/bin/gnu/h-x86_64-mingw32/bin/../lib/gcc/nios2-elf/5.3.0/../../../../../H-x86_64-mingw32/nios2-elf/lib/mno-hw-mul\libsmallc.a(lib_a-strlen.o)
 .debug_frame   0x0000000000000664       0x48 c:/intelfpga_lite/18.1/nios2eds/bin/gnu/h-x86_64-mingw32/bin/../lib/gcc/nios2-elf/5.3.0/../../../../../H-x86_64-mingw32/nios2-elf/lib/mno-hw-mul\libsmallc.a(lib_a-__atexit.o)
 .debug_frame   0x00000000000006ac       0x54 c:/intelfpga_lite/18.1/nios2eds/bin/gnu/h-x86_64-mingw32/bin/../lib/gcc/nios2-elf/5.3.0/../../../../../H-x86_64-mingw32/nios2-elf/lib/mno-hw-mul\libsmallc.a(lib_a-__call_atexit.o)
 .debug_frame   0x0000000000000700       0x20 c:/intelfpga_lite/18.1/nios2eds/bin/gnu/h-x86_64-mingw32/bin/../lib/gcc/nios2-elf/5.3.0/mno-hw-mul\libgcc.a(lib2-mul.o)
 .debug_frame   0x0000000000000720       0x2c ../RX_bsp/\libhal_bsp.a(alt_exit.o)

.debug_str      0x0000000000000000     0x127f
 *(.debug_str)
 .debug_str     0x0000000000000000      0x12e obj/default/RX.o
                                        0x15a (size before relaxing)
 .debug_str     0x000000000000012e      0x18c ../RX_bsp/\libhal_bsp.a(alt_load.o)
                                        0x25e (size before relaxing)
 .debug_str     0x00000000000002ba       0x70 ../RX_bsp/\libhal_bsp.a(alt_main.o)
                                        0x1e9 (size before relaxing)
 .debug_str     0x000000000000032a      0x157 ../RX_bsp/\libhal_bsp.a(alt_sys_init.o)
                                        0x320 (size before relaxing)
 .debug_str     0x0000000000000481       0x77 ../RX_bsp/\libhal_bsp.a(altera_avalon_jtag_uart_fd.o)
                                        0x321 (size before relaxing)
 .debug_str     0x00000000000004f8       0x48 ../RX_bsp/\libhal_bsp.a(altera_avalon_jtag_uart_read.o)
                                        0x26b (size before relaxing)
 .debug_str     0x0000000000000540       0x4a ../RX_bsp/\libhal_bsp.a(altera_avalon_jtag_uart_write.o)
                                        0x261 (size before relaxing)
 .debug_str     0x000000000000058a       0x44 ../RX_bsp/\libhal_bsp.a(alt_close.o)
                                        0x257 (size before relaxing)
 .debug_str     0x00000000000005ce       0x34 ../RX_bsp/\libhal_bsp.a(alt_dcache_flush_all.o)
                                        0x1a1 (size before relaxing)
 .debug_str     0x0000000000000602      0x120 ../RX_bsp/\libhal_bsp.a(alt_dev.o)
                                        0x351 (size before relaxing)
 .debug_str     0x0000000000000722       0x4b ../RX_bsp/\libhal_bsp.a(alt_dev_llist_insert.o)
                                        0x218 (size before relaxing)
 .debug_str     0x000000000000076d       0x48 ../RX_bsp/\libhal_bsp.a(alt_do_ctors.o)
                                        0x11c (size before relaxing)
 .debug_str     0x00000000000007b5       0x4c ../RX_bsp/\libhal_bsp.a(alt_do_dtors.o)
                                        0x11b (size before relaxing)
 .debug_str     0x0000000000000801       0x14 ../RX_bsp/\libhal_bsp.a(alt_errno.o)
                                        0x191 (size before relaxing)
 .debug_str     0x0000000000000815       0x34 ../RX_bsp/\libhal_bsp.a(alt_icache_flush_all.o)
                                        0x1a1 (size before relaxing)
 .debug_str     0x0000000000000849       0x56 ../RX_bsp/\libhal_bsp.a(alt_io_redirect.o)
                                        0x362 (size before relaxing)
 .debug_str     0x000000000000089f       0x36 ../RX_bsp/\libhal_bsp.a(alt_open.o)
                                        0x297 (size before relaxing)
 .debug_str     0x00000000000008d5       0x28 ../RX_bsp/\libhal_bsp.a(alt_release_fd.o)
                                        0x21f (size before relaxing)
 .debug_str     0x00000000000008fd       0x3b ../RX_bsp/\libhal_bsp.a(altera_nios2_qsys_irq.o)
                                        0x1a8 (size before relaxing)
 .debug_str     0x0000000000000938       0x24 ../RX_bsp/\libhal_bsp.a(alt_find_dev.o)
                                        0x238 (size before relaxing)
 .debug_str     0x000000000000095c       0x26 ../RX_bsp/\libhal_bsp.a(alt_find_file.o)
                                        0x246 (size before relaxing)
 .debug_str     0x0000000000000982       0x30 ../RX_bsp/\libhal_bsp.a(alt_get_fd.o)
                                        0x268 (size before relaxing)
 .debug_str     0x00000000000009b2      0x177 c:/intelfpga_lite/18.1/nios2eds/bin/gnu/h-x86_64-mingw32/bin/../lib/gcc/nios2-elf/5.3.0/../../../../../H-x86_64-mingw32/nios2-elf/lib/mno-hw-mul\libsmallc.a(lib_a-atexit.o)
                                        0x21c (size before relaxing)
 .debug_str     0x0000000000000b29       0x4c c:/intelfpga_lite/18.1/nios2eds/bin/gnu/h-x86_64-mingw32/bin/../lib/gcc/nios2-elf/5.3.0/../../../../../H-x86_64-mingw32/nios2-elf/lib/mno-hw-mul\libsmallc.a(lib_a-exit.o)
                                        0x1f0 (size before relaxing)
 .debug_str     0x0000000000000b75       0xd3 c:/intelfpga_lite/18.1/nios2eds/bin/gnu/h-x86_64-mingw32/bin/../lib/gcc/nios2-elf/5.3.0/../../../../../H-x86_64-mingw32/nios2-elf/lib/mno-hw-mul\libsmallc.a(lib_a-int_errno.o)
                                        0x1d8 (size before relaxing)
 .debug_str     0x0000000000000c48       0xe0 c:/intelfpga_lite/18.1/nios2eds/bin/gnu/h-x86_64-mingw32/bin/../lib/gcc/nios2-elf/5.3.0/../../../../../H-x86_64-mingw32/nios2-elf/lib/mno-hw-mul\libsmallc.a(lib_a-memcmp.o)
                                        0x1df (size before relaxing)
 .debug_str     0x0000000000000d28       0x44 c:/intelfpga_lite/18.1/nios2eds/bin/gnu/h-x86_64-mingw32/bin/../lib/gcc/nios2-elf/5.3.0/../../../../../H-x86_64-mingw32/nios2-elf/lib/mno-hw-mul\libsmallc.a(lib_a-strlen.o)
                                        0x1e5 (size before relaxing)
 .debug_str     0x0000000000000d6c      0x2f4 c:/intelfpga_lite/18.1/nios2eds/bin/gnu/h-x86_64-mingw32/bin/../lib/gcc/nios2-elf/5.3.0/../../../../../H-x86_64-mingw32/nios2-elf/lib/mno-hw-mul\libsmallc.a(lib_a-__atexit.o)
                                        0x4ff (size before relaxing)
 .debug_str     0x0000000000001060       0x65 c:/intelfpga_lite/18.1/nios2eds/bin/gnu/h-x86_64-mingw32/bin/../lib/gcc/nios2-elf/5.3.0/../../../../../H-x86_64-mingw32/nios2-elf/lib/mno-hw-mul\libsmallc.a(lib_a-__call_atexit.o)
                                        0x4eb (size before relaxing)
 .debug_str     0x00000000000010c5       0x48 c:/intelfpga_lite/18.1/nios2eds/bin/gnu/h-x86_64-mingw32/bin/../lib/gcc/nios2-elf/5.3.0/../../../../../H-x86_64-mingw32/nios2-elf/lib/mno-hw-mul\libsmallc.a(lib_a-impure.o)
                                        0x4be (size before relaxing)
 .debug_str     0x000000000000110d      0x148 c:/intelfpga_lite/18.1/nios2eds/bin/gnu/h-x86_64-mingw32/bin/../lib/gcc/nios2-elf/5.3.0/mno-hw-mul\libgcc.a(lib2-mul.o)
                                        0x193 (size before relaxing)
 .debug_str     0x0000000000001255       0x2a ../RX_bsp/\libhal_bsp.a(alt_exit.o)
                                        0x19d (size before relaxing)

.debug_loc      0x0000000000000000      0x4a6
 *(.debug_loc)
 .debug_loc     0x0000000000000000       0x2c c:/intelfpga_lite/18.1/nios2eds/bin/gnu/h-x86_64-mingw32/bin/../lib/gcc/nios2-elf/5.3.0/../../../../../H-x86_64-mingw32/nios2-elf/lib/mno-hw-mul\libsmallc.a(lib_a-atexit.o)
 .debug_loc     0x000000000000002c       0x1e c:/intelfpga_lite/18.1/nios2eds/bin/gnu/h-x86_64-mingw32/bin/../lib/gcc/nios2-elf/5.3.0/../../../../../H-x86_64-mingw32/nios2-elf/lib/mno-hw-mul\libsmallc.a(lib_a-exit.o)
 .debug_loc     0x000000000000004a       0x94 c:/intelfpga_lite/18.1/nios2eds/bin/gnu/h-x86_64-mingw32/bin/../lib/gcc/nios2-elf/5.3.0/../../../../../H-x86_64-mingw32/nios2-elf/lib/mno-hw-mul\libsmallc.a(lib_a-memcmp.o)
 .debug_loc     0x00000000000000de       0x1e c:/intelfpga_lite/18.1/nios2eds/bin/gnu/h-x86_64-mingw32/bin/../lib/gcc/nios2-elf/5.3.0/../../../../../H-x86_64-mingw32/nios2-elf/lib/mno-hw-mul\libsmallc.a(lib_a-strlen.o)
 .debug_loc     0x00000000000000fc      0x1c0 c:/intelfpga_lite/18.1/nios2eds/bin/gnu/h-x86_64-mingw32/bin/../lib/gcc/nios2-elf/5.3.0/../../../../../H-x86_64-mingw32/nios2-elf/lib/mno-hw-mul\libsmallc.a(lib_a-__atexit.o)
 .debug_loc     0x00000000000002bc      0x157 c:/intelfpga_lite/18.1/nios2eds/bin/gnu/h-x86_64-mingw32/bin/../lib/gcc/nios2-elf/5.3.0/../../../../../H-x86_64-mingw32/nios2-elf/lib/mno-hw-mul\libsmallc.a(lib_a-__call_atexit.o)
 .debug_loc     0x0000000000000413       0x93 c:/intelfpga_lite/18.1/nios2eds/bin/gnu/h-x86_64-mingw32/bin/../lib/gcc/nios2-elf/5.3.0/mno-hw-mul\libgcc.a(lib2-mul.o)

.debug_macinfo
 *(.debug_macinfo)

.debug_weaknames
 *(.debug_weaknames)

.debug_funcnames
 *(.debug_funcnames)

.debug_typenames
 *(.debug_typenames)

.debug_varnames
 *(.debug_varnames)

.debug_alt_sim_info
                0x0000000000000000       0x10
 *(.debug_alt_sim_info)
 .debug_alt_sim_info
                0x0000000000000000       0x10 ../RX_bsp//obj/HAL/src/crt0.o
                0x000000000000d000                __alt_data_end = 0xd000
                0x000000000000d000                PROVIDE (__alt_stack_pointer, __alt_data_end)
                [!provide]                        PROVIDE (__alt_stack_limit, __alt_stack_base)
                [!provide]                        PROVIDE (__alt_heap_start, end)
                [!provide]                        PROVIDE (__alt_heap_limit, 0xd000)
OUTPUT(RX.elf elf32-littlenios2)

.debug_ranges   0x0000000000000000       0xb0
 .debug_ranges  0x0000000000000000       0x20 ../RX_bsp//obj/HAL/src/crt0.o
 .debug_ranges  0x0000000000000020       0x18 ../RX_bsp/\libhal_bsp.a(altera_avalon_jtag_uart_read.o)
 .debug_ranges  0x0000000000000038       0x10 c:/intelfpga_lite/18.1/nios2eds/bin/gnu/h-x86_64-mingw32/bin/../lib/gcc/nios2-elf/5.3.0/../../../../../H-x86_64-mingw32/nios2-elf/lib/mno-hw-mul\libsmallc.a(lib_a-atexit.o)
 .debug_ranges  0x0000000000000048       0x10 c:/intelfpga_lite/18.1/nios2eds/bin/gnu/h-x86_64-mingw32/bin/../lib/gcc/nios2-elf/5.3.0/../../../../../H-x86_64-mingw32/nios2-elf/lib/mno-hw-mul\libsmallc.a(lib_a-exit.o)
 .debug_ranges  0x0000000000000058       0x10 c:/intelfpga_lite/18.1/nios2eds/bin/gnu/h-x86_64-mingw32/bin/../lib/gcc/nios2-elf/5.3.0/../../../../../H-x86_64-mingw32/nios2-elf/lib/mno-hw-mul\libsmallc.a(lib_a-memcmp.o)
 .debug_ranges  0x0000000000000068       0x10 c:/intelfpga_lite/18.1/nios2eds/bin/gnu/h-x86_64-mingw32/bin/../lib/gcc/nios2-elf/5.3.0/../../../../../H-x86_64-mingw32/nios2-elf/lib/mno-hw-mul\libsmallc.a(lib_a-strlen.o)
 .debug_ranges  0x0000000000000078       0x10 c:/intelfpga_lite/18.1/nios2eds/bin/gnu/h-x86_64-mingw32/bin/../lib/gcc/nios2-elf/5.3.0/../../../../../H-x86_64-mingw32/nios2-elf/lib/mno-hw-mul\libsmallc.a(lib_a-__atexit.o)
 .debug_ranges  0x0000000000000088       0x28 c:/intelfpga_lite/18.1/nios2eds/bin/gnu/h-x86_64-mingw32/bin/../lib/gcc/nios2-elf/5.3.0/../../../../../H-x86_64-mingw32/nios2-elf/lib/mno-hw-mul\libsmallc.a(lib_a-__call_atexit.o)
